06-05 15:14:58.349  1248 11004 V WindowManager: setAppVisibility(Token{e471b86 ActivityRecord{c9f8461 u0 com.smartisanos.launcher/.Launcher t5163}}, visible=false): mNextAppTransition=TRANSIT_APPLICATION_OPEN hidden=false hiddenRequested=false Callers=com.android.server.am.ActivityRecord.setVisibility:1729 com.android.server.am.ActivityRecord.setVisible:1748 com.android.server.am.ActivityStack.makeInvisible:2319 com.android.server.am.ActivityStack.ensureActivitiesVisibleLocked:2111 com.android.server.am.ActivityStackSupervisor.ensureActivitiesVisibleLocked:3712 com.android.server.am.ActivityManagerService.ensureConfigAndVisibilityAfterUpdate:23371 
06-05 15:14:58.349  1248 11004 V WindowManager: setAppVisibility(Token{bb7fabc ActivityRecord{34f1590 u0 com.hcz017.hellojni/.MainActivity t5270}}, visible=true): mNextAppTransition=TRANSIT_APPLICATION_OPEN hidden=true hiddenRequested=false Callers=com.android.server.am.ActivityRecord.setVisibility:1729 com.android.server.am.ActivityRecord.setVisible:1748 com.android.server.am.ActivityRecord.completeResumeLocked:1858 com.android.server.am.ActivityStack.resumeTopActivityInnerLocked:3092 com.android.server.am.ActivityStack.resumeTopActivityUncheckedLocked:2480 com.android.server.am.ActivityStackSupervisor.resumeFocusedStackTopActivityLocked:2262 
06-05 15:14:58.353  1248 11004 V WindowManager: Eval win Window{e3e631d u0 SnapshotStartingWindow for taskId=5270}: isDrawn=true, isAnimationSet=true
06-05 15:14:58.353  1248 11004 V WindowManager: Resize reasons for w=Window{e3e631d u0 SnapshotStartingWindow for taskId=5270}:  contentInsetsChanged=false [0,60][0,0] visibleInsetsChanged=false [0,60][0,0] stableInsetsChanged=false [0,60][0,0] outsetsChanged=false [0,0][0,0] surfaceResized=false configChanged=false dragResizingChanged=false resizedWhileNotDragResizingReported=false reportOrientationChanged=false
06-05 15:14:58.353  1248 11004 V WindowManager: Resizing window Window{e3e631d u0 SnapshotStartingWindow for taskId=5270}
06-05 15:14:58.353  1248 11004 V WindowManager: Eval win Window{a69915d u0 com.hcz017.hellojni/com.hcz017.hellojni.MainActivity}: isDrawn=true, isAnimationSet=true
06-05 15:14:58.353  1248 11004 V WindowManager: tokenMayBeDrawn: AppWindowToken{7cbdbe4 token=Token{bb7fabc ActivityRecord{34f1590 u0 com.hcz017.hellojni/.MainActivity t5270}}} w=Window{a69915d u0 com.hcz017.hellojni/com.hcz017.hellojni.MainActivity} numInteresting=1 freezingScreen=false mAppFreezing=false
06-05 15:14:58.353  1248 11004 V WindowManager: tokenMayBeDrawnExcludingSaved: AppWindowToken{7cbdbe4 token=Token{bb7fabc ActivityRecord{34f1590 u0 com.hcz017.hellojni/.MainActivity t5270}}} w=Window{a69915d u0 com.hcz017.hellojni/com.hcz017.hellojni.MainActivity} numInteresting=1 freezingScreen=false mAppFreezing=false
06-05 15:14:58.353  1248 11004 V WindowManager: Resize reasons for w=Window{318e51e u0 com.android.systemui.ImageWallpaper}:  contentInsetsChanged=false [0,0][0,0] visibleInsetsChanged=true [0,60][0,0] stableInsetsChanged=false [0,60][0,0] outsetsChanged=false [0,0][0,0] surfaceResized=false configChanged=false dragResizingChanged=false resizedWhileNotDragResizingReported=true reportOrientationChanged=false
06-05 15:14:58.353  1248 11004 V WindowManager: Resizing window Window{318e51e u0 com.android.systemui.ImageWallpaper}
06-05 15:14:58.355  1248 11004 V WindowManager: Reporting new frame to Window{318e51e u0 com.android.systemui.ImageWallpaper}: Rect(0, 0 - 1080, 2160)
06-05 15:14:58.355  1248 11004 V WindowManager: Reporting new frame to Window{e3e631d u0 SnapshotStartingWindow for taskId=5270}: Rect(0, 0 - 1080, 2160)
06-05 15:14:58.356  1248 11004 I WindowManager: updateOrientation = com.android.server.wm.DisplayContent.applySurfaceChangesTransaction:3085 com.android.server.wm.RootWindowContainer.applySurfaceChangesTransaction:1038 com.android.server.wm.RootWindowContainer.performSurfacePlacement:752 com.android.server.wm.WindowSurfacePlacer.performSurfacePlacementLoop:215 com.android.server.wm.WindowSurfacePlacer.performSurfacePlacement:164 com.android.server.wm.WindowSurfacePlacer.performSurfacePlacement:151 com.android.server.wm.WindowSurfacePlacer.continueLayout:142 com.android.server.wm.WindowManagerService.continueSurfaceLayout:3488 com.android.server.am.ActivityStack.activityPausedLocked:1571 com.android.server.am.ActivityManagerService.activityPaused:9229 android.app.IActivityManager$Stub.onTransact:317 com.android.server.am.ActivityManagerService.onTransact:3776 android.os.Binder.execTransact:813 <bottom of call stack> <bottom of call stack> <bottom of call stack> 
06-05 15:14:58.356  1248 11004 I WindowManager: getOrientation appwindow = AppWindowToken{7cbdbe4 token=Token{bb7fabc ActivityRecord{34f1590 u0 com.hcz017.hellojni/.MainActivity t5270}}} : isInClose = false , isVis = true , isInOpen = false, istop = true, sendToBottom = false, finishing = false, orient = -1
06-05 15:14:58.356  1248 11004 V WindowManager: App is requesting an orientation, return -1
06-05 15:14:58.358  1248  1581 I SmtPCUtils#WindowManager: removeImmediately: Window{e3e631d u0 SnapshotStartingWindow for taskId=5270 EXITING}
06-05 15:14:58.358  1248  1581 I SmtPCUtils#WindowManager: removeWindowLw: Window{e3e631d u0 SnapshotStartingWindow for taskId=5270 EXITING}
06-05 15:14:58.363  1248  1581 I WindowManager: updateOrientation = com.android.server.wm.WindowState.removeIfPossible:2204 com.android.server.wm.WindowState.removeIfPossible:2072 com.android.server.wm.WindowManagerService.removeWindow:2052 com.android.server.wm.Session.remove:227 com.android.server.wm.TaskSnapshotSurface.remove:268 com.android.server.wm.AppWindowContainerController.lambda$-com_android_server_wm_AppWindowContainerController_36347:793 com.android.server.wm.-$Lambda$Gcx1KjSpk6tDGVL8gS5xoExwbWM.$m$3:4 com.android.server.wm.-$Lambda$Gcx1KjSpk6tDGVL8gS5xoExwbWM.run:23 android.os.Handler.handleCallback:790 android.os.Handler.dispatchMessage:99 android.os.Looper.loop:164 android.os.HandlerThread.run:65 com.android.server.ServiceThread.run:46 <bottom of call stack> <bottom of call stack> <bottom of call stack> 
06-05 15:14:58.363  1797  1797 I Sidebar : SideView :  onActivitiesForeground activity= com.hcz017.hellojni/com.hcz017.hellojni.MainActivity uid= 10257 prvPkgName= com.smartisanos.launcher
06-05 15:14:58.363  1248  1581 I WindowManager: getOrientation appwindow = AppWindowToken{7cbdbe4 token=Token{bb7fabc ActivityRecord{34f1590 u0 com.hcz017.hellojni/.MainActivity t5270}}} : isInClose = false , isVis = true , isInOpen = false, istop = true, sendToBottom = false, finishing = false, orient = -1
06-05 15:14:58.363  1248  1581 V WindowManager: App is requesting an orientation, return -1
06-05 15:14:58.364  2229  2250 D AMapControlService: onActivitiesForeground com.hcz017.hellojni/com.hcz017.hellojni.MainActivity
06-05 15:14:58.364  2229  2276 D AMapControlService: workerCallBack , not use infinity :false
06-05 15:14:58.365  1248  1248 W WindowManager: Failed looking up window callers=com.android.server.wm.WindowManagerService.windowForClientLocked:6869 com.android.server.wm.WindowManagerService.finishDrawingWindow:2751 com.android.server.wm.Session.finishDrawing:280 
06-05 15:14:58.367  1248  3440 I WindowManager: updateOrientation = com.android.server.wm.WindowManagerService.relayoutWindow:2574 com.android.server.wm.Session.relayout:244 android.view.IWindowSession$Stub.onTransact:286 com.android.server.wm.Session.onTransact:168 android.os.Binder.execTransact:813 <bottom of call stack> <bottom of call stack> <bottom of call stack> <bottom of call stack> <bottom of call stack> <bottom of call stack> <bottom of call stack> <bottom of call stack> <bottom of call stack> <bottom of call stack> <bottom of call stack> 
06-05 15:14:58.367  1248  3440 I WindowManager: getOrientation appwindow = AppWindowToken{7cbdbe4 token=Token{bb7fabc ActivityRecord{34f1590 u0 com.hcz017.hellojni/.MainActivity t5270}}} : isInClose = false , isVis = true , isInOpen = false, istop = true, sendToBottom = false, finishing = false, orient = -1
06-05 15:14:58.367  1248  3440 V WindowManager: App is requesting an orientation, return -1
06-05 15:14:58.380   719   886 E SurfaceFlinger: Failed to find layer (SurfaceView - com.smartisanos.launcher/com.smartisanos.launcher.Launcher#0) in layer parent (no-parent).
06-05 15:14:58.380   719   888 E SurfaceFlinger: Failed to find layer (Background for - SurfaceView - com.smartisanos.launcher/com.smartisanos.launcher.Launcher#0) in layer parent (no-parent).
06-05 15:14:58.384  1248  3440 I WindowManager: updateOrientation = com.android.server.wm.WindowManagerService.relayoutWindow:2574 com.android.server.wm.Session.relayout:244 android.view.IWindowSession$Stub.onTransact:286 com.android.server.wm.Session.onTransact:168 android.os.Binder.execTransact:813 <bottom of call stack> <bottom of call stack> <bottom of call stack> <bottom of call stack> <bottom of call stack> <bottom of call stack> <bottom of call stack> <bottom of call stack> <bottom of call stack> <bottom of call stack> <bottom of call stack> 
06-05 15:14:58.384  1248  3440 I WindowManager: getOrientation appwindow = AppWindowToken{7cbdbe4 token=Token{bb7fabc ActivityRecord{34f1590 u0 com.hcz017.hellojni/.MainActivity t5270}}} : isInClose = false , isVis = true , isInOpen = false, istop = true, sendToBottom = false, finishing = false, orient = -1
06-05 15:14:58.384  1248  3440 V WindowManager: App is requesting an orientation, return -1
06-05 15:14:59.058 22932 22932 D MainActivity: step 5 run time: 5.5701353885438145s
06-05 15:14:59.483   837 21834 D AudioFlinger: getActiveClientsByStreamType(), stream type 3, active clients 
06-05 15:15:00.000  1248  1591 W ContextImpl: Calling a method in the system process without a qualified user: android.app.ContextImpl.sendBroadcast:984 com.android.server.AlarmManagerService$DeliveryTracker.deliverLocked:3740 com.android.server.AlarmManagerService.deliverAlarmsLocked:3103 com.android.server.AlarmManagerService$AlarmThread.run:3240 <bottom of call stack> 
06-05 15:15:00.000  1248  1310 W BroadcastQueue: Delivering   to BroadcastFilter{c70c5ec u0 ReceiverList{a31609f 1721 com.android.systemui/10037/u0 remote:a8bba3e}} : BroadcastRecord{da668ea u0 android.intent.action.PRIVATE_TIME_TICK}
06-05 15:15:00.000  1248  1310 W BroadcastQueue: Delivering   to BroadcastFilter{76a352a u-1 ReceiverList{f862e15 1721 com.android.systemui/10037/u-1 remote:be21bcc}} : BroadcastRecord{da668ea u0 android.intent.action.PRIVATE_TIME_TICK}
06-05 15:15:00.000  1248  1591 D AlarmManager: send PRIVATE_TIME_TICK from AlarmManager
06-05 15:15:00.002  1721  1721 W Clock   : action = android.intent.action.PRIVATE_TIME_TICK
06-05 15:15:00.004  1721  1721 D SystemUI: format = h:mm a
06-05 15:15:00.004  1721  1721 W Clock   : curTime = 3:15 PM
06-05 15:15:00.059 22932 22932 D MainActivity: step 6 run time: 6.346673583900075s
06-05 15:15:01.090  2229  2250 D AMapControlService: onActivityPauseBackground com.hcz017.hellojni act:ComponentInfo{com.hcz017.hellojni/com.hcz017.hellojni.MainActivity}
06-05 15:15:01.114 22932 22932 D MainActivity: onResume: cpu name: AArch64 Processor rev 12 (aarch64)
06-05 15:15:01.116 22932 22932 D MainActivity: getCpuInfo: processor	: 0
06-05 15:15:01.118 22932 22932 D MainActivity: onResume: getCpu info[AArch64 Processor rev 12 (aarch64) , :]
06-05 15:15:01.118 22932 22932 D build   : BOARD:sdm710
06-05 15:15:01.118 22932 22932 D build   : BOOTLOADER:unknown
06-05 15:15:01.118 22932 22932 D build   : BRAND:SMARTISAN
06-05 15:15:01.118 22932 22932 D build   : CPU_ABI:armeabi-v7a
06-05 15:15:01.118 22932 22932 D build   : CPU_ABI2:armeabi
06-05 15:15:01.119 22932 22932 D build   : DEVICE:ocean
06-05 15:15:01.119 22932 22932 D build   : DISPLAY:OPM1.171019.026 dev-keys
06-05 15:15:01.119 22932 22932 D build   : FINGERPRINT:SMARTISAN/oxford/oxford:8.1.0/OPM1.171019.026/1554864163:user/dev-keys
06-05 15:15:01.119 22932 22932 D build   : HARDWARE:qcom
06-05 15:15:01.119 22932 22932 D build   : HOST:build12
06-05 15:15:01.119 22932 22932 D build   : ID:OPM1.171019.026
06-05 15:15:01.119 22932 22932 D build   : MANUFACTURER:smartisan
06-05 15:15:01.119 22932 22932 D build   : MODEL:OE106
06-05 15:15:01.119 22932 22932 D build   : PRODUCT:ocean
06-05 15:15:01.119 22932 22932 D build   : RADIO:unknown
06-05 15:15:01.119 22932 22932 D build   : TAGS:dev-keys
06-05 15:15:01.119 22932 22932 D build   : TIME:1554864163000
06-05 15:15:01.119 22932 22932 D build   : TYPE:user
06-05 15:15:01.119 22932 22932 D build   : UNKNOWN:unknown
06-05 15:15:01.120 22932 22932 D build   : USER:smartcm
06-05 15:15:01.120 22932 22932 D build   : VERSION.CODENAME:REL
06-05 15:15:01.120 22932 22932 D build   : VERSION.INCREMENTAL:1
06-05 15:15:01.120 22932 22932 D build   : VERSION.RELEASE:8.1.0
06-05 15:15:01.120 22932 22932 D build   : VERSION.SDK:27
06-05 15:15:01.120 22932 22932 D build   : VERSION.SDK_INT:27
06-05 15:15:01.120 22932 22932 D MainActivity: step 0 run time: 0.8128339039503378s
06-05 15:15:02.063  1734  1907 I zygote64: Explicit concurrent copying GC freed 817(55KB) AllocSpace objects, 0(0B) LOS objects, 53% free, 1331KB/2MB, paused 156us total 34.886ms
06-05 15:15:02.122 22932 22932 D MainActivity: step 1 run time: 1.4408274734905917s
06-05 15:15:03.124 22932 22932 D MainActivity: step 2 run time: 2.2885973406874123s
06-05 15:15:04.126 22932 22932 D MainActivity: step 3 run time: 3.7578519718814363s
06-05 15:15:04.189  1248  1603 D WindowManager: interceptKeyTq keycode=290 down=true interactive=true keyguardActive=false policyFlags=22000000
06-05 15:15:04.189  1248  1603 D WindowManager: interceptKeyBeforeQueueing isWakeKey=false isInjected= false result= 1
06-05 15:15:04.189  1248  1603 D VibratorService: Turning vibrator off.
06-05 15:15:04.190   695   695 I VibSvcHIDL: turn vibrator off
06-05 15:15:04.192   695   695 I VibSvcHIDL: effect: 19, strength:1, feedback: 2002
06-05 15:15:04.194  1248  1603 D WindowManager: interceptKeyBeforeQueueing keycode=290 result: 0
06-05 15:15:04.194  1248  1603 D WindowManager: interceptKeyTq keycode=290 down=false interactive=true keyguardActive=false policyFlags=22000000
06-05 15:15:04.194  1248  1603 D WindowManager: interceptKeyBeforeQueueing isWakeKey=false isInjected= false result= 1
06-05 15:15:04.194  1248  1603 D WindowManager: interceptKeyBeforeQueueing keycode=290 result: 0
06-05 15:15:04.214  1248  1248 E VibratorService: Vibration finished, cleaning up
06-05 15:15:04.214  1248  1248 D VibratorService: Turning vibrator off.
06-05 15:15:04.215   695   695 I VibSvcHIDL: turn vibrator off
06-05 15:15:04.570  1248  1603 D WindowManager: interceptKeyTq keycode=3 down=true interactive=true keyguardActive=false policyFlags=22000000
06-05 15:15:04.571  1248  1603 D WindowManager: interceptKeyBeforeQueueing isWakeKey=false isInjected= false result= 1
06-05 15:15:04.571  1248  1603 D WindowManager: mSqueezeSideDownAction=side_bar mSqueezeSideUpAction=torch mPowerKeyTriggered=false mHomeKeyTriggered=true mMenuKeyTriggered=false mBackKeyTriggered=false mVolumeUpKeyTriggered=false mVolumeDownKeyTriggered=false mBrightnessUpKeyTriggered=false mBrightnessDownKeyTriggered=false mSmartKeyTriggered=false
06-05 15:15:04.571  1248  1603 D WindowManager: null is detected
06-05 15:15:04.571  1248  1603 D WindowManager: interceptKeyBeforeQueueing home key passToUser: true
06-05 15:15:04.571  1248  1603 D WindowManager: interceptKeyBeforeQueueing keycode=3 result: 1
06-05 15:15:04.571  1248  1603 D WindowManager: interceptKeyTq keycode=3 down=false interactive=true keyguardActive=false policyFlags=22000000
06-05 15:15:04.572  1248  1603 D WindowManager: interceptKeyBeforeQueueing isWakeKey=false isInjected= false result= 1
06-05 15:15:04.572  1248  1603 D WindowManager: cancelLongPressOnHome, wake lock isHeld: false
06-05 15:15:04.572  1248  1603 D WindowManager: interceptKeyBeforeQueueing home key passToUser: true
06-05 15:15:04.572  1248  1603 D WindowManager: interceptKeyBeforeQueueing keycode=3 result: 1
06-05 15:15:04.572  1248  1311 I WindowManager: sendVoiceKeyUpActionCheckedInUiThread  :false
06-05 15:15:04.573  1248  1602 D WindowManager: interceptKeyTi keyCode=3 down=true repeatCount=0 keyguardOn=false canceled=false deviceId:6 interactive:true lunched:screenshot
06-05 15:15:04.573  1248  1602 D WindowManager: Before dispatch: keyCode=3 keyTime=18317241 Down=true alreadyUp=true consumed=false now=18317145 timeout=18317641 win=Window{a69915d u0 com.hcz017.hellojni/com.hcz017.hellojni.MainActivity}
06-05 15:15:04.574  1248  1602 D WindowManager: interceptKeyTi keyCode=3 down=false repeatCount=0 keyguardOn=false canceled=false deviceId:6 interactive:true lunched:screenshot
06-05 15:15:04.574  1248  1602 D WindowManager: Before dispatch: keyCode=3 keyTime=18317241 Down=false alreadyUp=true consumed=false now=18317145 timeout=18317641 win=Window{a69915d u0 com.hcz017.hellojni/com.hcz017.hellojni.MainActivity}
06-05 15:15:04.581  1248  1602 I WindowManager: launchHomeFromHotKey  startDockOrHome
06-05 15:15:04.582  1248  1602 I WindowManager: startDockOrHome , will be home,  finally launch:Intent { act=android.intent.action.MAIN cat=[android.intent.category.HOME] flg=0x10200000 (has extras) }
06-05 15:15:04.585  1721  1721 D Tile.MobileDataTile: refreshState
06-05 15:15:04.585  1721  1721 D Tile.PowerSaveTile: refreshState
06-05 15:15:04.591  1721  2342 D Tile.MobileDataTile: handleRefreshState label: 蜂窝移动数据
06-05 15:15:04.591  1721  2342 D Tile.MobileDataTile: handleMessage for: handleRefreshState
06-05 15:15:04.591  1721  2342 D Tile.PowerSaveTile: handleRefreshState label: 省电模式
06-05 15:15:04.591  1721  2342 D Tile.PowerSaveTile: handleMessage for: handleRefreshState
06-05 15:15:04.593  1248  1602 I ActivityManager: START u0 {act=android.intent.action.MAIN cat=[android.intent.category.HOME] flg=0x10200000 cmp=com.smartisanos.launcher/.Launcher (has extras)} from uid 1000
06-05 15:15:04.603  1248  1602 D         : SurfaceMonitor closed!
06-05 15:15:04.616  1248  1602 V WindowManager: setAppVisibility(Token{e471b86 ActivityRecord{c9f8461 u0 com.smartisanos.launcher/.Launcher t5163}}, visible=true): mNextAppTransition=TRANSIT_APPLICATION_OPEN hidden=true hiddenRequested=true Callers=com.android.server.am.ActivityRecord.setVisibility:1729 com.android.server.am.ActivityStack.resumeTopActivityInnerLocked:2956 com.android.server.am.ActivityStack.resumeTopActivityUncheckedLocked:2480 com.android.server.am.ActivityStackSupervisor.resumeFocusedStackTopActivityLocked:2274 com.android.server.am.ActivityStackSupervisor.resumeFocusedStackTopActivityLocked:2251 com.android.server.am.ActivityStack.moveTaskToFrontInternalLocked:5145 
06-05 15:15:04.620  1248  1602 I WindowManager: updateOrientation = com.android.server.wm.WindowManagerService.updateOrientationFromAppTokensLocked:2975 com.android.server.wm.WindowManagerService.updateOrientationFromAppTokens:2958 com.android.server.am.ActivityStack.resumeTopActivityInnerLocked:2992 com.android.server.am.ActivityStack.resumeTopActivityUncheckedLocked:2480 com.android.server.am.ActivityStackSupervisor.resumeFocusedStackTopActivityLocked:2274 com.android.server.am.ActivityStackSupervisor.resumeFocusedStackTopActivityLocked:2251 com.android.server.am.ActivityStack.moveTaskToFrontInternalLocked:5145 com.android.server.am.ActivityStack.moveTaskToFrontLocked:5048 com.android.server.am.ActivityStarter.setTargetStackAndMoveToFrontIfNeeded:2020 com.android.server.am.ActivityStarter.startActivityUnchecked:1408 com.android.server.am.ActivityStarter.startActivity:1219 com.android.server.am.ActivityStarter.startActivity:724 com.android.server.am.ActivityStarter.startActivityLocked:398 com.android.server.am.ActivityStarter.startActivityMayWait:1041 com.android.server.am.ActivityManagerService.startActivityAsUser:5682 android.app.ContextImpl.startActivityAsUser:905 
06-05 15:15:04.620  1248  1602 I WindowManager: getOrientation appwindow = AppWindowToken{5c147d1 token=Token{e471b86 ActivityRecord{c9f8461 u0 com.smartisanos.launcher/.Launcher t5163}}} : isInClose = false , isVis = false , isInOpen = true, istop = true, sendToBottom = false, finishing = false, orient = 1
06-05 15:15:04.620  1248  1602 V WindowManager: App is requesting an orientation, return 1
06-05 15:15:04.620  1248  1602 V WindowManager: Selected orientation 1, got rotation 0 which has compatible metrics
06-05 15:15:04.621  1248  1602 V WindowManager: setAppVisibility(Token{bb7fabc ActivityRecord{34f1590 u0 com.hcz017.hellojni/.MainActivity t5270}}, visible=false): mNextAppTransition=TRANSIT_APPLICATION_OPEN hidden=false hiddenRequested=false Callers=com.android.server.am.ActivityRecord.setVisibility:1729 com.android.server.am.ActivityRecord.setVisible:1748 com.android.server.am.ActivityStack.makeInvisible:2319 com.android.server.am.ActivityStack.ensureActivitiesVisibleLocked:2111 com.android.server.am.ActivityStackSupervisor.ensureActivitiesVisibleLocked:3712 com.android.server.am.ActivityManagerService.ensureConfigAndVisibilityAfterUpdate:23371 
06-05 15:15:04.622  1248  3440 I WindowManager: updateOrientation = com.android.server.wm.WindowManagerService.relayoutWindow:2574 com.android.server.wm.Session.relayout:244 android.view.IWindowSession$Stub.onTransact:286 com.android.server.wm.Session.onTransact:168 android.os.Binder.execTransact:813 <bottom of call stack> <bottom of call stack> <bottom of call stack> <bottom of call stack> <bottom of call stack> <bottom of call stack> <bottom of call stack> <bottom of call stack> <bottom of call stack> <bottom of call stack> <bottom of call stack> 
06-05 15:15:04.623  1248  3440 I WindowManager: getOrientation appwindow = AppWindowToken{5c147d1 token=Token{e471b86 ActivityRecord{c9f8461 u0 com.smartisanos.launcher/.Launcher t5163}}} : isInClose = false , isVis = false , isInOpen = true, istop = true, sendToBottom = false, finishing = false, orient = 1
06-05 15:15:04.623  1248  3440 V WindowManager: App is requesting an orientation, return 1
06-05 15:15:04.625  1248  3440 V WindowManager: Eval win Window{5baada4 u0 com.smartisanos.launcher/com.smartisanos.launcher.Launcher}: isDrawn=false, isAnimationSet=true
06-05 15:15:04.625  1248  3440 V WindowManager: Not displayed: s=null pv=true mDrawState=NO_SURFACE ph=false th=false a=true
06-05 15:15:04.627  1248  1602 V WindowManager: setAppVisibility(Token{e471b86 ActivityRecord{c9f8461 u0 com.smartisanos.launcher/.Launcher t5163}}, visible=true): mNextAppTransition=TRANSIT_APPLICATION_OPEN hidden=true hiddenRequested=false Callers=com.android.server.am.ActivityRecord.setVisibility:1729 com.android.server.am.ActivityRecord.setVisible:1748 com.android.server.am.ActivityRecord.completeResumeLocked:1858 com.android.server.am.ActivityStack.resumeTopActivityInnerLocked:3092 com.android.server.am.ActivityStack.resumeTopActivityUncheckedLocked:2480 com.android.server.am.ActivityStackSupervisor.resumeFocusedStackTopActivityLocked:2274 
06-05 15:15:04.632  1248  1602 V WindowManager: Eval win Window{5baada4 u0 com.smartisanos.launcher/com.smartisanos.launcher.Launcher}: isDrawn=false, isAnimationSet=true
06-05 15:15:04.632  1248  1602 V WindowManager: Not displayed: s=null pv=true mDrawState=NO_SURFACE ph=false th=false a=true
06-05 15:15:04.638  2229  2250 D AMapControlService: onActivitiesForeground com.smartisanos.launcher/com.smartisanos.launcher.Launcher
06-05 15:15:04.639  1797  1797 I Sidebar : SideView :  onActivitiesForeground activity= com.smartisanos.launcher/com.smartisanos.launcher.Launcher uid= 10023 prvPkgName= com.hcz017.hellojni
06-05 15:15:04.639  2229  2276 D AMapControlService: workerCallBack , not use infinity :false
06-05 15:15:04.647  1248 11011 I WindowManager: createSurface WindowStateAnimator{aa4bd0e com.smartisanos.launcher/com.smartisanos.launcher.Launcher}: mDrawState=DRAW_PENDING
06-05 15:15:04.648   719   719 D         : SurfaceMonitor closed!
06-05 15:15:04.651  1248 11011 I WindowManager: updateOrientation = com.android.server.wm.WindowManagerService.relayoutWindow:2574 com.android.server.wm.Session.relayout:244 android.view.IWindowSession$Stub.onTransact:286 com.android.server.wm.Session.onTransact:168 android.os.Binder.execTransact:813 <bottom of call stack> <bottom of call stack> <bottom of call stack> <bottom of call stack> <bottom of call stack> <bottom of call stack> <bottom of call stack> <bottom of call stack> <bottom of call stack> <bottom of call stack> <bottom of call stack> 
06-05 15:15:04.651  1248 11011 I WindowManager: getOrientation appwindow = AppWindowToken{5c147d1 token=Token{e471b86 ActivityRecord{c9f8461 u0 com.smartisanos.launcher/.Launcher t5163}}} : isInClose = false , isVis = false , isInOpen = true, istop = true, sendToBottom = false, finishing = false, orient = 1
06-05 15:15:04.651  1248 11011 V WindowManager: App is requesting an orientation, return 1
06-05 15:15:04.653  1248 11011 V WindowManager: Eval win Window{5baada4 u0 com.smartisanos.launcher/com.smartisanos.launcher.Launcher}: isDrawn=false, isAnimationSet=true
06-05 15:15:04.653  1248 11011 V WindowManager: Not displayed: s=Surface(name=com.smartisanos.launcher/com.smartisanos.launcher.Launcher) pv=true mDrawState=DRAW_PENDING ph=false th=false a=true
06-05 15:15:04.659   719   719 I chatty  : uid=1000(system) /system/bin/surfaceflinger identical 1 line
06-05 15:15:04.661   719   719 D         : SurfaceMonitor closed!
06-05 15:15:04.682  1721  2203 W Adreno-GSL: <ioctl_ion_cacheoperation:3605>: ioctl fd 64 code 0xc0104906 failed: errno 22 Invalid argument
06-05 15:15:04.720  1248  7868 V WindowManager: finishDrawingLocked: mDrawState=COMMIT_DRAW_PENDING Window{5baada4 u0 com.smartisanos.launcher/com.smartisanos.launcher.Launcher} in Surface(name=com.smartisanos.launcher/com.smartisanos.launcher.Launcher)
06-05 15:15:04.723  1248  1581 V WindowManager: Eval win Window{5baada4 u0 com.smartisanos.launcher/com.smartisanos.launcher.Launcher}: isDrawn=true, isAnimationSet=true
06-05 15:15:04.723  1248  1581 V WindowManager: tokenMayBeDrawn: AppWindowToken{5c147d1 token=Token{e471b86 ActivityRecord{c9f8461 u0 com.smartisanos.launcher/.Launcher t5163}}} w=Window{5baada4 u0 com.smartisanos.launcher/com.smartisanos.launcher.Launcher} numInteresting=1 freezingScreen=false mAppFreezing=false
06-05 15:15:04.723  1248  1581 V WindowManager: tokenMayBeDrawnExcludingSaved: AppWindowToken{5c147d1 token=Token{e471b86 ActivityRecord{c9f8461 u0 com.smartisanos.launcher/.Launcher t5163}}} w=Window{5baada4 u0 com.smartisanos.launcher/com.smartisanos.launcher.Launcher} numInteresting=1 freezingScreen=false mAppFreezing=false
06-05 15:15:04.723  1248  1581 V WindowManager: Resize reasons for w=Window{318e51e u0 com.android.systemui.ImageWallpaper}:  contentInsetsChanged=false [0,0][0,0] visibleInsetsChanged=true [0,0][0,0] stableInsetsChanged=false [0,60][0,0] outsetsChanged=false [0,0][0,0] surfaceResized=false configChanged=false dragResizingChanged=false resizedWhileNotDragResizingReported=true reportOrientationChanged=false
06-05 15:15:04.723  1248  1581 V WindowManager: Resizing window Window{318e51e u0 com.android.systemui.ImageWallpaper}
06-05 15:15:04.725  1248  1581 V WindowManager: Reporting new frame to Window{318e51e u0 com.android.systemui.ImageWallpaper}: Rect(0, 0 - 1080, 2160)
06-05 15:15:04.726  1248  1581 I WindowManager: updateOrientation = com.android.server.wm.DisplayContent.applySurfaceChangesTransaction:3085 com.android.server.wm.RootWindowContainer.applySurfaceChangesTransaction:1038 com.android.server.wm.RootWindowContainer.performSurfacePlacement:752 com.android.server.wm.WindowSurfacePlacer.performSurfacePlacementLoop:215 com.android.server.wm.WindowSurfacePlacer.performSurfacePlacement:164 com.android.server.wm.WindowSurfacePlacer.performSurfacePlacement:151 com.android.server.wm.WindowSurfacePlacer.lambda$-com_android_server_wm_WindowSurfacePlacer_5742:118 com.android.server.wm.-$Lambda$Gcx1KjSpk6tDGVL8gS5xoExwbWM.$m$10:4 com.android.server.wm.-$Lambda$Gcx1KjSpk6tDGVL8gS5xoExwbWM.run:51 android.os.Handler.handleCallback:790 android.os.Handler.dispatchMessage:99 android.os.Looper.loop:164 android.os.HandlerThread.run:65 com.android.server.ServiceThread.run:46 <bottom of call stack> <bottom of call stack> 
06-05 15:15:04.726  1248  1581 I WindowManager: getOrientation appwindow = AppWindowToken{5c147d1 token=Token{e471b86 ActivityRecord{c9f8461 u0 com.smartisanos.launcher/.Launcher t5163}}} : isInClose = false , isVis = true , isInOpen = false, istop = true, sendToBottom = false, finishing = false, orient = 1
06-05 15:15:04.726  1248  1581 V WindowManager: App is requesting an orientation, return 1
06-05 15:15:04.729  1248  7868 I WindowManager: updateOrientation = com.android.server.wm.WindowManagerService.relayoutWindow:2574 com.android.server.wm.Session.relayout:244 android.view.IWindowSession$Stub.onTransact:286 com.android.server.wm.Session.onTransact:168 android.os.Binder.execTransact:813 <bottom of call stack> <bottom of call stack> <bottom of call stack> <bottom of call stack> <bottom of call stack> <bottom of call stack> <bottom of call stack> <bottom of call stack> <bottom of call stack> <bottom of call stack> <bottom of call stack> 
06-05 15:15:04.729  1248  7868 I WindowManager: getOrientation appwindow = AppWindowToken{5c147d1 token=Token{e471b86 ActivityRecord{c9f8461 u0 com.smartisanos.launcher/.Launcher t5163}}} : isInClose = false , isVis = true , isInOpen = false, istop = true, sendToBottom = false, finishing = false, orient = 1
06-05 15:15:04.729  1248  7868 V WindowManager: App is requesting an orientation, return 1
06-05 15:15:04.885  1248  1310 W ActivityManager: Activity stop timeout for ActivityRecord{34f1590 u0 com.hcz017.hellojni/.MainActivity t5270}
06-05 15:15:04.885  1248  1310 I ActivityManager: Activity reported stop, but no longer stopping: ActivityRecord{34f1590 u0 com.hcz017.hellojni/.MainActivity t5270}
06-05 15:15:05.011  1248  1581 V WindowManager: Eval win Window{5baada4 u0 com.smartisanos.launcher/com.smartisanos.launcher.Launcher}: isDrawn=true, isAnimationSet=false
06-05 15:15:05.012  1248  1581 V WindowManager: tokenMayBeDrawn: AppWindowToken{5c147d1 token=Token{e471b86 ActivityRecord{c9f8461 u0 com.smartisanos.launcher/.Launcher t5163}}} w=Window{5baada4 u0 com.smartisanos.launcher/com.smartisanos.launcher.Launcher} numInteresting=1 freezingScreen=false mAppFreezing=false
06-05 15:15:05.012  1248  1581 V WindowManager: tokenMayBeDrawnExcludingSaved: AppWindowToken{5c147d1 token=Token{e471b86 ActivityRecord{c9f8461 u0 com.smartisanos.launcher/.Launcher t5163}}} w=Window{5baada4 u0 com.smartisanos.launcher/com.smartisanos.launcher.Launcher} numInteresting=1 freezingScreen=false mAppFreezing=false
06-05 15:15:05.115  1248  1310 W ActivityManager: Activity pause timeout for ActivityRecord{34f1590 u0 com.hcz017.hellojni/.MainActivity t5270}
06-05 15:15:04.685  1721  2203 W Adreno-GSL: <ioctl_ion_cacheoperation:3605>: ioctl fd 64 code 0xc0104906 failed: errno 22 Invalid argument
06-05 15:15:05.116  2229  2250 D AMapControlService: onActivityPauseBackground com.hcz017.hellojni act:ComponentInfo{com.hcz017.hellojni/com.hcz017.hellojni.MainActivity}
06-05 15:15:05.116  1248  1310 V WindowManager: Clear freezing of Token{bb7fabc ActivityRecord{34f1590 u0 com.hcz017.hellojni/.MainActivity t5270}}: hidden=true freezing=false
06-05 15:15:05.119  1248  1310 I WindowManager: continueLayout without performSurfacePlacement called, skip calling performSurfacePlacement()
06-05 15:15:05.127 22932 22932 D MainActivity: step 4 run time: 4.115167309029579s
06-05 15:15:06.128 22932 22932 D MainActivity: step 5 run time: 5.608757112077348s
06-05 15:15:06.228   837 21834 D AudioFlinger: getActiveClientsByStreamType(), stream type 3, active clients 
06-05 15:15:07.053  1248 11011 I ActivityManager: START u0 {act=android.intent.action.MAIN cat=[android.intent.category.LAUNCHER] flg=0x10200000 cmp=com.hcz017.hellojni/.MainActivity (has extras)} from uid 10023
06-05 15:15:07.069  1248  1581 I WindowManager: createSurface WindowStateAnimator{d634d8d SnapshotStartingWindow for taskId=5270}: mDrawState=DRAW_PENDING
06-05 15:15:07.069  2229  2250 D AMapControlService: onActivityPauseBackground com.smartisanos.launcher act:ComponentInfo{com.smartisanos.launcher/com.smartisanos.launcher.Launcher}
06-05 15:15:07.070   719   719 D         : SurfaceMonitor closed!
06-05 15:15:07.072  1248  1581 I WindowManager: updateOrientation = com.android.server.wm.WindowManagerService.relayoutWindow:2574 com.android.server.wm.Session.relayout:244 com.android.server.wm.TaskSnapshotSurface.create:223 com.android.server.wm.TaskSnapshotController.createStartingSurface:221 com.android.server.wm.SnapshotStartingData.createStartingSurface:39 com.android.server.wm.AppWindowContainerController.lambda$-com_android_server_wm_AppWindowContainerController_5170:158 com.android.server.wm.-$Lambda$Gcx1KjSpk6tDGVL8gS5xoExwbWM.$m$2:4 com.android.server.wm.-$Lambda$Gcx1KjSpk6tDGVL8gS5xoExwbWM.run:19 android.os.Handler.handleCallback:790 android.os.Handler.dispatchMessage:99 android.os.Looper.loop:164 android.os.HandlerThread.run:65 com.android.server.ServiceThread.run:46 <bottom of call stack> <bottom of call stack> <bottom of call stack> 
06-05 15:15:07.072  1248  1581 I WindowManager: getOrientation appwindow = AppWindowToken{7cbdbe4 token=Token{bb7fabc ActivityRecord{34f1590 u0 com.hcz017.hellojni/.MainActivity t5270}}} : isInClose = false , isVis = false , isInOpen = false, istop = true, sendToBottom = false, finishing = false, orient = -1
06-05 15:15:07.072  1248  1581 V WindowManager: App is requesting an orientation, return -1
06-05 15:15:07.072  1248  1581 V WindowManager: Selected orientation -1, got rotation 0 which has compatible metrics
06-05 15:15:07.074  1248  1581 V WindowManager: Eval win Window{a69915d u0 com.hcz017.hellojni/com.hcz017.hellojni.MainActivity}: isDrawn=true, isAnimationSet=false
06-05 15:15:07.074  1248  1581 V WindowManager: tokenMayBeDrawn: AppWindowToken{7cbdbe4 token=Token{bb7fabc ActivityRecord{34f1590 u0 com.hcz017.hellojni/.MainActivity t5270}}} w=Window{a69915d u0 com.hcz017.hellojni/com.hcz017.hellojni.MainActivity} numInteresting=1 freezingScreen=false mAppFreezing=false
06-05 15:15:07.074  1248  1581 V WindowManager: tokenMayBeDrawnExcludingSaved: AppWindowToken{7cbdbe4 token=Token{bb7fabc ActivityRecord{34f1590 u0 com.hcz017.hellojni/.MainActivity t5270}}} w=Window{a69915d u0 com.hcz017.hellojni/com.hcz017.hellojni.MainActivity} numInteresting=1 freezingScreen=false mAppFreezing=false
06-05 15:15:07.080  1248  7868 V WindowManager: Clear freezing of Token{e471b86 ActivityRecord{c9f8461 u0 com.smartisanos.launcher/.Launcher t5163}}: hidden=false freezing=false
06-05 15:15:07.080  1248  1581 V WindowManager: finishDrawingLocked: mDrawState=COMMIT_DRAW_PENDING Window{cf72b42 u0 SnapshotStartingWindow for taskId=5270} in Surface(name=SnapshotStartingWindow for taskId=5270)
06-05 15:15:07.081  1248  7868 V WindowManager: setAppVisibility(Token{bb7fabc ActivityRecord{34f1590 u0 com.hcz017.hellojni/.MainActivity t5270}}, visible=true): mNextAppTransition=TRANSIT_APPLICATION_OPEN hidden=true hiddenRequested=true Callers=com.android.server.am.ActivityRecord.setVisibility:1729 com.android.server.am.ActivityStack.resumeTopActivityInnerLocked:2956 com.android.server.am.ActivityStack.resumeTopActivityUncheckedLocked:2480 com.android.server.am.ActivityStackSupervisor.resumeFocusedStackTopActivityLocked:2262 com.android.server.am.ActivityStack.completePauseLocked:1647 com.android.server.am.ActivityStack.activityPausedLocked:1569 
06-05 15:15:07.083  1248  7868 I WindowManager: updateOrientation = com.android.server.wm.WindowManagerService.updateOrientationFromAppTokensLocked:2975 com.android.server.wm.WindowManagerService.updateOrientationFromAppTokens:2958 com.android.server.am.ActivityStack.resumeTopActivityInnerLocked:2992 com.android.server.am.ActivityStack.resumeTopActivityUncheckedLocked:2480 com.android.server.am.ActivityStackSupervisor.resumeFocusedStackTopActivityLocked:2262 com.android.server.am.ActivityStack.completePauseLocked:1647 com.android.server.am.ActivityStack.activityPausedLocked:1569 com.android.server.am.ActivityManagerService.activityPaused:9229 android.app.IActivityManager$Stub.onTransact:317 com.android.server.am.ActivityManagerService.onTransact:3776 android.os.Binder.execTransact:813 <bottom of call stack> <bottom of call stack> <bottom of call stack> <bottom of call stack> <bottom of call stack> 
06-05 15:15:07.083  1248  7868 I WindowManager: getOrientation appwindow = AppWindowToken{7cbdbe4 token=Token{bb7fabc ActivityRecord{34f1590 u0 com.hcz017.hellojni/.MainActivity t5270}}} : isInClose = false , isVis = false , isInOpen = true, istop = true, sendToBottom = false, finishing = false, orient = -1
06-05 15:15:07.083  1248  7868 V WindowManager: App is requesting an orientation, return -1
06-05 15:15:07.084  1248  7868 V WindowManager: setAppVisibility(Token{e471b86 ActivityRecord{c9f8461 u0 com.smartisanos.launcher/.Launcher t5163}}, visible=false): mNextAppTransition=TRANSIT_APPLICATION_OPEN hidden=false hiddenRequested=false Callers=com.android.server.am.ActivityRecord.setVisibility:1729 com.android.server.am.ActivityRecord.setVisible:1748 com.android.server.am.ActivityStack.makeInvisible:2319 com.android.server.am.ActivityStack.ensureActivitiesVisibleLocked:2111 com.android.server.am.ActivityStackSupervisor.ensureActivitiesVisibleLocked:3712 com.android.server.am.ActivityManagerService.ensureConfigAndVisibilityAfterUpdate:23371 
06-05 15:15:07.084  1248  7868 V WindowManager: setAppVisibility(Token{bb7fabc ActivityRecord{34f1590 u0 com.hcz017.hellojni/.MainActivity t5270}}, visible=true): mNextAppTransition=TRANSIT_APPLICATION_OPEN hidden=true hiddenRequested=false Callers=com.android.server.am.ActivityRecord.setVisibility:1729 com.android.server.am.ActivityRecord.setVisible:1748 com.android.server.am.ActivityRecord.completeResumeLocked:1858 com.android.server.am.ActivityStack.resumeTopActivityInnerLocked:3092 com.android.server.am.ActivityStack.resumeTopActivityUncheckedLocked:2480 com.android.server.am.ActivityStackSupervisor.resumeFocusedStackTopActivityLocked:2262 
06-05 15:15:07.086  1248  7868 V WindowManager: Eval win Window{cf72b42 u0 SnapshotStartingWindow for taskId=5270}: isDrawn=true, isAnimationSet=true
06-05 15:15:07.086  1248  7868 V WindowManager: Resize reasons for w=Window{cf72b42 u0 SnapshotStartingWindow for taskId=5270}:  contentInsetsChanged=false [0,60][0,0] visibleInsetsChanged=false [0,60][0,0] stableInsetsChanged=false [0,60][0,0] outsetsChanged=false [0,0][0,0] surfaceResized=false configChanged=false dragResizingChanged=false resizedWhileNotDragResizingReported=false reportOrientationChanged=false
06-05 15:15:07.086  1248  7868 V WindowManager: Resizing window Window{cf72b42 u0 SnapshotStartingWindow for taskId=5270}
06-05 15:15:07.086  1248  7868 V WindowManager: Eval win Window{a69915d u0 com.hcz017.hellojni/com.hcz017.hellojni.MainActivity}: isDrawn=true, isAnimationSet=true
06-05 15:15:07.086  1248  7868 V WindowManager: tokenMayBeDrawn: AppWindowToken{7cbdbe4 token=Token{bb7fabc ActivityRecord{34f1590 u0 com.hcz017.hellojni/.MainActivity t5270}}} w=Window{a69915d u0 com.hcz017.hellojni/com.hcz017.hellojni.MainActivity} numInteresting=1 freezingScreen=false mAppFreezing=false
06-05 15:15:07.086  1248  7868 V WindowManager: tokenMayBeDrawnExcludingSaved: AppWindowToken{7cbdbe4 token=Token{bb7fabc ActivityRecord{34f1590 u0 com.hcz017.hellojni/.MainActivity t5270}}} w=Window{a69915d u0 com.hcz017.hellojni/com.hcz017.hellojni.MainActivity} numInteresting=1 freezingScreen=false mAppFreezing=false
06-05 15:15:07.086  1248  7868 V WindowManager: Resize reasons for w=Window{318e51e u0 com.android.systemui.ImageWallpaper}:  contentInsetsChanged=false [0,0][0,0] visibleInsetsChanged=true [0,60][0,0] stableInsetsChanged=false [0,60][0,0] outsetsChanged=false [0,0][0,0] surfaceResized=false configChanged=false dragResizingChanged=false resizedWhileNotDragResizingReported=true reportOrientationChanged=false
06-05 15:15:07.086  1248  7868 V WindowManager: Resizing window Window{318e51e u0 com.android.systemui.ImageWallpaper}
06-05 15:15:07.089  1248  7868 V WindowManager: Reporting new frame to Window{318e51e u0 com.android.systemui.ImageWallpaper}: Rect(0, 0 - 1080, 2160)
06-05 15:15:07.089  1248  7868 V WindowManager: Reporting new frame to Window{cf72b42 u0 SnapshotStartingWindow for taskId=5270}: Rect(0, 0 - 1080, 2160)
06-05 15:15:07.090  1248  7868 I WindowManager: updateOrientation = com.android.server.wm.DisplayContent.applySurfaceChangesTransaction:3085 com.android.server.wm.RootWindowContainer.applySurfaceChangesTransaction:1038 com.android.server.wm.RootWindowContainer.performSurfacePlacement:752 com.android.server.wm.WindowSurfacePlacer.performSurfacePlacementLoop:215 com.android.server.wm.WindowSurfacePlacer.performSurfacePlacement:164 com.android.server.wm.WindowSurfacePlacer.performSurfacePlacement:151 com.android.server.wm.WindowSurfacePlacer.continueLayout:142 com.android.server.wm.WindowManagerService.continueSurfaceLayout:3488 com.android.server.am.ActivityStack.activityPausedLocked:1571 com.android.server.am.ActivityManagerService.activityPaused:9229 android.app.IActivityManager$Stub.onTransact:317 com.android.server.am.ActivityManagerService.onTransact:3776 android.os.Binder.execTransact:813 <bottom of call stack> <bottom of call stack> <bottom of call stack> 
06-05 15:15:07.090  1248  7868 I WindowManager: getOrientation appwindow = AppWindowToken{7cbdbe4 token=Token{bb7fabc ActivityRecord{34f1590 u0 com.hcz017.hellojni/.MainActivity t5270}}} : isInClose = false , isVis = true , isInOpen = false, istop = true, sendToBottom = false, finishing = false, orient = -1
06-05 15:15:07.090  1248  7868 V WindowManager: App is requesting an orientation, return -1
06-05 15:15:07.092  1248  1581 I SmtPCUtils#WindowManager: removeImmediately: Window{cf72b42 u0 SnapshotStartingWindow for taskId=5270 EXITING}
06-05 15:15:07.092  1248  1581 I SmtPCUtils#WindowManager: removeWindowLw: Window{cf72b42 u0 SnapshotStartingWindow for taskId=5270 EXITING}
06-05 15:15:07.095  1248  1581 I WindowManager: updateOrientation = com.android.server.wm.WindowState.removeIfPossible:2204 com.android.server.wm.WindowState.removeIfPossible:2072 com.android.server.wm.WindowManagerService.removeWindow:2052 com.android.server.wm.Session.remove:227 com.android.server.wm.TaskSnapshotSurface.remove:268 com.android.server.wm.AppWindowContainerController.lambda$-com_android_server_wm_AppWindowContainerController_36347:793 com.android.server.wm.-$Lambda$Gcx1KjSpk6tDGVL8gS5xoExwbWM.$m$3:4 com.android.server.wm.-$Lambda$Gcx1KjSpk6tDGVL8gS5xoExwbWM.run:23 android.os.Handler.handleCallback:790 android.os.Handler.dispatchMessage:99 android.os.Looper.loop:164 android.os.HandlerThread.run:65 com.android.server.ServiceThread.run:46 <bottom of call stack> <bottom of call stack> <bottom of call stack> 
06-05 15:15:07.095  1248  1581 I WindowManager: getOrientation appwindow = AppWindowToken{7cbdbe4 token=Token{bb7fabc ActivityRecord{34f1590 u0 com.hcz017.hellojni/.MainActivity t5270}}} : isInClose = false , isVis = true , isInOpen = false, istop = true, sendToBottom = false, finishing = false, orient = -1
06-05 15:15:07.095  1248  1581 V WindowManager: App is requesting an orientation, return -1
06-05 15:15:07.096  1248 11011 I WindowManager: updateOrientation = com.android.server.wm.WindowManagerService.relayoutWindow:2574 com.android.server.wm.Session.relayout:244 android.view.IWindowSession$Stub.onTransact:286 com.android.server.wm.Session.onTransact:168 android.os.Binder.execTransact:813 <bottom of call stack> <bottom of call stack> <bottom of call stack> <bottom of call stack> <bottom of call stack> <bottom of call stack> <bottom of call stack> <bottom of call stack> <bottom of call stack> <bottom of call stack> <bottom of call stack> 
06-05 15:15:07.096  1248 11011 I WindowManager: getOrientation appwindow = AppWindowToken{7cbdbe4 token=Token{bb7fabc ActivityRecord{34f1590 u0 com.hcz017.hellojni/.MainActivity t5270}}} : isInClose = false , isVis = true , isInOpen = false, istop = true, sendToBottom = false, finishing = false, orient = -1
06-05 15:15:07.096  1248 11011 V WindowManager: App is requesting an orientation, return -1
06-05 15:15:07.103  1248  1248 W WindowManager: Failed looking up window callers=com.android.server.wm.WindowManagerService.windowForClientLocked:6869 com.android.server.wm.WindowManagerService.finishDrawingWindow:2751 com.android.server.wm.Session.finishDrawing:280 
06-05 15:15:07.106  2229  2250 D AMapControlService: onActivitiesForeground com.hcz017.hellojni/com.hcz017.hellojni.MainActivity
06-05 15:15:07.106  2229  2276 D AMapControlService: workerCallBack , not use infinity :false
06-05 15:15:07.106  1797  1797 I Sidebar : SideView :  onActivitiesForeground activity= com.hcz017.hellojni/com.hcz017.hellojni.MainActivity uid= 10257 prvPkgName= com.smartisanos.launcher
06-05 15:15:07.129   719  2388 E SurfaceFlinger: Failed to find layer (SurfaceView - com.smartisanos.launcher/com.smartisanos.launcher.Launcher#0) in layer parent (no-parent).
06-05 15:15:07.129   719   886 E SurfaceFlinger: Failed to find layer (Background for - SurfaceView - com.smartisanos.launcher/com.smartisanos.launcher.Launcher#0) in layer parent (no-parent).
06-05 15:15:07.132  1248 11011 I WindowManager: updateOrientation = com.android.server.wm.WindowManagerService.relayoutWindow:2574 com.android.server.wm.Session.relayout:244 android.view.IWindowSession$Stub.onTransact:286 com.android.server.wm.Session.onTransact:168 android.os.Binder.execTransact:813 <bottom of call stack> <bottom of call stack> <bottom of call stack> <bottom of call stack> <bottom of call stack> <bottom of call stack> <bottom of call stack> <bottom of call stack> <bottom of call stack> <bottom of call stack> <bottom of call stack> 
06-05 15:15:07.132  1248 11011 I WindowManager: getOrientation appwindow = AppWindowToken{7cbdbe4 token=Token{bb7fabc ActivityRecord{34f1590 u0 com.hcz017.hellojni/.MainActivity t5270}}} : isInClose = false , isVis = true , isInOpen = false, istop = true, sendToBottom = false, finishing = false, orient = -1
06-05 15:15:07.132  1248 11011 V WindowManager: App is requesting an orientation, return -1
06-05 15:15:07.168 22932 22932 D MainActivity: step 6 run time: 6.584771128538165s
06-05 15:15:08.178 22932 22932 I Choreographer: Skipped 426 frames!  The application may be doing too much work on its main thread.
06-05 15:15:08.181  1248  7868 I WindowManager: updateOrientation = com.android.server.wm.WindowManagerService.relayoutWindow:2574 com.android.server.wm.Session.relayout:244 android.view.IWindowSession$Stub.onTransact:286 com.android.server.wm.Session.onTransact:168 android.os.Binder.execTransact:813 <bottom of call stack> <bottom of call stack> <bottom of call stack> <bottom of call stack> <bottom of call stack> <bottom of call stack> <bottom of call stack> <bottom of call stack> <bottom of call stack> <bottom of call stack> <bottom of call stack> 
06-05 15:15:08.181  1248  7868 I WindowManager: getOrientation appwindow = AppWindowToken{7cbdbe4 token=Token{bb7fabc ActivityRecord{34f1590 u0 com.hcz017.hellojni/.MainActivity t5270}}} : isInClose = false , isVis = true , isInOpen = false, istop = true, sendToBottom = false, finishing = false, orient = -1
06-05 15:15:08.181  1248  7868 V WindowManager: App is requesting an orientation, return -1
06-05 15:15:08.192  1248  7868 I ActivityManager: Activity reported stop, but no longer stopping: ActivityRecord{34f1590 u0 com.hcz017.hellojni/.MainActivity t5270}
06-05 15:15:08.193  2229  2250 D AMapControlService: onActivityPauseBackground com.hcz017.hellojni act:ComponentInfo{com.hcz017.hellojni/com.hcz017.hellojni.MainActivity}
06-05 15:15:08.201 26682 26682 I SmtPCUtils#ContextImpl: create default context, displayId: 0, package: com.android.providers.weather
06-05 15:15:08.205 22932 22932 D MainActivity: onResume: cpu name: AArch64 Processor rev 13 (aarch64)
06-05 15:15:08.205 22932 22932 D MainActivity: getCpuInfo: processor	: 0
06-05 15:15:08.206 22932 22932 D MainActivity: onResume: getCpu info[AArch64 Processor rev 13 (aarch64) , :]
06-05 15:15:08.206 22932 22932 D build   : BOARD:sdm710
06-05 15:15:08.206 22932 22932 D build   : BOOTLOADER:unknown
06-05 15:15:08.206 22932 22932 D build   : BRAND:SMARTISAN
06-05 15:15:08.206 22932 22932 D build   : CPU_ABI:armeabi-v7a
06-05 15:15:08.206 22932 22932 D build   : CPU_ABI2:armeabi
06-05 15:15:08.206 22932 22932 D build   : DEVICE:ocean
06-05 15:15:08.206 22932 22932 D build   : DISPLAY:OPM1.171019.026 dev-keys
06-05 15:15:08.206 22932 22932 D build   : FINGERPRINT:SMARTISAN/oxford/oxford:8.1.0/OPM1.171019.026/1554864163:user/dev-keys
06-05 15:15:08.206 22932 22932 D build   : HARDWARE:qcom
06-05 15:15:08.206 22932 22932 D build   : HOST:build12
06-05 15:15:08.206 22932 22932 D build   : ID:OPM1.171019.026
06-05 15:15:08.206 22932 22932 D build   : MANUFACTURER:smartisan
06-05 15:15:08.206 22932 22932 D build   : MODEL:OE106
06-05 15:15:08.206 22932 22932 D build   : PRODUCT:ocean
06-05 15:15:08.206 22932 22932 D build   : RADIO:unknown
06-05 15:15:08.206 22932 22932 D build   : TAGS:dev-keys
06-05 15:15:08.206 22932 22932 D build   : TIME:1554864163000
06-05 15:15:08.206 22932 22932 D build   : TYPE:user
06-05 15:15:08.206 22932 22932 D build   : UNKNOWN:unknown
06-05 15:15:08.206 22932 22932 D build   : USER:smartcm
06-05 15:15:08.206 22932 22932 D build   : VERSION.CODENAME:REL
06-05 15:15:08.206 22932 22932 D build   : VERSION.INCREMENTAL:1
06-05 15:15:08.206 22932 22932 D build   : VERSION.RELEASE:8.1.0
06-05 15:15:08.206 22932 22932 D build   : VERSION.SDK:27
06-05 15:15:08.206 22932 22932 D build   : VERSION.SDK_INT:27
