--------- beginning of main
06-05 15:14:45.842   702   783 E ANDR-PERF-MPCTL: invalid request, no optimizations performed
--------- beginning of system
06-05 15:14:45.843  1248  1374 I PowerManagerService: Going to sleep due to screen timeout (uid 1000)...
06-05 15:14:45.845   826   972 I ThermalEngine: Thermal-Server: Thermal received msg from  config_set
06-05 15:14:45.845   826   972 I ThermalEngine: Thermal-Server: Num of config set request 3
06-05 15:14:45.845   702   783 I Thermal-Lib: Thermal-Lib-Client: Client config query request sent config_set  2
06-05 15:14:45.846   702   783 I chatty  : uid=0(root) vendor.qti.hard identical 1 line
06-05 15:14:45.846   702   783 I Thermal-Lib: Thermal-Lib-Client: Client config query request sent config_set  2
06-05 15:14:45.846   826   972 I ThermalEngine: Thermal-Server: Num of config set request 3
06-05 15:14:45.847   826   974 E ThermalEngine: handle_config_set_sig: Tdps a_idx[i]=0, client_config[0].config.d_setting.device_max_limit 355000000
06-05 15:14:45.847   826   974 E ThermalEngine: handle_config_set_sig: Tdps a_idx[i]=1, client_config[1].config.d_setting.device_max_limit 1747200
06-05 15:14:45.847   702   783 E ANDR-PERF-MPCTL: Switched profile to 9
06-05 15:14:45.847   826   974 E ThermalEngine: handle_config_set_sig: Tdps a_idx[i]=2, client_config[2].config.d_setting.device_max_limit 1708800
06-05 15:14:45.852   719   719 D         : SurfaceMonitor closed!
06-05 15:14:45.870  1248  1374 D         : SurfaceMonitor closed!
06-05 15:14:45.871  1734  1734 I KeyguardUpdateMonitor: handleStartedGoingToSleep updateFingerprintListeningState
06-05 15:14:45.872  1734  1734 I KeyguardUpdateMonitor: shouldListenForFingerprint result true screenOff:true, kv:false, su:false, fr:false, fie:true, pda:false, isps:false,isa:false,obc:false,pmu:false,rfp:false,lbcf:false,ksul:true
06-05 15:14:45.872  1734  1734 I KeyguardFingerprint: startListeningForFingerprint
06-05 15:14:45.876   817  1040 D FingerprintHal: --------------> fingerprint_get_auth_id 
06-05 15:14:45.876   817  1040 D FingerprintHal: --------------> authenticator_id = 12176915783603269162 
06-05 15:14:45.876  1248  1248 V FingerprintService: startAuthentication(com.smartisanos.keyguard)
06-05 15:14:45.876  1248  1248 V FingerprintService: starting client AuthenticationClient(com.smartisanos.keyguard), initiatedByClient = true)
06-05 15:14:45.877   817  1040 D FingerprintHal: --------------> fingerprint_authenticate, op_id 0, gid 0
06-05 15:14:45.877   817  1040 I NVT_FPR_ENG_MAIN: *NVT Received command(6:FPR_AUTHENTICATE)
06-05 15:14:45.877   817  1040 D NVT_FPR_ENG_MAIN: *NVT [273], fpr_command_receiver() DBG: Main state will change!!
06-05 15:14:45.877   817  1040 D NVT_FPR_ENG_MAIN: *NVT [278], fpr_command_receiver() DBG: Currnet command:0x0. Received command: 0x6
06-05 15:14:45.877   817  1040 I NVT_FPR_ENG_MAIN: *NVT authenticate_opid 0
06-05 15:14:45.877   817  1040 I NVT_FPR_ENG_MAIN: *NVT authenticate_gid 0
06-05 15:14:45.877   817  1040 I NVT_FPR_ENG_MAIN: *NVT Authenticate!
06-05 15:14:45.877   817  1040 I NVT_FPR_ENG_MAIN: *NVT Flow Control: set fpr_command.bCancel = TRUE
06-05 15:14:45.877  1248  1248 W FingerprintService: client com.smartisanos.keyguard is authenticating...
06-05 15:14:45.878   817  1051 I NVT_FPR_ENG_PROCESS: *NVT new command=1(FPR_STATE_AUTH), bCancel=1
06-05 15:14:45.880  1734 24943 I KeyguardFingerprint: on current client changed, mCurrentClient = com.smartisanos.keyguard
06-05 15:14:45.896   817  1051 I NVT_FPR_ENG_PROCESS: *NVT retMsg.type=0x7d1
06-05 15:14:45.896   817  1051 I NVT_FPR_ENG_PROCESS: *NVT check retMsg = [0x7d1 0x9e500000 0x31 0x0 0x6833aad0]
06-05 15:14:45.896   817  1051 I NVT_FPR_ENG_PROCESS: *NVT Exit retHandler? TRUE
06-05 15:14:45.912   817  1171 D NVT_FPR_ENG_MAIN: *NVT [569], fpr_interrupt() DBG: Kernel trigger interrupt #233!
06-05 15:14:45.912   817  1051 I NVT_FPR_ENG_PROCESS: *NVT new command=0(FPR_STATE_STANDBY), bCancel=0
06-05 15:14:45.937   817  1051 I NVT_FPR_ENG_PROCESS: *NVT retMsg.type=0x3e9
06-05 15:14:45.937   817  1051 I NVT_FPR_ENG_PROCESS: *NVT check retMsg = [0x3e9 0x3 0x187cd 0x7e9a3256 0x8]
06-05 15:14:45.937   817  1051 I NVT_FPR_ENG_MAIN: *NVT type: 1
06-05 15:14:45.937   817  1051 D FingerprintHal: Receive acquire msg(0x44f)
06-05 15:14:45.937   817  1051 D android.hardware.biometrics.fingerprint@2.1-service: onAcquired(1103)
06-05 15:14:45.937   817  1051 I NVT_FPR_ENG_MAIN: *NVT common message type: 100301, size: 0
06-05 15:14:45.937   817  1051 D CommonCommand_impl: CommonCommand::onCallback called with type 100301, size 0
06-05 15:14:45.937   817  1051 I NVT_FPR_ENG_PROCESS: *NVT Exit retHandler? TRUE
06-05 15:14:45.938  2610  2742 D FprManager: CommonCommandCallback onMessage called with type = 100301, size = 0
06-05 15:14:45.938  2610  2610 V FprManager: handleMessageCallback: type: 100301, length = 0
06-05 15:14:45.938  2610  2610 V FprManager: handleMessageCallback: raw data size = 0
06-05 15:14:45.938  2610  2610 D GeneralCaseParserProxy: type: 100301 infoValue: 0, rawData length: 0
06-05 15:14:45.938  1734  1734 I KeyguardFingerprint: registProxySensor
06-05 15:14:45.939  1248 13881 E zygote64: sensor_event_debug:enable sensor:stk_stk342x Proximity Sensor Wakeup,by package:com.smartisanos.keyguard.KeyguardFingerprintManager
06-05 15:14:45.940   692  1584 I sensors-hal: batch:178, android.sensor.proximity/12, period=1000000, max_latency=0
06-05 15:14:45.940   692  1584 I sensors-hal: batch:187, android.sensor.proximity/12, period=1000000, max_latency=0 request completed
06-05 15:14:45.940   692  1584 I sensors-hal: activate:145, android.sensor.proximity/12 en=1
06-05 15:14:45.941   692  1584 E sensors-hal: activate:152, wakeup_sensor:sensor_name:stk_stk342x Proximity Sensor Wakeup
06-05 15:14:45.941   692  1584 E sensors-hal: activate:153, wakeup_sensor:datatype:proximity
06-05 15:14:45.944   692  1584 I sensors-hal: activate:156, android.sensor.proximity/12 en=1 completed
06-05 15:14:45.945  1734  1734 W FingerprintManager: Invalid acquired message: 1103, 103
06-05 15:14:45.946  1734  1907 I KeyguardFingerprint: fingerprint acquired, grabbing fp wakelock
06-05 15:14:46.089   692 23041 E sensors-hal: ssc_conn_event_cb:334, event[0] msg_id=768, ts=505092195920
06-05 15:14:46.121  1248  1374 I DisplayPowerController: Blocking screen off
06-05 15:14:46.122  1248  1374 I DisplayPowerController: Unblocked screen off after 1 ms
06-05 15:14:46.135  1248  1374 D         : SurfaceMonitor closed!
06-05 15:14:46.147  1248 13881 V WindowManager: Clear freezing of Token{bb7fabc ActivityRecord{34f1590 u0 com.hcz017.hellojni/.MainActivity t5270}}: hidden=false freezing=false
06-05 15:14:46.147  2229  2250 D AMapControlService: onActivityPauseBackground com.hcz017.hellojni act:ComponentInfo{com.hcz017.hellojni/com.hcz017.hellojni.MainActivity}
06-05 15:14:46.147  1248 13881 I WindowManager: continueLayout without performSurfacePlacement called, skip calling performSurfacePlacement()
06-05 15:14:46.154  1248  1363 I DisplayManagerService: Display device changed state: "内置屏幕", OFF
06-05 15:14:46.154   719   719 D SurfaceFlinger: Set power mode=0, type=0 flinger=0x7057a77000
06-05 15:14:46.166   687   687 I SDM     : HWCDisplay::SetPowerMode: display = 0, mode = Off
06-05 15:14:46.166   687   687 I SDM     : DisplayBase::SetDisplayState: Set state = 0, display 0
06-05 15:14:46.166  1248  1603 I InputReader: Reconfiguring input devices.  changes=0x00000004
06-05 15:14:46.169  1248  2160 I OpenGLRenderer: Initialized EGL, version 1.4
06-05 15:14:46.169  1248  2160 D OpenGLRenderer: Swap behavior 2
06-05 15:14:46.200  1721  2203 W Adreno-GSL: <ioctl_ion_cacheoperation:3605>: ioctl fd 64 code 0xc0104906 failed: errno 22 Invalid argument
06-05 15:14:46.202  1721  2203 W Adreno-GSL: <ioctl_ion_cacheoperation:3605>: ioctl fd 64 code 0xc0104906 failed: errno 22 Invalid argument
06-05 15:14:46.285  1248  1647 D SurfaceControl: Excessive delay in setPowerMode()
06-05 15:14:46.285   692   692 I sensors-hal: activate:145, android.sensor.light/39 en=0
06-05 15:14:46.286   692   692 I sensors-hal: activate:156, android.sensor.light/39 en=0 completed
06-05 15:14:46.286   691   691 I QTI PowerHAL: Got set_interactive hint on= 0, count= 190
06-05 15:14:46.286   691   691 E QTI PowerHAL: Error opening /sys/kernel/hbtp/display_pwr: No such file or directory
06-05 15:14:46.286  1248  1374 E zygote64: sensor_event_debug:disable sensor:stk_stk342x Ambient Light Sensor Non-wakeup,by package:com.android.server.power.GlareMonitor
06-05 15:14:46.287  1248  1374 I DreamManagerService: Entering dreamland.
06-05 15:14:46.287  1248  1374 I PowerManagerService: Dozing...
06-05 15:14:46.289  1248  1361 I DreamController: Starting dream: name=ComponentInfo{com.android.systemui/com.android.systemui.doze.DozeService}, isTest=false, canDoze=true, userId=0
06-05 15:14:46.289  1721  1721 D Tile.MobileDataTile: refreshState
06-05 15:14:46.290  1721  1721 D Tile.PowerSaveTile: refreshState
06-05 15:14:46.291   692 23041 E sensors-hal: ssc_conn_event_cb:334, event[0] msg_id=769, ts=505096035900
06-05 15:14:46.291   692 23041 E sensors-hal: handle_sns_client_event:60, prox_event: ts=26303817283689, raw_adc=639, near_far=0, distance=5.000000
06-05 15:14:46.292  1734  1734 I KeyguardFingerprint: sensor is far
06-05 15:14:46.292  1721  2342 D Tile.MobileDataTile: handleRefreshState label: 蜂窝移动数据
06-05 15:14:46.292  1721  2342 D Tile.MobileDataTile: handleMessage for: handleRefreshState
06-05 15:14:46.292  1721  2342 D Tile.PowerSaveTile: handleRefreshState label: 省电模式
06-05 15:14:46.292  1721  2342 D Tile.PowerSaveTile: handleMessage for: handleRefreshState
06-05 15:14:46.292  1721  1721 D DozeService.02c8e85e: new DozeService()
06-05 15:14:46.292  1721  1721 I SmtPCUtils#ContextImpl: create default context, displayId: 0, package: com.android.systemui
06-05 15:14:46.292  1721  1721 D DozeService.02c8e85e: onCreate
06-05 15:14:46.292  1721  1721 V DreamService[DozeService]: onCreate()
06-05 15:14:46.292  1721  1721 V DreamService[DozeService]: finish(): mFinished=false
06-05 15:14:46.292  1721  1721 W DreamService[DozeService]: Finish was called before the dream was attached.
06-05 15:14:46.294  1721  1721 V DreamService[DozeService]: onBind() intent = Intent { act=android.service.dreams.DreamService flg=0x800000 cmp=com.android.systemui/.doze.DozeService }
06-05 15:14:46.295  1721  1721 W DreamService[DozeService]: attach() called after dream already finished
06-05 15:14:46.295  1248 13881 I DreamManagerService: Leaving dreamland.
06-05 15:14:46.295  1248  1361 I DreamManagerService: Performing gentle wake from dream.
06-05 15:14:46.295  1248  1361 I DreamController: Stopping dream: name=ComponentInfo{com.android.systemui/com.android.systemui.doze.DozeService}, isTest=false, canDoze=true, userId=0
06-05 15:14:46.295  1248  1374 I PowerManagerService: Sleeping (uid 1000)...
06-05 15:14:46.297  1721  1721 V DreamService[DozeService]: onDestroy()
06-05 15:14:46.308  1932  2034 I QCNEJ/CndHalConnector: -> SND notifyScreenStateChanged(false)
06-05 15:14:46.309  1932  2034 I QCNEJ/CndHalConnector: -> SND notifyScreenStateChanged(true)
06-05 15:14:46.320  7155  7170 W WallpaperProvider: query uri:content://com.smartisanos.wallpaperprovider/wallpapers, return count 41
06-05 15:14:46.326  7155  7170 W WallpaperProvider: query uri:content://com.smartisanos.wallpaperprovider/wallpapers, return count 25
06-05 15:14:46.329  1734  1734 I KeyguardBackground: mUri count=24 wallpaper_pos=8 latest=25
06-05 15:14:46.345  1721  1721 D Tile.MobileDataTile: refreshState
06-05 15:14:46.345  1721  1721 D Tile.DndSmartisanTile: refreshState
06-05 15:14:46.345  1721  1721 D Tile.PowerSaveTile: refreshState
06-05 15:14:46.346  1721  2342 D Tile.MobileDataTile: handleRefreshState label: 蜂窝移动数据
06-05 15:14:46.346  1721  2342 D Tile.MobileDataTile: handleMessage for: handleRefreshState
06-05 15:14:46.346  1721  2342 D Tile.DndSmartisanTile: handleRefreshState label: 防打扰模式
06-05 15:14:46.346  1721  2342 D Tile.DndSmartisanTile: handleMessage for: handleRefreshState
06-05 15:14:46.346  1721  2342 D Tile.PowerSaveTile: handleRefreshState label: 省电模式
06-05 15:14:46.346  1721  2342 D Tile.PowerSaveTile: handleMessage for: handleRefreshState
06-05 15:14:46.348  2610  2736 D FprManager: notifySystemInfo [101]
06-05 15:14:46.349  2610  2736 D FprManager: doCommand >>> by hw binder
06-05 15:14:46.349  1248  2876 V LocSvc_HIDL_Subscription_jni: screen_status_update
06-05 15:14:46.349  1248  2876 V LocSvc_HIDL_Subscription_jni: [screen_status_update][538] [HC] =>> [HS]
06-05 15:14:46.349   698   698 V LocSvc_HIDL_IzatSubscription: [screenStatusUpdate][566] [HS] <<<<= [HC]
06-05 15:14:46.349   817  1040 D CommonCommand_impl: CommonCommand::runCommand called ### with type 101, size 0
06-05 15:14:46.349   817  1040 D CommonCommand_impl: CommonCommand::runCommand start
06-05 15:14:46.349   817  1040 D FingerprintHal: --------------> ### nvt_run_cmd type = 101, size = 0
06-05 15:14:46.349   817  1040 I NVT_FPR_ENG_MAIN: *NVT Received command(11:FPR_COMMON)
06-05 15:14:46.349   817  1040 I NVT_FPR_ENG_MAIN: *NVT Command: type = 101
06-05 15:14:46.349   817  1040 D CommonCommand_impl: CommonCommand::runCommand end
06-05 15:14:46.349   817  1051 I NVT_FPR_ENG_PROCESS: *NVT new command=15(FPR_STATE_COMMAND), bCancel=0
06-05 15:14:46.349  1248  2876 V LocSvc_HIDL_Subscription_jni: Exit Result 0
06-05 15:14:46.351   817  1051 I NVT_FPR_ENG_PROCESS: *NVT nvt got perf lock
06-05 15:14:46.353   702   783 E ANDR-PERF-OPTSHANDLER: Failed to read 
06-05 15:14:46.353   702   783 E ANDR-PERF-RESOURCEQS: Failed to apply optimization [12, 0]
06-05 15:14:46.354  3678  3678 I DeviceStatusMonitor: onReceive() : Action = android.intent.action.SCREEN_OFF
06-05 15:14:46.356  3678  3678 W UImeServiceVersionUtil: Package com.google.android.googlequicksearchbox not found.
06-05 15:14:46.356  3678  3678 W UImeServiceVersionUtil: Package com.google.android.apps.speechservices not found.
06-05 15:14:46.356  3678  3678 W UImeServiceVersionUtil: Package com.google.android.katniss not found.
06-05 15:14:46.356  3678  3678 W UImeServiceVersionUtil: Package com.google.android.googlequicksearchbox not found.
06-05 15:14:46.356  1734  1734 D KeyguardBackground: Get new wallpapers of shown 2/25 type=STATUSBAR
06-05 15:14:46.357  1734  1734 D KeyguardBackground: Get new wallpapers of shown 2/25 type=BOTTOM
06-05 15:14:46.357  1734  1734 D KeyguardBackground: Get new wallpapers of shown 2/25 type=WALLPAPER
06-05 15:14:46.357  3678  3678 W UImeServiceVersionUtil: Package com.google.android.apps.speechservices not found.
06-05 15:14:46.365   817  1051 I NVT_FPR_ENG_PROCESS: *NVT retMsg.type=0x0
06-05 15:14:46.365   817  1051 I NVT_FPR_ENG_PROCESS: *NVT check retMsg = [0x0 0x0 0x0 0x0 0x0]
06-05 15:14:46.365   817  1051 I NVT_FPR_ENG_MAIN: *NVT type: 0
06-05 15:14:46.365   817  1051 I NVT_FPR_ENG_PROCESS: *NVT Exit retHandler? TRUE
06-05 15:14:46.366  3678  3678 W UImeServiceVersionUtil: Package com.google.android.katniss not found.
06-05 15:14:46.366  3678  3678 I VoiceImeUtils: Cannot handle Voice: flag=true, service=false
06-05 15:14:46.376  1734 23060 V RenderScript: Successfully loaded runtime: libRSDriver_adreno.so
06-05 15:14:46.376  1734  1734 D RenderScript: Setting cache dir: /data/user_de/0/com.smartisanos.keyguard/code_cache
06-05 15:14:46.400  1734  1734 E KeyguardSim: getSimSecurityMode, state 0=READY, state 1=ABSENT
06-05 15:14:46.400  1734  1734 E KeyguardSim: showSimSecurityScreen, getSimSecurityMode()=None
06-05 15:14:46.401  1734  1734 D KeyguardHostView: showSecurityScreen: securityMode  Pattern
06-05 15:14:46.406 13000 13000 D StandbyModeManager: onReceive action: android.intent.action.SCREEN_OFF
06-05 15:14:46.407  1734  1734 I KeyguardHostView: ## setDarkTheme mIsSlideTopLayerDismiss = false
06-05 15:14:46.412  1734  1734 I KeyguardHostView: ## setKeyguardState= ON_SLIDE_VIEW
06-05 15:14:46.414 13000 13000 D MSF.C.LogManager: onReceive broadcastreceiver.action = android.intent.action.SCREEN_OFF
06-05 15:14:46.415  1734  1734 D KeyguardHostView: updateKeyguardBatteryViewfalse
06-05 15:14:46.416  1734  1734 I KeyguardUpdateMonitor: handleKeyguardVisibilityChanged updateFingerprintListeningState
06-05 15:14:46.416  1734  1734 I KeyguardUpdateMonitor: shouldListenForFingerprint result true screenOff:true, kv:true, su:false, fr:false, fie:true, pda:false, isps:false,isa:false,obc:false,pmu:false,rfp:false,lbcf:false,ksul:true
06-05 15:14:46.418 23911 23911 I SoundFloatViewManager: addOrRemoveSoundFloatView keyguard:true state:0 visible:false
06-05 15:14:46.418  2596  2596 E PILLS   : SystemIntentReceiver : Constants.WINDOW_READY false ! abandon action action_keyguard_on
06-05 15:14:46.419  1721  1721 D PhoneStatusBar: disable: < expand icons alerts system_info back HOME* RECENT* clock SEARCH* quick_settings ticker >
06-05 15:14:46.420  2706  2706 E NewLauncher: e : UnlockAnim, ACTION_KEYGUARD_ON isHome:false
06-05 15:14:46.421  1248  1379 W ContextImpl: Calling a method in the system process without a qualified user: android.app.ContextImpl.sendBroadcast:984 com.android.server.pm.PackageManagerService$38.run:27524 android.os.Handler.handleCallback:790 android.os.Handler.dispatchMessage:99 android.os.Looper.loop:164 
06-05 15:14:46.424  1734  1734 I KeyguardUpdateMonitor: handleFinishedGoingToSleep updateFingerprintListeningState
06-05 15:14:46.424  1734  1734 I KeyguardUpdateMonitor: shouldListenForFingerprint result true screenOff:true, kv:true, su:false, fr:false, fie:true, pda:false, isps:false,isa:false,obc:false,pmu:false,rfp:false,lbcf:false,ksul:true
06-05 15:14:46.426 13539 13539 I QMAlarmBroadCast: onAlarmReceive, action: android.intent.action.SCREEN_OFF
06-05 15:14:46.426 13539 13539 I QMAlarmBroadCast: onAlarmReceive, action: android.intent.action.SCREEN_OFF
06-05 15:14:46.426 13539 13539 D QQmail-QMAlarmBroadCast: onAlarmReceive, action: android.intent.action.SCREEN_OFF
06-05 15:14:46.428 14540 14540 I AppStore: [2] BaseApplication.setCount: ScreenMoniterReceiver:false |3
06-05 15:14:46.428  1248 13881 I WindowManager: updateOrientation = com.android.server.wm.WindowManagerService.relayoutWindow:2574 com.android.server.wm.Session.relayout:244 android.view.IWindowSession$Stub.onTransact:286 com.android.server.wm.Session.onTransact:168 android.os.Binder.execTransact:813 <bottom of call stack> <bottom of call stack> <bottom of call stack> <bottom of call stack> <bottom of call stack> <bottom of call stack> <bottom of call stack> <bottom of call stack> <bottom of call stack> <bottom of call stack> <bottom of call stack> 
06-05 15:14:46.428  1248 13881 V WindowManager: Window{588268b u0 Keyguard} forcing orientation to 5
06-05 15:14:46.428  1248 13881 V WindowManager: Selected orientation 5, got rotation 0 which has compatible metrics
06-05 15:14:46.431 14540 14540 I AppStore: [2] BaseApplication.setCount: ScreenMoniterReceiver:true |2
06-05 15:14:46.436  1734  1734 E KeyguardHostView: updateKeyguardBatteryViewInternal : charging -> batteryLevel = 56, time = 18299008
06-05 15:14:46.456  1721  1721 D Tile.MobileDataTile: refreshState
06-05 15:14:46.457  1721  1721 D Tile.PowerSaveTile: refreshState
06-05 15:14:46.458  1721  1721 D PhoneStatusBar: disable: < expand icons alerts system_info BACK* HOME RECENT clock SEARCH quick_settings ticker >
06-05 15:14:46.461  1721  2342 D Tile.MobileDataTile: handleRefreshState label: 蜂窝移动数据
06-05 15:14:46.461  1721  2342 D Tile.MobileDataTile: handleMessage for: handleRefreshState
06-05 15:14:46.461  1721  2342 D Tile.PowerSaveTile: handleRefreshState label: 省电模式
06-05 15:14:46.461  1721  2342 D Tile.PowerSaveTile: handleMessage for: handleRefreshState
06-05 15:14:46.471  1734  1734 E KeyguardQuickCharge: view Width = 1080, height = 1957
06-05 15:14:46.568  1734  1734 E KeyguardQuickCharge: view Width = 1080, height = 1957
06-05 15:14:46.568  1734  1734 I KeyguardHostView: ## setDarkTheme mIsSlideTopLayerDismiss = false
06-05 15:14:46.570  1248 13881 I WindowManager: updateOrientation = com.android.server.wm.WindowManagerService.relayoutWindow:2574 com.android.server.wm.Session.relayout:244 android.view.IWindowSession$Stub.onTransact:286 com.android.server.wm.Session.onTransact:168 android.os.Binder.execTransact:813 <bottom of call stack> <bottom of call stack> <bottom of call stack> <bottom of call stack> <bottom of call stack> <bottom of call stack> <bottom of call stack> <bottom of call stack> <bottom of call stack> <bottom of call stack> <bottom of call stack> 
06-05 15:14:46.570  1248 13881 V WindowManager: Window{588268b u0 Keyguard} forcing orientation to 5
06-05 15:14:46.613  1734  1734 I KeyguardFingerprint: unRegistProxySensor
06-05 15:14:46.613   692   692 I sensors-hal: activate:145, android.sensor.proximity/12 en=0
06-05 15:14:46.613   692   692 E sensors-hal: make_unsuspendable:75, already set, must not set more than once
06-05 15:14:46.613   692   692 E sensors-hal: deactivate:167, wakeup_sensor:Deactivate sensor_name:stk_stk342x Proximity Sensor Wakeup,datatype:proximity
06-05 15:14:46.613   692   692 I sensors-hal: activate:156, android.sensor.proximity/12 en=0 completed
06-05 15:14:46.613  1248 13881 E zygote64: sensor_event_debug:disable sensor:stk_stk342x Proximity Sensor Wakeup,by package:com.smartisanos.keyguard.KeyguardFingerprintManager
06-05 15:14:47.146  1734  1907 I KeyguardFingerprint: releasing fp wakelock
06-05 15:14:47.251   837 21834 D AudioFlinger: getActiveClientsByStreamType(), stream type 3, active clients 
06-05 15:14:49.999  1248  1603 D WindowManager: interceptKeyTq keycode=26 down=true interactive=false keyguardActive=true policyFlags=2000000
06-05 15:14:49.999  1248  1603 D WindowManager: interceptKeyBeforeQueueing isWakeKey=true isInjected= false result= 0
06-05 15:14:50.006  1248  1603 I PowerManagerService: Waking up from sleep (uid=1000 reason=android.policy:KEY:B)...
06-05 15:14:50.007  1248  1603 I PowerManagerService: setProximity stop
06-05 15:14:50.007  1248  1603 D WindowManager: interceptKeyBeforeQueueing keycode=26 result: 0
06-05 15:14:50.007   702   783 E ANDR-PERF-MPCTL: invalid request, no optimizations performed
06-05 15:14:50.009   826   972 I ThermalEngine: Thermal-Server: Thermal received msg from  config_set
06-05 15:14:50.009   826   972 I ThermalEngine: Thermal-Server: Num of config set request 3
06-05 15:14:50.010   702   783 I Thermal-Lib: Thermal-Lib-Client: Client config query request sent config_set  2
06-05 15:14:50.010   702   783 I chatty  : uid=0(root) vendor.qti.hard identical 1 line
06-05 15:14:50.010   702   783 I Thermal-Lib: Thermal-Lib-Client: Client config query request sent config_set  2
06-05 15:14:50.010   826   972 I ThermalEngine: Thermal-Server: Num of config set request 3
06-05 15:14:50.010   826   974 E ThermalEngine: handle_config_set_sig: Tdps a_idx[i]=0, client_config[0].config.d_setting.device_max_limit 355000000
06-05 15:14:50.010   826   974 E ThermalEngine: handle_config_set_sig: Tdps a_idx[i]=1, client_config[1].config.d_setting.device_max_limit 1747200
06-05 15:14:50.010   826   974 E ThermalEngine: handle_config_set_sig: Tdps a_idx[i]=2, client_config[2].config.d_setting.device_max_limit 1708800
06-05 15:14:50.010   702   783 E ANDR-PERF-MPCTL: Switched profile to 1
06-05 15:14:50.010  1248  1374 E zygote64: sensor_event_debug:enable sensor:stk_stk342x Ambient Light Sensor Non-wakeup,by package:com.android.server.power.AutoBrightnessController
06-05 15:14:50.011   692   692 I sensors-hal: batch:178, android.sensor.light/39, period=1000000, max_latency=0
06-05 15:14:50.011   692   692 I sensors-hal: batch:187, android.sensor.light/39, period=1000000, max_latency=0 request completed
06-05 15:14:50.013   692   692 I sensors-hal: activate:145, android.sensor.light/39 en=1
06-05 15:14:50.015  1734  1734 E KeyguardSim: getSimSecurityMode, state 0=READY, state 1=ABSENT
06-05 15:14:50.015  1734  1734 E KeyguardSim: showSimSecurityScreen, getSimSecurityMode()=None
06-05 15:14:50.016  1734  1734 D KeyguardHostView: showSecurityScreen: securityMode  Pattern
06-05 15:14:50.018   692   692 I sensors-hal: activate:156, android.sensor.light/39 en=1 completed
06-05 15:14:50.019  1248  1374 I DisplayPowerController: Blocking screen on until initial contents have been drawn.
06-05 15:14:50.021  1248  1374 E zygote64: sensor_event_debug:enable sensor:stk_stk342x Ambient Light Sensor Non-wakeup,by package:com.android.server.power.GlareMonitor
06-05 15:14:50.021   691   691 I QTI PowerHAL: Got set_interactive hint on= 1, count= 191
06-05 15:14:50.021   691   691 E QTI PowerHAL: Error opening /sys/kernel/hbtp/display_pwr: No such file or directory
06-05 15:14:50.022  1248  1363 I DisplayManagerService: Display device changed state: "内置屏幕", ON
06-05 15:14:50.022   719   719 D SurfaceFlinger: Set power mode=2, type=0 flinger=0x7057a77000
06-05 15:14:50.024   687   687 I SDM     : HWCDisplay::SetPowerMode: display = 0, mode = On
06-05 15:14:50.024   687   687 I SDM     : DisplayBase::SetDisplayState: Set state = 1, display 0
06-05 15:14:50.031  1248  7879 E zygote64: sensor_event_debug:enable sensor:stk_stk342x Proximity Sensor Wakeup,by package:com.smartisanos.keyguard.KeyguardViewManager
06-05 15:14:50.031   692   692 I sensors-hal: batch:178, android.sensor.proximity/12, period=1000000, max_latency=0
06-05 15:14:50.031   692   692 I sensors-hal: batch:187, android.sensor.proximity/12, period=1000000, max_latency=0 request completed
06-05 15:14:50.031   692   692 I sensors-hal: activate:145, android.sensor.proximity/12 en=1
06-05 15:14:50.031   692   692 E sensors-hal: activate:152, wakeup_sensor:sensor_name:stk_stk342x Proximity Sensor Wakeup
06-05 15:14:50.031   692   692 E sensors-hal: activate:153, wakeup_sensor:datatype:proximity
06-05 15:14:50.033  1248  1603 I InputReader: Reconfiguring input devices.  changes=0x00000004
06-05 15:14:50.035   692   692 I sensors-hal: activate:156, android.sensor.proximity/12 en=1 completed
06-05 15:14:50.036  1734  1734 I KeyguardUpdateMonitor: handleStartedWakingUp updateFingerprintListeningState
06-05 15:14:50.036  1734  1734 I KeyguardUpdateMonitor: shouldListenForFingerprint result true screenOff:false, kv:true, su:false, fr:false, fie:true, pda:false, isps:false,isa:false,obc:false,pmu:false,rfp:false,lbcf:false,ksul:true
06-05 15:14:50.053  1248  1374 I DisplayPowerController: Unblocked screen on after 34 ms
06-05 15:14:50.056  1248  7879 I WindowManager: updateOrientation = com.android.server.wm.WindowManagerService.relayoutWindow:2574 com.android.server.wm.Session.relayout:244 android.view.IWindowSession$Stub.onTransact:286 com.android.server.wm.Session.onTransact:168 android.os.Binder.execTransact:813 <bottom of call stack> <bottom of call stack> <bottom of call stack> <bottom of call stack> <bottom of call stack> <bottom of call stack> <bottom of call stack> <bottom of call stack> <bottom of call stack> <bottom of call stack> <bottom of call stack> 
06-05 15:14:50.056  1248  7879 V WindowManager: Window{588268b u0 Keyguard} forcing orientation to 5
06-05 15:14:50.065  1734  1734 E KeyguardQuickCharge: view width = 1080, 1957
06-05 15:14:50.071  1932  2034 I QCNEJ/CndHalConnector: -> SND notifyScreenStateChanged(true)
06-05 15:14:50.071 28410 28410 W Notification: Use of stream types is deprecated for operations other than volume control
06-05 15:14:50.071 28410 28410 W Notification: See the documentation of setSound() for what to use instead with android.media.AudioAttributes to qualify your playback use case
06-05 15:14:50.073  1932  2034 I QCNEJ/CndHalConnector: -> SND notifyScreenStateChanged(false)
06-05 15:14:50.147  2610  2736 D FprManager: notifySystemInfo [100]
06-05 15:14:50.147  2610  2736 D FprManager: doCommand >>> by hw binder
06-05 15:14:50.147  1248  2876 V LocSvc_HIDL_Subscription_jni: screen_status_update
06-05 15:14:50.147  1248  2876 V LocSvc_HIDL_Subscription_jni: [screen_status_update][538] [HC] =>> [HS]
06-05 15:14:50.148   817  1040 D CommonCommand_impl: CommonCommand::runCommand called ### with type 100, size 0
06-05 15:14:50.148   817  1040 D CommonCommand_impl: CommonCommand::runCommand start
06-05 15:14:50.148   817  1040 D FingerprintHal: --------------> ### nvt_run_cmd type = 100, size = 0
06-05 15:14:50.148   817  1040 I NVT_FPR_ENG_MAIN: *NVT Received command(11:FPR_COMMON)
06-05 15:14:50.148   817  1040 I NVT_FPR_ENG_MAIN: *NVT Command: type = 100
06-05 15:14:50.148   817  1040 D CommonCommand_impl: CommonCommand::runCommand end
06-05 15:14:50.148   817  1051 I NVT_FPR_ENG_PROCESS: *NVT new command=15(FPR_STATE_COMMAND), bCancel=0
06-05 15:14:50.148   698   698 V LocSvc_HIDL_IzatSubscription: [screenStatusUpdate][566] [HS] <<<<= [HC]
06-05 15:14:50.149  1248  2876 V LocSvc_HIDL_Subscription_jni: Exit Result 0
06-05 15:14:50.149   817  1051 I NVT_FPR_ENG_PROCESS: *NVT nvt got perf lock
06-05 15:14:50.149   702   783 E ANDR-PERF-OPTSHANDLER: Failed to read 
06-05 15:14:50.149   702   783 E ANDR-PERF-RESOURCEQS: Failed to apply optimization [12, 0]
06-05 15:14:50.150  3678  3678 I DeviceStatusMonitor: onReceive() : Action = android.intent.action.SCREEN_ON
06-05 15:14:50.159   817  1051 I NVT_FPR_ENG_PROCESS: *NVT retMsg.type=0x0
06-05 15:14:50.160   817  1051 I NVT_FPR_ENG_PROCESS: *NVT check retMsg = [0x0 0x0 0x0 0x0 0x0]
06-05 15:14:50.160   817  1051 I NVT_FPR_ENG_MAIN: *NVT type: 0
06-05 15:14:50.160   817  1051 I NVT_FPR_ENG_PROCESS: *NVT Exit retHandler? TRUE
06-05 15:14:50.167 13000 13000 D StandbyModeManager: onReceive action: android.intent.action.SCREEN_ON
06-05 15:14:50.169 13000 13000 D MSF.C.LogManager: onReceive broadcastreceiver.action = android.intent.action.SCREEN_ON
06-05 15:14:50.174 13539 13539 I QMAlarmBroadCast: onAlarmReceive, action: android.intent.action.SCREEN_ON
06-05 15:14:50.174 13539 13539 I QMAlarmBroadCast: onAlarmReceive, action: android.intent.action.SCREEN_ON
06-05 15:14:50.174 13539 13539 D QQmail-QMAlarmBroadCast: onAlarmReceive, action: android.intent.action.SCREEN_ON
06-05 15:14:50.187  1248  1603 D WindowManager: interceptKeyTq keycode=26 down=false interactive=true keyguardActive=true policyFlags=22000000
06-05 15:14:50.187  1248  1603 D WindowManager: interceptKeyBeforeQueueing isWakeKey=false isInjected= false result= 0
06-05 15:14:50.187  1248  1603 D WindowManager: interceptKeyBeforeQueueing keycode=26 result: 0
06-05 15:14:50.193  1248  1647 D SurfaceControl: Excessive delay in setPowerMode()
06-05 15:14:50.203  1721  1721 D Tile.DndSmartisanTile: refreshState
06-05 15:14:50.203  1721  2342 D Tile.DndSmartisanTile: handleRefreshState label: 防打扰模式
06-05 15:14:50.203  1721  2342 D Tile.DndSmartisanTile: handleMessage for: handleRefreshState
06-05 15:14:50.210  1248  1248 V FingerprintService: ###setBackKeyMode###
06-05 15:14:50.347   692 23083 E sensors-hal: ssc_conn_event_cb:334, event[0] msg_id=768, ts=505173965191
06-05 15:14:50.351   692 23083 E sensors-hal: ssc_conn_event_cb:334, event[0] msg_id=769, ts=505173965191
06-05 15:14:50.351   692 23083 E sensors-hal: handle_sns_client_event:60, prox_event: ts=26307876100928, raw_adc=804, near_far=0, distance=5.000000
06-05 15:14:50.575  1248  1310 W BroadcastQueue: Permission Denial: broadcasting Intent { act=com.smartisanos.launcher.new_message flg=0x10 (has extras) } from com.alibaba.android.rimet (pid=28410, uid=10164) requires com.smartisanos.permission.CALL_SETTINGS due to receiver com.android.settings/.SmartisanEventReceiver
06-05 15:14:51.000  1734  1734 I KeyguardHostView: #### ACTION_DOWN ###,false,false,false
06-05 15:14:51.000  1734  1734 I KeyguardHostView: ## setKeyguardState= ON_TOUCH_SLIDE_VIEW
06-05 15:14:51.000  1734  1734 I KeyguardHostView: #### ACTION_DOWN ###
06-05 15:14:51.036   702   783 E ANDR-PERF-REQUEST: Failed to set timer
06-05 15:14:51.090  1734  1734 E KeyguardHostView: action_down = true, mIsInPocket = false
06-05 15:14:51.090  1734  1734 I KeyguardHostView: ## fling velocity x = 7330.409 , min = 200.0
06-05 15:14:51.090  1734  1734 I KeyguardHostView: ### up pointid = 0
06-05 15:14:51.090  1734  1734 I KeyguardHostView: ### all point up #####
06-05 15:14:51.090  1734  1734 I KeyguardHostView: point down = 605.0, current = 778.0
06-05 15:14:51.090  1734  1734 I KeyguardHostView: ## setKeyguardState= ON_SLIDE_VIEW_SCROLL_TO_TOP
06-05 15:14:51.098  1248 11004 I WindowManager: updateOrientation = com.android.server.wm.WindowManagerService.relayoutWindow:2574 com.android.server.wm.Session.relayout:244 android.view.IWindowSession$Stub.onTransact:286 com.android.server.wm.Session.onTransact:168 android.os.Binder.execTransact:813 <bottom of call stack> <bottom of call stack> <bottom of call stack> <bottom of call stack> <bottom of call stack> <bottom of call stack> <bottom of call stack> <bottom of call stack> <bottom of call stack> <bottom of call stack> <bottom of call stack> 
06-05 15:14:51.098  1248 11004 V WindowManager: Window{588268b u0 Keyguard} forcing orientation to 5
06-05 15:14:51.144  1721  2203 W OpenGLRenderer: Dirty 1008.00 -971.00 1050.00 -939.00 doesn't intersect with 0 0 1080 60 ?
06-05 15:14:51.381  1721  2203 I chatty  : uid=10037(com.android.desktop.systemui) RenderThread identical 14 lines
06-05 15:14:51.398  1721  2203 W OpenGLRenderer: Dirty 1008.00 -971.00 1050.00 -939.00 doesn't intersect with 0 0 1080 60 ?
06-05 15:14:51.430  1734  1734 I KeyguardHostView: ## setKeyguardState= ON_PASSWORD_VIEW
06-05 15:14:51.447  1248 11004 I WindowManager: updateOrientation = com.android.server.wm.WindowManagerService.relayoutWindow:2574 com.android.server.wm.Session.relayout:244 android.view.IWindowSession$Stub.onTransact:286 com.android.server.wm.Session.onTransact:168 android.os.Binder.execTransact:813 <bottom of call stack> <bottom of call stack> <bottom of call stack> <bottom of call stack> <bottom of call stack> <bottom of call stack> <bottom of call stack> <bottom of call stack> <bottom of call stack> <bottom of call stack> <bottom of call stack> 
06-05 15:14:51.448  1248 11004 V WindowManager: Window{588268b u0 Keyguard} forcing orientation to 5
06-05 15:14:51.465  1248 11004 I WindowManager: updateOrientation = com.android.server.wm.WindowManagerService.relayoutWindow:2574 com.android.server.wm.Session.relayout:244 android.view.IWindowSession$Stub.onTransact:286 com.android.server.wm.Session.onTransact:168 android.os.Binder.execTransact:813 <bottom of call stack> <bottom of call stack> <bottom of call stack> <bottom of call stack> <bottom of call stack> <bottom of call stack> <bottom of call stack> <bottom of call stack> <bottom of call stack> <bottom of call stack> <bottom of call stack> 
06-05 15:14:51.465  1248 11004 V WindowManager: Window{588268b u0 Keyguard} forcing orientation to 5
06-05 15:14:51.547  1248  1374 D AutoBC  : handleLuxChange  mLastReqBrightness level:3,level:3,trendChange:9,brightnessChange:23,rate:1,mLastReqBrightness:97, Avg lux:85,Target brightness:120
06-05 15:14:51.677   702   783 E ANDR-PERF-REQUEST: Failed to set timer
06-05 15:14:51.702  1248 11004 D VibratorService: Turning vibrator off.
06-05 15:14:51.702   695   695 I VibSvcHIDL: turn vibrator off
06-05 15:14:51.702   695   695 I VibSvcHIDL: effect: 19, strength:1, feedback: 2002
06-05 15:14:51.722  1248  1248 E VibratorService: Vibration finished, cleaning up
06-05 15:14:51.723  1248  1248 D VibratorService: Turning vibrator off.
06-05 15:14:51.723   695   695 I VibSvcHIDL: turn vibrator off
06-05 15:14:51.769  1248 11004 D VibratorService: Turning vibrator off.
06-05 15:14:51.769   695   695 I VibSvcHIDL: turn vibrator off
06-05 15:14:51.769   695   695 I VibSvcHIDL: effect: 19, strength:1, feedback: 2002
06-05 15:14:51.789  1248  1248 E VibratorService: Vibration finished, cleaning up
06-05 15:14:51.789  1248  1248 D VibratorService: Turning vibrator off.
06-05 15:14:51.789   695   695 I VibSvcHIDL: turn vibrator off
06-05 15:14:51.953   577   577 E GatekeeperHalDevice: verify
06-05 15:14:51.953   577   577 E GatekeeperHalDevice: ret: 0
06-05 15:14:51.953   577   577 E GatekeeperHalDevice: resp->status: -30
06-05 15:14:51.960  1248 13881 D VibratorService: Turning vibrator off.
06-05 15:14:51.960   695   695 I VibSvcHIDL: turn vibrator off
06-05 15:14:51.961   695   695 I VibSvcHIDL: effect: 20, strength:1, feedback: 3001
06-05 15:14:51.964  1248  1361 D UsbDeviceManager: setEnabledFunctions functions=mtp,diag,mass_storage,adb, forceRestart=false, usbDataUnlocked=true
06-05 15:14:51.978  1734  1734 I KeyguardUpdateMonitor: handleDevicePolicyManagerStateChanged updateFingerprintListeningState
06-05 15:14:51.978  1734  1734 I KeyguardUpdateMonitor: shouldListenForFingerprint result true screenOff:false, kv:true, su:false, fr:false, fie:true, pda:false, isps:false,isa:false,obc:false,pmu:false,rfp:false,lbcf:false,ksul:true
06-05 15:14:52.096  1734  1734 I KeyguardHostView: #### ACTION_DOWN ###,true,false,false
06-05 15:14:52.184   702   783 E ANDR-PERF-REQUEST: Failed to set timer
06-05 15:14:52.262  1248  1248 E VibratorService: Vibration finished, cleaning up
06-05 15:14:52.262  1248  1248 D VibratorService: Turning vibrator off.
06-05 15:14:52.262   695   695 I VibSvcHIDL: turn vibrator off
06-05 15:14:52.875 28410 28410 W Notification: Use of stream types is deprecated for operations other than volume control
06-05 15:14:52.875 28410 28410 W Notification: See the documentation of setSound() for what to use instead with android.media.AudioAttributes to qualify your playback use case
06-05 15:14:52.891  1248 11004 D VibratorService: Turning vibrator off.
06-05 15:14:52.891   695   695 I VibSvcHIDL: turn vibrator off
06-05 15:14:52.892   695   695 I VibSvcHIDL: effect: 19, strength:1, feedback: 2002
06-05 15:14:52.912  1248  1248 E VibratorService: Vibration finished, cleaning up
06-05 15:14:52.912  1248  1248 D VibratorService: Turning vibrator off.
06-05 15:14:52.912   695   695 I VibSvcHIDL: turn vibrator off
06-05 15:14:53.059  1248 11004 D VibratorService: Turning vibrator off.
06-05 15:14:53.059   695   695 I VibSvcHIDL: turn vibrator off
06-05 15:14:53.060   695   695 I VibSvcHIDL: effect: 19, strength:1, feedback: 2002
06-05 15:14:53.080  1248  1248 E VibratorService: Vibration finished, cleaning up
06-05 15:14:53.080  1248  1248 D VibratorService: Turning vibrator off.
06-05 15:14:53.081   695   695 I VibSvcHIDL: turn vibrator off
06-05 15:14:53.186  1248 11004 D VibratorService: Turning vibrator off.
06-05 15:14:53.186   695   695 I VibSvcHIDL: turn vibrator off
06-05 15:14:53.187   695   695 I VibSvcHIDL: effect: 19, strength:1, feedback: 2002
06-05 15:14:53.208  1248  1248 E VibratorService: Vibration finished, cleaning up
06-05 15:14:53.208  1248  1248 D VibratorService: Turning vibrator off.
06-05 15:14:53.209   695   695 I VibSvcHIDL: turn vibrator off
06-05 15:14:53.259  1248 11004 D VibratorService: Turning vibrator off.
06-05 15:14:53.259   695   695 I VibSvcHIDL: turn vibrator off
06-05 15:14:53.260   695   695 I VibSvcHIDL: effect: 19, strength:1, feedback: 2002
06-05 15:14:53.281  1248  1248 E VibratorService: Vibration finished, cleaning up
06-05 15:14:53.281  1248  1248 D VibratorService: Turning vibrator off.
06-05 15:14:53.281   695   695 I VibSvcHIDL: turn vibrator off
06-05 15:14:53.380  1248  1310 W BroadcastQueue: Permission Denial: broadcasting Intent { act=com.smartisanos.launcher.new_message flg=0x10 (has extras) } from com.alibaba.android.rimet (pid=28410, uid=10164) requires com.smartisanos.permission.CALL_SETTINGS due to receiver com.android.settings/.SmartisanEventReceiver
06-05 15:14:53.389  1248  1603 W InputReader: Down in phone bottom edge , less than 20 pixel , ignore 3 hard key ...
06-05 15:14:53.466   841   841 D keystore: AddAuthenticationToken: timestamp = 26314264 (1767259337270493184), time_received = 18306
06-05 15:14:53.511   841   841 D keystore: AddAuthenticationToken: timestamp = 26314309 (5009851068977250304), time_received = 18306
06-05 15:14:53.526   841   841 D keystore: AddAuthenticationToken: timestamp = 26314324 (6090714979546169344), time_received = 18306
06-05 15:14:53.527   841   841 I keystore: calling unlock when already unlocked, ignoring.
06-05 15:14:53.528  1248 11004 I LockSettingsService: Unlocking user 0 with secret only, length 64
06-05 15:14:53.528  1248 11004 D LockSettingsService: unlockUser finished
06-05 15:14:53.528  1248 11004 W ActivityManager: Expected user 0 in state RUNNING_LOCKED but was in state RUNNING_UNLOCKED
06-05 15:14:53.528  1248 11004 I LockSettingsService: Disabling escrow token on user 0
06-05 15:14:53.532  1734  1734 I KeyguardUpdateMonitor: forceRemoveFingerprint updateFingerprintListeningState 
06-05 15:14:53.532  1734  1734 I KeyguardUpdateMonitor: shouldListenForFingerprint result false screenOff:false, kv:true, su:false, fr:true, fie:true, pda:false, isps:false,isa:false,obc:false,pmu:false,rfp:false,lbcf:false,ksul:true
06-05 15:14:53.532  1734  1734 V KeyguardFingerprint: stopListeningForFingerprint()
06-05 15:14:53.532  1734  1734 I KeyguardFingerprint: stopListeningForFingerprint
06-05 15:14:53.532  1248  1248 V FingerprintService: cancelAuthentication client com.smartisanos.keyguard
06-05 15:14:53.533   817  1040 D FingerprintHal: --------------> fingerprint_cancel 
06-05 15:14:53.533   817  1040 I NVT_FPR_ENG_MAIN: *NVT Received command(3:FPR_CANCEL)
06-05 15:14:53.533   817  1040 D NVT_FPR_ENG_MAIN: *NVT [273], fpr_command_receiver() DBG: Main state will change!!
06-05 15:14:53.533   817  1040 D NVT_FPR_ENG_MAIN: *NVT [278], fpr_command_receiver() DBG: Currnet command:0x0. Received command: 0x3
06-05 15:14:53.533   817  1040 I NVT_FPR_ENG_MAIN: *NVT Cancel cureent process!
06-05 15:14:53.533   817  1040 I NVT_FPR_ENG_MAIN: *NVT type: 4294967295
06-05 15:14:53.533   817  1040 D FingerprintHal: Receive error msg(0x5)
06-05 15:14:53.533   817  1040 D android.hardware.biometrics.fingerprint@2.1-service: onError(5)
06-05 15:14:53.533   817  1040 I NVT_FPR_ENG_MAIN: *NVT Flow Control: set fpr_command.bCancel = TRUE
06-05 15:14:53.533  1248  1248 W FingerprintService: client com.smartisanos.keyguard is no longer authenticating
06-05 15:14:53.533   817  1051 I NVT_FPR_ENG_PROCESS: *NVT new command=0(FPR_STATE_STANDBY), bCancel=1
06-05 15:14:53.533  1248  1248 V FingerprintService: Done with client: com.smartisanos.keyguard
06-05 15:14:53.533  1248  1248 V FingerprintService: handleError(client=com.smartisanos.keyguard, error = 5)
06-05 15:14:53.534  1734  1734 I KeyguardHostView: ## setKeyguardState= ON_PASSWORD_VIEW_SCROLL
06-05 15:14:53.534  1734  1734 I KeyguardUpdateMonitor: forceRemoveFingerprint updateFingerprintListeningState 
06-05 15:14:53.534  1734 24943 I KeyguardFingerprint: on current client changed, mCurrentClient = null
06-05 15:14:53.534  1734  1734 I KeyguardUpdateMonitor: shouldListenForFingerprint result false screenOff:false, kv:true, su:false, fr:true, fie:true, pda:false, isps:false,isa:false,obc:false,pmu:false,rfp:false,lbcf:false,ksul:true
06-05 15:14:53.534  1734  1734 E AlarmManager: cancel() called with a null PendingIntent
06-05 15:14:53.534   817  1051 I NVT_FPR_ENG_PROCESS: *NVT nvt got perf lock
06-05 15:14:53.537   702   783 E ANDR-PERF-OPTSHANDLER: Failed to read 
06-05 15:14:53.537   702   783 E ANDR-PERF-RESOURCEQS: Failed to apply optimization [12, 0]
06-05 15:14:53.541  1248  1361 D UsbDeviceManager: setEnabledFunctions functions=mtp,diag,mass_storage,adb, forceRestart=false, usbDataUnlocked=true
06-05 15:14:53.546   817  1051 I NVT_FPR_ENG_PROCESS: *NVT retMsg.type=0x0
06-05 15:14:53.546   817  1051 I NVT_FPR_ENG_PROCESS: *NVT check retMsg = [0x0 0x0 0x0 0x0 0x0]
06-05 15:14:53.546   817  1051 I NVT_FPR_ENG_MAIN: *NVT type: 0
06-05 15:14:53.546   817  1051 I NVT_FPR_ENG_PROCESS: *NVT Exit retHandler? FALSE
06-05 15:14:53.546   817  1051 I NVT_FPR_ENG_PROCESS: *NVT next mainState=0x5(FPR_STATE_NAVI)
06-05 15:14:53.546   817  1051 I NVT_FPR_ENG_PROCESS: *NVT next subState=0x19(FPR_ENG_STATE_NAVI_OPENED)
06-05 15:14:53.557   817  1051 I NVT_FPR_ENG_PROCESS: *NVT retMsg.type=0x7d1
06-05 15:14:53.557   817  1051 I NVT_FPR_ENG_PROCESS: *NVT check retMsg = [0x7d1 0x778d0311 0x30 0x0 0x9e500000]
06-05 15:14:53.557   817  1051 I NVT_FPR_ENG_PROCESS: *NVT Exit retHandler? FALSE
06-05 15:14:53.557   817  1051 I NVT_FPR_ENG_PROCESS: *NVT next mainState=0x5(FPR_STATE_NAVI)
06-05 15:14:53.557   817  1051 I NVT_FPR_ENG_PROCESS: *NVT next subState=0x1b(FPR_ENG_STATE_NAVI_WAIT_FINGER_OFF)
06-05 15:14:53.562  1734  1734 I KeyguardFingerprint: on TimeoutResetTask
06-05 15:14:53.562  1734  1734 I KeyguardUpdateMonitor: handleFingerprintLockoutReset updateFingerprintListeningState
06-05 15:14:53.562  1734  1734 I KeyguardUpdateMonitor: shouldListenForFingerprint result false screenOff:false, kv:true, su:false, fr:true, fie:true, pda:false, isps:false,isa:false,obc:false,pmu:false,rfp:false,lbcf:false,ksul:true
06-05 15:14:53.562  1734  1734 V KeyguardFingerprint: stopListeningForFingerprint()
06-05 15:14:53.562  1734  1734 I KeyguardFingerprint: stopListeningForFingerprint
06-05 15:14:53.562  1734  1734 I KeyguardUpdateMonitor: handleDevicePolicyManagerStateChanged updateFingerprintListeningState
06-05 15:14:53.562  1734  1734 I KeyguardUpdateMonitor: shouldListenForFingerprint result false screenOff:false, kv:true, su:false, fr:true, fie:true, pda:false, isps:false,isa:false,obc:false,pmu:false,rfp:false,lbcf:false,ksul:true
06-05 15:14:53.572   817  1051 I NVT_FPR_ENG_PROCESS: *NVT retMsg.type=0x0
06-05 15:14:53.572   817  1051 I NVT_FPR_ENG_PROCESS: *NVT check retMsg = [0x0 0x0 0x0 0x0 0x0]
06-05 15:14:53.572   817  1051 I NVT_FPR_ENG_MAIN: *NVT type: 0
06-05 15:14:53.572   817  1051 I NVT_FPR_ENG_PROCESS: *NVT Exit retHandler? TRUE
06-05 15:14:53.588   817  1171 D NVT_FPR_ENG_MAIN: *NVT [569], fpr_interrupt() DBG: Kernel trigger interrupt #234!
06-05 15:14:53.588   817  1051 I NVT_FPR_ENG_PROCESS: *NVT new command=0(FPR_STATE_STANDBY), bCancel=0
06-05 15:14:53.602   817  1051 I NVT_FPR_ENG_PROCESS: *NVT retMsg.type=0x7d1
06-05 15:14:53.602   817  1051 I NVT_FPR_ENG_PROCESS: *NVT check retMsg = [0x7d1 0x7e049da0 0x11 0x191869d 0x778df05c]
06-05 15:14:53.602   817  1051 I NVT_FPR_ENG_PROCESS: *NVT Exit retHandler? TRUE
06-05 15:14:53.602   817  1050 D NVT_FPR_INPUT: *NVT [335], fpr_input_thread() DBG: [Finger] Off. interval= 26314397
06-05 15:14:53.602   817  1050 D NVT_FPR_INPUT: *NVT [338], fpr_input_thread() DBG: [Finger] no valid click. interval= 26314397
06-05 15:14:53.716 23911 23911 I SoundFloatViewManager: addOrRemoveSoundFloatView keyguard:false state:0 visible:false
06-05 15:14:53.717  2596  2596 E PILLS   : SystemIntentReceiver : Constants.WINDOW_READY false ! abandon action action_keyguard_to_dismiss
06-05 15:14:53.717  2706  2706 E NewLauncher: e : UnlockAnim, ACTION_KEYGUARD_TO_DISMISS isHome:false
06-05 15:14:53.719  1797  1920 I Sidebar : SidebarCall : call method [MAIL_EXIST_IN_SIDEBAR]
06-05 15:14:53.734  1248  1248 V FingerprintService: ###setBackKeyMode###
06-05 15:14:53.985  1734  1734 I KeyguardHostView: ## setKeyguardState= ON_UNLOCK
06-05 15:14:53.989   692  1584 I sensors-hal: activate:145, android.sensor.proximity/12 en=0
06-05 15:14:53.989   692  1584 E sensors-hal: make_unsuspendable:75, already set, must not set more than once
06-05 15:14:53.989   692  1584 E sensors-hal: deactivate:167, wakeup_sensor:Deactivate sensor_name:stk_stk342x Proximity Sensor Wakeup,datatype:proximity
06-05 15:14:53.989   692  1584 I sensors-hal: activate:156, android.sensor.proximity/12 en=0 completed
06-05 15:14:53.989  1248  3440 E zygote64: sensor_event_debug:disable sensor:stk_stk342x Proximity Sensor Wakeup,by package:com.smartisanos.keyguard.KeyguardViewManager
06-05 15:14:53.990  1734  1734 E KeyguardViewManager: ++ unRegistProxySensor mProximityNear = false ++
06-05 15:14:53.990  1734  1734 I KeyguardUpdateMonitor: handleKeyguardVisibilityChanged updateFingerprintListeningState
06-05 15:14:53.990  1734  1734 I KeyguardUpdateMonitor: shouldListenForFingerprint result false screenOff:false, kv:false, su:false, fr:true, fie:true, pda:false, isps:false,isa:false,obc:false,pmu:false,rfp:false,lbcf:false,ksul:true
06-05 15:14:53.991 23911 23911 I SoundFloatViewManager: addOrRemoveSoundFloatView keyguard:false state:0 visible:false
06-05 15:14:53.992  2706  2706 E NewLauncher: e : UnlockAnim, ACTION_KEYGUARD_TO_DISMISS isHome:false
06-05 15:14:53.992  2596  2596 E PILLS   : SystemIntentReceiver : Constants.WINDOW_READY false ! abandon action action_keyguard_to_dismiss
06-05 15:14:53.994  1248  3440 V WindowManager: setAppVisibility(Token{bb7fabc ActivityRecord{34f1590 u0 com.hcz017.hellojni/.MainActivity t5270}}, visible=true): mNextAppTransition=TRANSIT_ACTIVITY_OPEN hidden=false hiddenRequested=false Callers=com.android.server.am.ActivityRecord.setVisibility:1729 com.android.server.am.ActivityStack.resumeTopActivityInnerLocked:2956 com.android.server.am.ActivityStack.resumeTopActivityUncheckedLocked:2480 com.android.server.am.ActivityStackSupervisor.resumeFocusedStackTopActivityLocked:2274 com.android.server.am.ActivityStackSupervisor.resumeFocusedStackTopActivityLocked:2251 com.android.server.am.ActivityStackSupervisor.applySleepTokensLocked:3549 
