06-05 15:14:53.995  1248  3440 I WindowManager: updateOrientation = com.android.server.wm.WindowManagerService.updateOrientationFromAppTokensLocked:2975 com.android.server.wm.WindowManagerService.updateOrientationFromAppTokens:2958 com.android.server.am.ActivityStack.resumeTopActivityInnerLocked:2992 com.android.server.am.ActivityStack.resumeTopActivityUncheckedLocked:2480 com.android.server.am.ActivityStackSupervisor.resumeFocusedStackTopActivityLocked:2274 com.android.server.am.ActivityStackSupervisor.resumeFocusedStackTopActivityLocked:2251 com.android.server.am.ActivityStackSupervisor.applySleepTokensLocked:3549 com.android.server.am.ActivityManagerService.updateSleepIfNeededLocked:14696 com.android.server.am.ActivityStackSupervisor.removeSleepTokenLocked:4414 com.android.server.am.ActivityStackSupervisor.-wrap6:0 com.android.server.am.ActivityStackSupervisor$SleepTokenImpl.release:5360 com.android.server.am.KeyguardController.updateKeyguardSleepToken:386 com.android.server.am.KeyguardController.setKeyguardShown:126 com.android.server.am.ActivityManagerService.setLockScreenShown:14826 android.app.IActivityManager$Stub.onTransact:2295 com.android.server.am.ActivityManagerService.onTransact:3776 
06-05 15:14:53.995  1248  3440 V WindowManager: Window{588268b u0 Keyguard} forcing orientation to 5
06-05 15:14:53.996  1248  3440 I WindowManager: continueLayout without performSurfacePlacement called, skip calling performSurfacePlacement()
06-05 15:14:53.996  1248  3440 V WindowManager: setAppVisibility(Token{bb7fabc ActivityRecord{34f1590 u0 com.hcz017.hellojni/.MainActivity t5270}}, visible=true): mNextAppTransition=TRANSIT_ACTIVITY_OPEN hidden=false hiddenRequested=false Callers=com.android.server.am.ActivityRecord.setVisibility:1729 com.android.server.am.ActivityRecord.setVisible:1748 com.android.server.am.ActivityRecord.completeResumeLocked:1858 com.android.server.am.ActivityStack.resumeTopActivityInnerLocked:3092 com.android.server.am.ActivityStack.resumeTopActivityUncheckedLocked:2480 com.android.server.am.ActivityStackSupervisor.resumeFocusedStackTopActivityLocked:2274 
06-05 15:14:54.000  1248  3440 V WindowManager: Eval win Window{a69915d u0 com.hcz017.hellojni/com.hcz017.hellojni.MainActivity}: isDrawn=true, isAnimationSet=true
06-05 15:14:54.000  1248  3440 V WindowManager: tokenMayBeDrawn: AppWindowToken{7cbdbe4 token=Token{bb7fabc ActivityRecord{34f1590 u0 com.hcz017.hellojni/.MainActivity t5270}}} w=Window{a69915d u0 com.hcz017.hellojni/com.hcz017.hellojni.MainActivity} numInteresting=1 freezingScreen=false mAppFreezing=false
06-05 15:14:54.000  1248  3440 V WindowManager: tokenMayBeDrawnExcludingSaved: AppWindowToken{7cbdbe4 token=Token{bb7fabc ActivityRecord{34f1590 u0 com.hcz017.hellojni/.MainActivity t5270}}} w=Window{a69915d u0 com.hcz017.hellojni/com.hcz017.hellojni.MainActivity} numInteresting=1 freezingScreen=false mAppFreezing=false
06-05 15:14:54.001  1721  1721 D PhoneStatusBar: disable: < expand icons alerts system_info BACK HOME recent* clock search* quick_settings ticker >
06-05 15:14:54.004  1248  3440 I WindowManager: updateOrientation = com.android.server.wm.DisplayContent.applySurfaceChangesTransaction:3085 com.android.server.wm.RootWindowContainer.applySurfaceChangesTransaction:1038 com.android.server.wm.RootWindowContainer.performSurfacePlacement:752 com.android.server.wm.WindowSurfacePlacer.performSurfacePlacementLoop:215 com.android.server.wm.WindowSurfacePlacer.performSurfacePlacement:164 com.android.server.wm.WindowSurfacePlacer.performSurfacePlacement:151 com.android.server.wm.WindowManagerService.executeAppTransition:3364 com.android.server.am.ActivityStackSupervisor.reportResumedActivityLocked:3662 com.android.server.am.ActivityRecord.completeResumeLocked:1890 com.android.server.am.ActivityStack.resumeTopActivityInnerLocked:3092 com.android.server.am.ActivityStack.resumeTopActivityUncheckedLocked:2480 com.android.server.am.ActivityStackSupervisor.resumeFocusedStackTopActivityLocked:2274 com.android.server.am.ActivityStackSupervisor.resumeFocusedStackTopActivityLocked:2251 com.android.server.am.ActivityStackSupervisor.applySleepTokensLocked:3549 com.android.server.am.ActivityManagerService.updateSleepIfNeededLocked:14696 com.android.server.am.ActivityStackSupervisor.removeSleepTokenLocked:4414 
06-05 15:14:54.004  1248  3440 V WindowManager: Window{588268b u0 Keyguard} forcing orientation to 5
06-05 15:14:54.010  1797  1797 I Sidebar : SideView :  onActivitiesForeground activity= com.hcz017.hellojni/com.hcz017.hellojni.MainActivity uid= 10257 prvPkgName= com.hcz017.hellojni
06-05 15:14:54.010  2229  2250 D AMapControlService: onActivitiesForeground com.hcz017.hellojni/com.hcz017.hellojni.MainActivity
06-05 15:14:54.010  2229  2276 D AMapControlService: workerCallBack , not use infinity :false
06-05 15:14:54.011  1248  7879 I WindowManager: updateOrientation = com.android.server.wm.WindowManagerService.relayoutWindow:2574 com.android.server.wm.Session.relayout:244 android.view.IWindowSession$Stub.onTransact:286 com.android.server.wm.Session.onTransact:168 android.os.Binder.execTransact:813 <bottom of call stack> <bottom of call stack> <bottom of call stack> <bottom of call stack> <bottom of call stack> <bottom of call stack> <bottom of call stack> <bottom of call stack> <bottom of call stack> <bottom of call stack> <bottom of call stack> 
06-05 15:14:54.011  1248  7879 I WindowManager: getOrientation appwindow = AppWindowToken{7cbdbe4 token=Token{bb7fabc ActivityRecord{34f1590 u0 com.hcz017.hellojni/.MainActivity t5270}}} : isInClose = false , isVis = true , isInOpen = false, istop = true, sendToBottom = false, finishing = false, orient = -1
06-05 15:14:54.011  1248  7879 V WindowManager: App is requesting an orientation, return -1
06-05 15:14:54.011  1248  7879 V WindowManager: Selected orientation -1, got rotation 0 which has compatible metrics
06-05 15:14:54.012 22932 22932 D MainActivity: onResume: cpu name: AArch64 Processor rev 13 (aarch64)
06-05 15:14:54.012  1932  2034 I QCNEJ/CndHalConnector: -> SND notifyScreenStateChanged(true)
06-05 15:14:54.012 22932 22932 D MainActivity: getCpuInfo: processor	: 0
06-05 15:14:54.013 22932 22932 D MainActivity: onResume: getCpu info[AArch64 Processor rev 13 (aarch64) , :]
06-05 15:14:54.013 22932 22932 D build   : BOARD:sdm710
06-05 15:14:54.013 22932 22932 D build   : BOOTLOADER:unknown
06-05 15:14:54.013 13539 13539 I QMAlarmBroadCast: onAlarmReceive, action: android.intent.action.USER_PRESENT
06-05 15:14:54.013 22932 22932 D build   : BRAND:SMARTISAN
06-05 15:14:54.013 22932 22932 D build   : CPU_ABI:armeabi-v7a
06-05 15:14:54.013 22932 22932 D build   : CPU_ABI2:armeabi
06-05 15:14:54.013 22932 22932 D build   : DEVICE:ocean
06-05 15:14:54.013 22932 22932 D build   : DISPLAY:OPM1.171019.026 dev-keys
06-05 15:14:54.013 22932 22932 D build   : FINGERPRINT:SMARTISAN/oxford/oxford:8.1.0/OPM1.171019.026/1554864163:user/dev-keys
06-05 15:14:54.014 22932 22932 D build   : HARDWARE:qcom
06-05 15:14:54.014 13539 13539 I QMAlarmBroadCast: onAlarmReceive, action: android.intent.action.USER_PRESENT
06-05 15:14:54.014 13539 13539 D QQmail-QMAlarmBroadCast: onAlarmReceive, action: android.intent.action.USER_PRESENT
06-05 15:14:54.014 22932 22932 D build   : HOST:build12
06-05 15:14:54.014 22932 22932 D build   : ID:OPM1.171019.026
06-05 15:14:54.014 22932 22932 D build   : MANUFACTURER:smartisan
06-05 15:14:54.014 22932 22932 D build   : MODEL:OE106
06-05 15:14:54.014 22932 22932 D build   : PRODUCT:ocean
06-05 15:14:54.014 22932 22932 D build   : RADIO:unknown
06-05 15:14:54.014 22932 22932 D build   : TAGS:dev-keys
06-05 15:14:54.014 22932 22932 D build   : TIME:1554864163000
06-05 15:14:54.014 22932 22932 D build   : TYPE:user
06-05 15:14:54.014 22932 22932 D build   : UNKNOWN:unknown
06-05 15:14:54.014 22932 22932 D build   : USER:smartcm
06-05 15:14:54.014 22932 22932 D build   : VERSION.CODENAME:REL
06-05 15:14:54.014 22932 22932 D build   : VERSION.INCREMENTAL:1
06-05 15:14:54.014 22932 22932 D build   : VERSION.RELEASE:8.1.0
06-05 15:14:54.014 22932 22932 D build   : VERSION.SDK:27
06-05 15:14:54.014 22932 22932 D build   : VERSION.SDK_INT:27
06-05 15:14:54.014 22932 22932 D MainActivity: step 0 run time: 0.8911336784355443s
06-05 15:14:54.015  1797  1920 I Sidebar : SidebarCall : call method [MAIL_EXIST_IN_SIDEBAR]
06-05 15:14:54.016  2706  2706 E NewLauncher: e : UnlockAnim, ACTION_KEYGUARD_TO_DISMISS isHome:false
06-05 15:14:54.019 14540 14540 I AppStore: [2] BaseApplication.setCount: AppStorePackageChangedReceiver:false |3
06-05 15:14:54.022  1721  1721 D PhoneStatusBar: disable: < expand icons alerts system_info back* home* recent clock search quick_settings ticker >
06-05 15:14:54.025 14540 14540 I AppStore: [2] BaseApplication.setCount: AppStorePackageChangedReceiver:true |2
06-05 15:14:54.025 14540 14540 I SmtPCUtils#ContextImpl: create default context, displayId: 0, package: com.smartisanos.appstore
06-05 15:14:54.025  1248  3440 I SmtPCUtils#ActivityManager: newProcessRecordLocked: com.alibaba.android.rimet:channel
06-05 15:14:54.025  1248  3440 I SmtPCUtils#ActivityManager: pkg: com.alibaba.android.rimet, process: com.alibaba.android.rimet:channel, entryPointArgs: null,pc enable: false
06-05 15:14:54.025  1248  3440 I SmtPCUtils#ActivityManager: app.process: com.alibaba.android.rimet:channel, display: 0
06-05 15:14:54.026 14540 14540 I AppStore: [2] BaseApplication.setCount: AppsUpdateService:false |3
06-05 15:14:54.031 14540 14540 I AppStore: [2] BaseApplication.setCount: AppsUpdateService:true |2
06-05 15:14:54.037  1248  3440 I ActivityManager: Start proc 23117:com.alibaba.android.rimet:channel/u0a164 for broadcast com.alibaba.android.rimet/com.taobao.accs.EventReceiver asyncStart=true
06-05 15:14:54.037 23117 23117 W zygote  : Using default instruction set features for ARM CPU variant (cortex-a9) using conservative defaults
06-05 15:14:54.083 23117 23117 I zygote  : map image_filename=/data/app/com.alibaba.android.rimet-H2fpUS_luOeBBpgITH0KxQ==/oat/arm/base.art (0x775b7000,7356416) failed
06-05 15:14:54.094  1734  1882 W ContextImpl: Calling a method in the system process without a qualified user: android.app.ContextImpl.bindService:1574 android.content.ContextWrapper.bindService:684 smartisanos.app.tracker.TrackerServiceConnection.connect:48 smartisanos.app.tracker.Agent.connectService:65 smartisanos.app.tracker.Agent.flush:388 
06-05 15:14:54.206 23117 23117 I SmtPCUtils#ContextImpl: create default context, displayId: 0, package: com.alibaba.android.rimet
06-05 15:14:54.230 23117 23117 W AppMonitor: load ut_c_api.so failed
06-05 15:14:54.247 23117 23117 I zygote  : Rejecting re-init on previously-failed class java.lang.Class<com.ut.mini.core.WVUserTrack>: java.lang.NoClassDefFoundError: Failed resolution of: Landroid/taobao/windvane/jsbridge/WVApiPlugin;
06-05 15:14:54.247 23117 23117 I zygote  :   at void com.ut.mini.extend.WindvaneExtend.registerWindvane(boolean) (WindvaneExtend.java:28)
06-05 15:14:54.247 23117 23117 I zygote  :   at void com.ut.mini.UTAnalytics.registerWindvane() (UTAnalytics.java:154)
06-05 15:14:54.247 23117 23117 I zygote  :   at void com.ut.mini.UTAnalytics.setAppApplicationInstance(android.app.Application, com.ut.mini.IUTApplication) (UTAnalytics.java:183)
06-05 15:14:54.247 23117 23117 I zygote  :   at void com.alibaba.doraemon.impl.statistics.ut.DoraemonUT.initUT(android.app.Application, java.lang.String, int, java.lang.String, java.lang.String) (DoraemonUT.java:474)
06-05 15:14:54.247 23117 23117 I zygote  :   at void com.alibaba.doraemon.impl.statistics.StatisticsImpl.initTBS(android.app.Application, java.lang.String, int, java.lang.String, java.lang.String) (StatisticsImpl.java:72)
06-05 15:14:54.247 23117 23117 I zygote  :   at void com.alibaba.android.rimet.RimetDDContext.attachOnCreate() (RimetDDContext.java:4162)
06-05 15:14:54.247 23117 23117 I zygote  :   at void cqc.onCreate() (SkiDDContext.java:89)
06-05 15:14:54.247 23117 23117 I zygote  :   at void com.alibaba.android.dingtalkbase.multidexsupport.DDApplication.onCreate() (DDApplication.java:32)
06-05 15:14:54.247 23117 23117 I zygote  :   at void com.alibaba.android.rimet.LauncherApplication.onCreate() (LauncherApplication.java:73)
06-05 15:14:54.247 23117 23117 I zygote  :   at void android.app.Instrumentation.callApplicationOnCreate(android.app.Application) (Instrumentation.java:1120)
06-05 15:14:54.247 23117 23117 I zygote  :   at void android.app.ActivityThread.handleBindApplication(android.app.ActivityThread$AppBindData) (ActivityThread.java:6101)
06-05 15:14:54.247 23117 23117 I zygote  :   at void android.app.ActivityThread.-wrap2(android.app.ActivityThread, android.app.ActivityThread$AppBindData) (ActivityThread.java:-1)
06-05 15:14:54.247 23117 23117 I zygote  :   at void android.app.ActivityThread$H.handleMessage(android.os.Message) (ActivityThread.java:1824)
06-05 15:14:54.247 23117 23117 I zygote  :   at void android.os.Handler.dispatchMessage(android.os.Message) (Handler.java:106)
06-05 15:14:54.247 23117 23117 I zygote  :   at void android.os.Looper.loop() (Looper.java:164)
06-05 15:14:54.247 23117 23117 I zygote  :   at void android.app.ActivityThread.main(java.lang.String[]) (ActivityThread.java:6906)
06-05 15:14:54.247 23117 23117 I zygote  :   at java.lang.Object java.lang.reflect.Method.invoke(java.lang.Object, java.lang.Object[]) (Method.java:-2)
06-05 15:14:54.247 23117 23117 I zygote  :   at void com.android.internal.os.RuntimeInit$MethodAndArgsCaller.run() (RuntimeInit.java:438)
06-05 15:14:54.247 23117 23117 I zygote  :   at void com.android.internal.os.ZygoteInit.main(java.lang.String[]) (ZygoteInit.java:820)
06-05 15:14:54.247 23117 23117 I zygote  : Caused by: java.lang.ClassNotFoundException: Didn't find class "android.taobao.windvane.jsbridge.WVApiPlugin" on path: DexPathList[[zip file "/data/app/com.alibaba.android.rimet-H2fpUS_luOeBBpgITH0KxQ==/base.apk"],nativeLibraryDirectories=[/data/app/com.alibaba.android.rimet-H2fpUS_luOeBBpgITH0KxQ==/lib/arm, /system/fake-libs, /data/app/com.alibaba.android.rimet-H2fpUS_luOeBBpgITH0KxQ==/base.apk!/lib/armeabi, /system/lib, /vendor/lib]]
06-05 15:14:54.247 23117 23117 I zygote  :   at java.lang.Class dalvik.system.BaseDexClassLoader.findClass(java.lang.String) (BaseDexClassLoader.java:125)
06-05 15:14:54.247 23117 23117 I zygote  :   at java.lang.Class java.lang.ClassLoader.loadClass(java.lang.String, boolean) (ClassLoader.java:379)
06-05 15:14:54.247 23117 23117 I zygote  :   at java.lang.Class java.lang.ClassLoader.loadClass(java.lang.String) (ClassLoader.java:312)
06-05 15:14:54.247 23117 23117 I zygote  :   at void com.ut.mini.extend.WindvaneExtend.registerWindvane(boolean) (WindvaneExtend.java:28)
06-05 15:14:54.247 23117 23117 I zygote  :   at void com.ut.mini.UTAnalytics.registerWindvane() (UTAnalytics.java:154)
06-05 15:14:54.247 23117 23117 I zygote  :   at void com.ut.mini.UTAnalytics.setAppApplicationInstance(android.app.Application, com.ut.mini.IUTApplication) (UTAnalytics.java:183)
06-05 15:14:54.247 23117 23117 I zygote  :   at void com.alibaba.doraemon.impl.statistics.ut.DoraemonUT.initUT(android.app.Application, java.lang.String, int, java.lang.String, java.lang.String) (DoraemonUT.java:474)
06-05 15:14:54.247 23117 23117 I zygote  :   at void com.alibaba.doraemon.impl.statistics.StatisticsImpl.initTBS(android.app.Application, java.lang.String, int, java.lang.String, java.lang.String) (StatisticsImpl.java:72)
06-05 15:14:54.247 23117 23117 I zygote  :   at void com.alibaba.android.rimet.RimetDDContext.attachOnCreate() (RimetDDContext.java:4162)
06-05 15:14:54.247 23117 23117 I zygote  :   at void cqc.onCreate() (SkiDDContext.java:89)
06-05 15:14:54.247 23117 23117 I zygote  :   at void com.alibaba.android.dingtalkbase.multidexsupport.DDApplication.onCreate() (DDApplication.java:32)
06-05 15:14:54.247 23117 23117 I zygote  :   at void com.alibaba.android.rimet.LauncherApplication.onCreate() (LauncherApplication.java:73)
06-05 15:14:54.247 23117 23117 I zygote  :   at void android.app.Instrumentation.callApplicationOnCreate(android.app.Application) (Instrumentation.java:1120)
06-05 15:14:54.247 23117 23117 I zygote  :   at void android.app.ActivityThread.handleBindApplication(android.app.ActivityThread$AppBindData) (ActivityThread.java:6101)
06-05 15:14:54.247 23117 23117 I zygote  :   at void android.app.ActivityThread.-wrap2(android.app.ActivityThread, android.app.ActivityThread$AppBindData) (ActivityThread.java:-1)
06-05 15:14:54.247 23117 23117 I zygote  :   at void android.app.ActivityThread$H.handleMessage(android.os.Message) (ActivityThread.java:1824)
06-05 15:14:54.247 23117 23117 I zygote  :   at void android.os.Handler.dispatchMessage(android.os.Message) (Handler.java:106)
06-05 15:14:54.247 23117 23117 I zygote  :   at void android.os.Looper.loop() (Looper.java:164)
06-05 15:14:54.247 23117 23117 I zygote  :   at void android.app.ActivityThread.main(java.lang.String[]) (ActivityThread.java:6906)
06-05 15:14:54.247 23117 23117 I zygote  :   at java.lang.Object java.lang.reflect.Method.invoke(java.lang.Object, java.lang.Object[]) (Method.java:-2)
06-05 15:14:54.247 23117 23117 I zygote  :   at void com.android.internal.os.RuntimeInit$MethodAndArgsCaller.run() (RuntimeInit.java:438)
06-05 15:14:54.247 23117 23117 I zygote  :   at void com.android.internal.os.ZygoteInit.main(java.lang.String[]) (ZygoteInit.java:820)
06-05 15:14:54.247 23117 23117 I zygote  : 
06-05 15:14:54.259 23117 23117 E performance: application oncreate take time isMainProcess false 42
06-05 15:14:54.265 23117 23117 W System.err: android.content.pm.PackageManager$NameNotFoundException: ComponentInfo{com.alibaba.android.rimet/com.taobao.accs.ChannelService}
06-05 15:14:54.265 23117 23117 W System.err: 	at android.app.ApplicationPackageManager.getServiceInfo(ApplicationPackageManager.java:453)
06-05 15:14:54.265 23117 23117 W System.err: 	at com.taobao.accs.utl.UtilityImpl.getServiceEnabled(UtilityImpl.java:132)
06-05 15:14:54.265 23117 23117 W System.err: 	at com.taobao.accs.internal.ReceiverImpl.onReceive(ReceiverImpl.java:23)
06-05 15:14:54.265 23117 23117 W System.err: 	at com.taobao.accs.base.BaseReceiver.onReceive(BaseReceiver.java:36)
06-05 15:14:54.265 23117 23117 W System.err: 	at android.app.ActivityThread.handleReceiver(ActivityThread.java:3436)
06-05 15:14:54.265 23117 23117 W System.err: 	at android.app.ActivityThread.-wrap18(Unknown Source:0)
06-05 15:14:54.265 23117 23117 W System.err: 	at android.app.ActivityThread$H.handleMessage(ActivityThread.java:1840)
06-05 15:14:54.265 23117 23117 W System.err: 	at android.os.Handler.dispatchMessage(Handler.java:106)
06-05 15:14:54.265 23117 23117 W System.err: 	at android.os.Looper.loop(Looper.java:164)
06-05 15:14:54.265 23117 23117 W System.err: 	at android.app.ActivityThread.main(ActivityThread.java:6906)
06-05 15:14:54.265 23117 23117 W System.err: 	at java.lang.reflect.Method.invoke(Native Method)
06-05 15:14:54.265 23117 23117 W System.err: 	at com.android.internal.os.RuntimeInit$MethodAndArgsCaller.run(RuntimeInit.java:438)
06-05 15:14:54.265 23117 23117 W System.err: 	at com.android.internal.os.ZygoteInit.main(ZygoteInit.java:820)
06-05 15:14:54.266 23117 23117 I Process : killProcess pid=23117
06-05 15:14:54.266 23117 23117 I Process : java.lang.RuntimeException
06-05 15:14:54.266 23117 23117 I Process : 	at android.os.Process.killProcess(Process.java:979)
06-05 15:14:54.266 23117 23117 I Process : 	at com.taobao.accs.internal.ReceiverImpl.onReceive(ReceiverImpl.java:27)
06-05 15:14:54.266 23117 23117 I Process : 	at com.taobao.accs.base.BaseReceiver.onReceive(BaseReceiver.java:36)
06-05 15:14:54.266 23117 23117 I Process : 	at android.app.ActivityThread.handleReceiver(ActivityThread.java:3436)
06-05 15:14:54.266 23117 23117 I Process : 	at android.app.ActivityThread.-wrap18(Unknown Source:0)
06-05 15:14:54.266 23117 23117 I Process : 	at android.app.ActivityThread$H.handleMessage(ActivityThread.java:1840)
06-05 15:14:54.266 23117 23117 I Process : 	at android.os.Handler.dispatchMessage(Handler.java:106)
06-05 15:14:54.266 23117 23117 I Process : 	at android.os.Looper.loop(Looper.java:164)
06-05 15:14:54.266 23117 23117 I Process : 	at android.app.ActivityThread.main(ActivityThread.java:6906)
06-05 15:14:54.266 23117 23117 I Process : 	at java.lang.reflect.Method.invoke(Native Method)
06-05 15:14:54.266 23117 23117 I Process : 	at com.android.internal.os.RuntimeInit$MethodAndArgsCaller.run(RuntimeInit.java:438)
06-05 15:14:54.266 23117 23117 I Process : 	at com.android.internal.os.ZygoteInit.main(ZygoteInit.java:820)
06-05 15:14:54.266 23117 23117 I Process : Sending signal. PID: 23117 SIG: 9
06-05 15:14:54.207 23117 23117 I SmtPCUtils#ContextImpl: create default context, displayId: 0, package: com.alibaba.android.rimet
06-05 15:14:54.293  1248  3440 I ActivityManager: Process com.alibaba.android.rimet:channel (pid 23117) has died: fore RCVR
06-05 15:14:54.293  1248  1312 W zygote64: kill(-23117, 9) failed: No such process
06-05 15:14:54.293  1248  1312 I zygote64: Successfully killed process cgroup uid 10164 pid 23117 in 0ms
06-05 15:14:54.294  1248  3440 I WindowManager: continueLayout without performSurfacePlacement called, skip calling performSurfacePlacement()
06-05 15:14:54.307  1248  1603 D WindowManager: interceptKeyTq keycode=290 down=true interactive=true keyguardActive=false policyFlags=22000000
06-05 15:14:54.307  1248  1603 D WindowManager: interceptKeyBeforeQueueing isWakeKey=false isInjected= false result= 1
06-05 15:14:54.307  1248  1603 D VibratorService: Turning vibrator off.
06-05 15:14:54.307   695   695 I VibSvcHIDL: turn vibrator off
06-05 15:14:54.308   695   695 I VibSvcHIDL: effect: 19, strength:1, feedback: 2002
06-05 15:14:54.308  1248  1603 D WindowManager: interceptKeyBeforeQueueing keycode=290 result: 0
06-05 15:14:54.308  1248  1603 D WindowManager: interceptKeyTq keycode=290 down=false interactive=true keyguardActive=false policyFlags=22000000
06-05 15:14:54.308  1248  1603 D WindowManager: interceptKeyBeforeQueueing isWakeKey=false isInjected= false result= 1
06-05 15:14:54.308  1248  1603 D WindowManager: interceptKeyBeforeQueueing keycode=290 result: 0
06-05 15:14:54.328  1248  1248 E VibratorService: Vibration finished, cleaning up
06-05 15:14:54.328  1248  1248 D VibratorService: Turning vibrator off.
06-05 15:14:54.328   695   695 I VibSvcHIDL: turn vibrator off
06-05 15:14:54.351  1248  1603 D WindowManager: interceptKeyTq keycode=3 down=true interactive=true keyguardActive=false policyFlags=22000000
06-05 15:14:54.351  1248  1603 D WindowManager: interceptKeyBeforeQueueing isWakeKey=false isInjected= false result= 1
06-05 15:14:54.351  1248  1603 D WindowManager: mSqueezeSideDownAction=side_bar mSqueezeSideUpAction=torch mPowerKeyTriggered=false mHomeKeyTriggered=true mMenuKeyTriggered=false mBackKeyTriggered=false mVolumeUpKeyTriggered=false mVolumeDownKeyTriggered=false mBrightnessUpKeyTriggered=false mBrightnessDownKeyTriggered=false mSmartKeyTriggered=false
06-05 15:14:54.351  1248  1603 D WindowManager: null is detected
06-05 15:14:54.351  1248  1603 D WindowManager: interceptKeyBeforeQueueing home key passToUser: true
06-05 15:14:54.351  1248  1603 D WindowManager: interceptKeyBeforeQueueing keycode=3 result: 1
06-05 15:14:54.351  1248  1603 D WindowManager: interceptKeyTq keycode=3 down=false interactive=true keyguardActive=false policyFlags=22000000
06-05 15:14:54.351  1248  1603 D WindowManager: interceptKeyBeforeQueueing isWakeKey=false isInjected= false result= 1
06-05 15:14:54.351  1248  1603 D WindowManager: cancelLongPressOnHome, wake lock isHeld: false
06-05 15:14:54.351  1248  1603 D WindowManager: interceptKeyBeforeQueueing home key passToUser: true
06-05 15:14:54.351  1248  1603 D WindowManager: interceptKeyBeforeQueueing keycode=3 result: 1
06-05 15:14:54.351  1248  1311 I WindowManager: sendVoiceKeyUpActionCheckedInUiThread  :false
06-05 15:14:54.352  1248  1602 D WindowManager: interceptKeyTi keyCode=3 down=true repeatCount=0 keyguardOn=false canceled=false deviceId:6 interactive:true lunched:screenshot
06-05 15:14:54.352  1248  1602 D WindowManager: Before dispatch: keyCode=3 keyTime=18307022 Down=true alreadyUp=true consumed=false now=18306923 timeout=18307422 win=Window{a69915d u0 com.hcz017.hellojni/com.hcz017.hellojni.MainActivity}
06-05 15:14:54.352  1248  1602 D WindowManager: interceptKeyTi keyCode=3 down=false repeatCount=0 keyguardOn=false canceled=false deviceId:6 interactive:true lunched:screenshot
06-05 15:14:54.352  1248  1602 D WindowManager: Before dispatch: keyCode=3 keyTime=18307022 Down=false alreadyUp=true consumed=false now=18306924 timeout=18307422 win=Window{a69915d u0 com.hcz017.hellojni/com.hcz017.hellojni.MainActivity}
06-05 15:14:54.354  1248  1602 I WindowManager: launchHomeFromHotKey  startDockOrHome
06-05 15:14:54.355  1248  1602 I WindowManager: startDockOrHome , will be home,  finally launch:Intent { act=android.intent.action.MAIN cat=[android.intent.category.HOME] flg=0x10200000 (has extras) }
06-05 15:14:54.356  1721  1721 D Tile.MobileDataTile: refreshState
06-05 15:14:54.356  1721  1721 D Tile.PowerSaveTile: refreshState
06-05 15:14:54.357  1721  2342 D Tile.MobileDataTile: handleRefreshState label: 蜂窝移动数据
06-05 15:14:54.357  1721  2342 D Tile.MobileDataTile: handleMessage for: handleRefreshState
06-05 15:14:54.357  1721  2342 D Tile.PowerSaveTile: handleRefreshState label: 省电模式
06-05 15:14:54.357  1721  2342 D Tile.PowerSaveTile: handleMessage for: handleRefreshState
06-05 15:14:54.359  1248  1602 I ActivityManager: START u0 {act=android.intent.action.MAIN cat=[android.intent.category.HOME] flg=0x10200000 cmp=com.smartisanos.launcher/.Launcher (has extras)} from uid 1000
06-05 15:14:54.372  1248  1602 D         : SurfaceMonitor closed!
06-05 15:14:54.383  1248  1602 V WindowManager: setAppVisibility(Token{e471b86 ActivityRecord{c9f8461 u0 com.smartisanos.launcher/.Launcher t5163}}, visible=true): mNextAppTransition=TRANSIT_APPLICATION_OPEN hidden=true hiddenRequested=true Callers=com.android.server.am.ActivityRecord.setVisibility:1729 com.android.server.am.ActivityStack.resumeTopActivityInnerLocked:2956 com.android.server.am.ActivityStack.resumeTopActivityUncheckedLocked:2480 com.android.server.am.ActivityStackSupervisor.resumeFocusedStackTopActivityLocked:2274 com.android.server.am.ActivityStackSupervisor.resumeFocusedStackTopActivityLocked:2251 com.android.server.am.ActivityStack.moveTaskToFrontInternalLocked:5145 
06-05 15:14:54.385  1248  1602 I WindowManager: updateOrientation = com.android.server.wm.WindowManagerService.updateOrientationFromAppTokensLocked:2975 com.android.server.wm.WindowManagerService.updateOrientationFromAppTokens:2958 com.android.server.am.ActivityStack.resumeTopActivityInnerLocked:2992 com.android.server.am.ActivityStack.resumeTopActivityUncheckedLocked:2480 com.android.server.am.ActivityStackSupervisor.resumeFocusedStackTopActivityLocked:2274 com.android.server.am.ActivityStackSupervisor.resumeFocusedStackTopActivityLocked:2251 com.android.server.am.ActivityStack.moveTaskToFrontInternalLocked:5145 com.android.server.am.ActivityStack.moveTaskToFrontLocked:5048 com.android.server.am.ActivityStarter.setTargetStackAndMoveToFrontIfNeeded:2020 com.android.server.am.ActivityStarter.startActivityUnchecked:1408 com.android.server.am.ActivityStarter.startActivity:1219 com.android.server.am.ActivityStarter.startActivity:724 com.android.server.am.ActivityStarter.startActivityLocked:398 com.android.server.am.ActivityStarter.startActivityMayWait:1041 com.android.server.am.ActivityManagerService.startActivityAsUser:5682 android.app.ContextImpl.startActivityAsUser:905 
06-05 15:14:54.385  1248  1602 I WindowManager: getOrientation appwindow = AppWindowToken{5c147d1 token=Token{e471b86 ActivityRecord{c9f8461 u0 com.smartisanos.launcher/.Launcher t5163}}} : isInClose = false , isVis = false , isInOpen = true, istop = true, sendToBottom = false, finishing = false, orient = 1
06-05 15:14:54.385  1248  1602 V WindowManager: App is requesting an orientation, return 1
06-05 15:14:54.385  1248  1602 V WindowManager: Selected orientation 1, got rotation 0 which has compatible metrics
06-05 15:14:54.386  1248  1602 V WindowManager: setAppVisibility(Token{bb7fabc ActivityRecord{34f1590 u0 com.hcz017.hellojni/.MainActivity t5270}}, visible=false): mNextAppTransition=TRANSIT_APPLICATION_OPEN hidden=false hiddenRequested=false Callers=com.android.server.am.ActivityRecord.setVisibility:1729 com.android.server.am.ActivityRecord.setVisible:1748 com.android.server.am.ActivityStack.makeInvisible:2319 com.android.server.am.ActivityStack.ensureActivitiesVisibleLocked:2111 com.android.server.am.ActivityStackSupervisor.ensureActivitiesVisibleLocked:3712 com.android.server.am.ActivityManagerService.ensureConfigAndVisibilityAfterUpdate:23371 
06-05 15:14:54.387  1248  1602 V WindowManager: setAppVisibility(Token{e471b86 ActivityRecord{c9f8461 u0 com.smartisanos.launcher/.Launcher t5163}}, visible=true): mNextAppTransition=TRANSIT_APPLICATION_OPEN hidden=true hiddenRequested=false Callers=com.android.server.am.ActivityRecord.setVisibility:1729 com.android.server.am.ActivityRecord.setVisible:1748 com.android.server.am.ActivityRecord.completeResumeLocked:1858 com.android.server.am.ActivityStack.resumeTopActivityInnerLocked:3092 com.android.server.am.ActivityStack.resumeTopActivityUncheckedLocked:2480 com.android.server.am.ActivityStackSupervisor.resumeFocusedStackTopActivityLocked:2274 
06-05 15:14:54.391  1248  1602 V WindowManager: Eval win Window{5baada4 u0 com.smartisanos.launcher/com.smartisanos.launcher.Launcher}: isDrawn=false, isAnimationSet=true
06-05 15:14:54.391  1248  1602 V WindowManager: Not displayed: s=null pv=true mDrawState=NO_SURFACE ph=false th=false a=false
06-05 15:14:54.393  1248  3440 I WindowManager: updateOrientation = com.android.server.wm.WindowManagerService.relayoutWindow:2574 com.android.server.wm.Session.relayout:244 android.view.IWindowSession$Stub.onTransact:286 com.android.server.wm.Session.onTransact:168 android.os.Binder.execTransact:813 <bottom of call stack> <bottom of call stack> <bottom of call stack> <bottom of call stack> <bottom of call stack> <bottom of call stack> <bottom of call stack> <bottom of call stack> <bottom of call stack> <bottom of call stack> <bottom of call stack> 
06-05 15:14:54.393  1248  3440 I WindowManager: getOrientation appwindow = AppWindowToken{5c147d1 token=Token{e471b86 ActivityRecord{c9f8461 u0 com.smartisanos.launcher/.Launcher t5163}}} : isInClose = false , isVis = false , isInOpen = true, istop = true, sendToBottom = false, finishing = false, orient = 1
06-05 15:14:54.393  1248  3440 V WindowManager: App is requesting an orientation, return 1
06-05 15:14:54.395  1248  3440 V WindowManager: Eval win Window{5baada4 u0 com.smartisanos.launcher/com.smartisanos.launcher.Launcher}: isDrawn=false, isAnimationSet=true
06-05 15:14:54.395  1248  3440 V WindowManager: Not displayed: s=null pv=true mDrawState=NO_SURFACE ph=false th=false a=false
06-05 15:14:54.400  2229  2250 D AMapControlService: onActivitiesForeground com.smartisanos.launcher/com.smartisanos.launcher.Launcher
06-05 15:14:54.400  1797  1797 I Sidebar : SideView :  onActivitiesForeground activity= com.smartisanos.launcher/com.smartisanos.launcher.Launcher uid= 10023 prvPkgName= com.hcz017.hellojni
06-05 15:14:54.400  2229  2276 D AMapControlService: workerCallBack , not use infinity :false
06-05 15:14:54.408  1248  3440 I WindowManager: createSurface WindowStateAnimator{aa4bd0e com.smartisanos.launcher/com.smartisanos.launcher.Launcher}: mDrawState=DRAW_PENDING
06-05 15:14:54.409   719   719 D         : SurfaceMonitor closed!
06-05 15:14:54.412  1248  3440 I WindowManager: updateOrientation = com.android.server.wm.WindowManagerService.relayoutWindow:2574 com.android.server.wm.Session.relayout:244 android.view.IWindowSession$Stub.onTransact:286 com.android.server.wm.Session.onTransact:168 android.os.Binder.execTransact:813 <bottom of call stack> <bottom of call stack> <bottom of call stack> <bottom of call stack> <bottom of call stack> <bottom of call stack> <bottom of call stack> <bottom of call stack> <bottom of call stack> <bottom of call stack> <bottom of call stack> 
06-05 15:14:54.412  1248  3440 I WindowManager: getOrientation appwindow = AppWindowToken{5c147d1 token=Token{e471b86 ActivityRecord{c9f8461 u0 com.smartisanos.launcher/.Launcher t5163}}} : isInClose = false , isVis = false , isInOpen = true, istop = true, sendToBottom = false, finishing = false, orient = 1
06-05 15:14:54.412  1248  3440 V WindowManager: App is requesting an orientation, return 1
06-05 15:14:54.414  1248  3440 V WindowManager: Eval win Window{5baada4 u0 com.smartisanos.launcher/com.smartisanos.launcher.Launcher}: isDrawn=false, isAnimationSet=true
06-05 15:14:54.414  1248  3440 V WindowManager: Not displayed: s=Surface(name=com.smartisanos.launcher/com.smartisanos.launcher.Launcher) pv=true mDrawState=DRAW_PENDING ph=false th=false a=false
06-05 15:14:54.422   719   719 I chatty  : uid=1000(system) /system/bin/surfaceflinger identical 1 line
06-05 15:14:54.423   719   719 D         : SurfaceMonitor closed!
06-05 15:14:54.436  1721  2203 W Adreno-GSL: <ioctl_ion_cacheoperation:3605>: ioctl fd 64 code 0xc0104906 failed: errno 22 Invalid argument
06-05 15:14:54.439  1721  2203 W Adreno-GSL: <ioctl_ion_cacheoperation:3605>: ioctl fd 64 code 0xc0104906 failed: errno 22 Invalid argument
06-05 15:14:54.451  1248  1603 D WindowManager: interceptKeyTq keycode=290 down=true interactive=true keyguardActive=false policyFlags=22000000
06-05 15:14:54.451  1248  1603 D WindowManager: interceptKeyBeforeQueueing isWakeKey=false isInjected= false result= 1
06-05 15:14:54.451  1248  1603 D VibratorService: Turning vibrator off.
06-05 15:14:54.451   695   695 I VibSvcHIDL: turn vibrator off
06-05 15:14:54.452   695   695 I VibSvcHIDL: effect: 19, strength:1, feedback: 2002
06-05 15:14:54.452  1248  1603 D WindowManager: interceptKeyBeforeQueueing keycode=290 result: 0
06-05 15:14:54.452  1248  1603 D WindowManager: interceptKeyTq keycode=290 down=false interactive=true keyguardActive=false policyFlags=22000000
06-05 15:14:54.452  1248  1603 D WindowManager: interceptKeyBeforeQueueing isWakeKey=false isInjected= false result= 1
06-05 15:14:54.452  1248  1603 D WindowManager: interceptKeyBeforeQueueing keycode=290 result: 0
06-05 15:14:54.471  1248  1248 E VibratorService: Vibration finished, cleaning up
06-05 15:14:54.471  1248  1248 D VibratorService: Turning vibrator off.
06-05 15:14:54.471   695   695 I VibSvcHIDL: turn vibrator off
06-05 15:14:54.504  1248  1257 I zygote64: NativeAlloc concurrent copying GC freed 139779(7MB) AllocSpace objects, 31(1212KB) LOS objects, 42% free, 29MB/50MB, paused 109us total 115.393ms
06-05 15:14:54.531  1248  7879 V WindowManager: finishDrawingLocked: mDrawState=COMMIT_DRAW_PENDING Window{5baada4 u0 com.smartisanos.launcher/com.smartisanos.launcher.Launcher} in Surface(name=com.smartisanos.launcher/com.smartisanos.launcher.Launcher)
06-05 15:14:54.531  1248  1603 D WindowManager: interceptKeyTq keycode=3 down=true interactive=true keyguardActive=false policyFlags=22000000
06-05 15:14:54.531  1248  1603 D WindowManager: interceptKeyBeforeQueueing isWakeKey=false isInjected= false result= 1
06-05 15:14:54.531  1248  1603 D WindowManager: mSqueezeSideDownAction=side_bar mSqueezeSideUpAction=torch mPowerKeyTriggered=false mHomeKeyTriggered=true mMenuKeyTriggered=false mBackKeyTriggered=false mVolumeUpKeyTriggered=false mVolumeDownKeyTriggered=false mBrightnessUpKeyTriggered=false mBrightnessDownKeyTriggered=false mSmartKeyTriggered=false
06-05 15:14:54.531  1248  1603 D WindowManager: null is detected
06-05 15:14:54.531  1248  1603 D WindowManager: interceptKeyBeforeQueueing home key passToUser: true
06-05 15:14:54.531  1248  1603 D WindowManager: interceptKeyBeforeQueueing keycode=3 result: 1
06-05 15:14:54.532  1248  1603 D WindowManager: interceptKeyTq keycode=3 down=false interactive=true keyguardActive=false policyFlags=22000000
06-05 15:14:54.532  1248  1603 D WindowManager: interceptKeyBeforeQueueing isWakeKey=false isInjected= false result= 1
06-05 15:14:54.532  1248  1603 D WindowManager: cancelLongPressOnHome, wake lock isHeld: false
06-05 15:14:54.532  1248  1603 D WindowManager: interceptKeyBeforeQueueing home key passToUser: true
06-05 15:14:54.532  1248  1581 V WindowManager: Eval win Window{5baada4 u0 com.smartisanos.launcher/com.smartisanos.launcher.Launcher}: isDrawn=true, isAnimationSet=true
06-05 15:14:54.532  1248  1311 I WindowManager: sendVoiceKeyUpActionCheckedInUiThread  :false
06-05 15:14:54.532  1248  1581 V WindowManager: tokenMayBeDrawn: AppWindowToken{5c147d1 token=Token{e471b86 ActivityRecord{c9f8461 u0 com.smartisanos.launcher/.Launcher t5163}}} w=Window{5baada4 u0 com.smartisanos.launcher/com.smartisanos.launcher.Launcher} numInteresting=1 freezingScreen=false mAppFreezing=false
06-05 15:14:54.532  1248  1581 V WindowManager: tokenMayBeDrawnExcludingSaved: AppWindowToken{5c147d1 token=Token{e471b86 ActivityRecord{c9f8461 u0 com.smartisanos.launcher/.Launcher t5163}}} w=Window{5baada4 u0 com.smartisanos.launcher/com.smartisanos.launcher.Launcher} numInteresting=1 freezingScreen=false mAppFreezing=false
06-05 15:14:54.532  1248  1603 D WindowManager: interceptKeyBeforeQueueing keycode=3 result: 1
06-05 15:14:54.532  1248  1581 V WindowManager: Resize reasons for w=Window{318e51e u0 com.android.systemui.ImageWallpaper}:  contentInsetsChanged=false [0,0][0,0] visibleInsetsChanged=true [0,0][0,0] stableInsetsChanged=false [0,60][0,0] outsetsChanged=false [0,0][0,0] surfaceResized=false configChanged=false dragResizingChanged=false resizedWhileNotDragResizingReported=true reportOrientationChanged=false
06-05 15:14:54.532  1248  1581 V WindowManager: Resizing window Window{318e51e u0 com.android.systemui.ImageWallpaper}
06-05 15:14:54.532  1248  1602 D WindowManager: interceptKeyTi keyCode=3 down=true repeatCount=0 keyguardOn=false canceled=false deviceId:6 interactive:true lunched:screenshot
06-05 15:14:54.532  1248  1602 D WindowManager: Before dispatch: keyCode=3 keyTime=18307203 Down=true alreadyUp=true consumed=false now=18307104 timeout=18307603 win=Window{5baada4 u0 com.smartisanos.launcher/com.smartisanos.launcher.Launcher}
06-05 15:14:54.533  1248  1602 D WindowManager: interceptKeyTi keyCode=3 down=false repeatCount=0 keyguardOn=false canceled=false deviceId:6 interactive:true lunched:screenshot
06-05 15:14:54.533  1248  1602 D WindowManager: Before dispatch: keyCode=3 keyTime=18307203 Down=false alreadyUp=true consumed=false now=18307104 timeout=18307603 win=Window{5baada4 u0 com.smartisanos.launcher/com.smartisanos.launcher.Launcher}
06-05 15:14:54.534  1248  1581 V WindowManager: Reporting new frame to Window{318e51e u0 com.android.systemui.ImageWallpaper}: Rect(0, 0 - 1080, 2160)
06-05 15:14:54.535  1248  1581 I WindowManager: updateOrientation = com.android.server.wm.DisplayContent.applySurfaceChangesTransaction:3085 com.android.server.wm.RootWindowContainer.applySurfaceChangesTransaction:1038 com.android.server.wm.RootWindowContainer.performSurfacePlacement:752 com.android.server.wm.WindowSurfacePlacer.performSurfacePlacementLoop:215 com.android.server.wm.WindowSurfacePlacer.performSurfacePlacement:164 com.android.server.wm.WindowSurfacePlacer.performSurfacePlacement:151 com.android.server.wm.WindowSurfacePlacer.lambda$-com_android_server_wm_WindowSurfacePlacer_5742:118 com.android.server.wm.-$Lambda$Gcx1KjSpk6tDGVL8gS5xoExwbWM.$m$10:4 com.android.server.wm.-$Lambda$Gcx1KjSpk6tDGVL8gS5xoExwbWM.run:51 android.os.Handler.handleCallback:790 android.os.Handler.dispatchMessage:99 android.os.Looper.loop:164 android.os.HandlerThread.run:65 com.android.server.ServiceThread.run:46 <bottom of call stack> <bottom of call stack> 
06-05 15:14:54.535  1248  1581 I WindowManager: getOrientation appwindow = AppWindowToken{5c147d1 token=Token{e471b86 ActivityRecord{c9f8461 u0 com.smartisanos.launcher/.Launcher t5163}}} : isInClose = false , isVis = true , isInOpen = false, istop = true, sendToBottom = false, finishing = false, orient = 1
06-05 15:14:54.535  1248  1581 V WindowManager: App is requesting an orientation, return 1
06-05 15:14:54.538  1248  7879 I WindowManager: updateOrientation = com.android.server.wm.WindowManagerService.relayoutWindow:2574 com.android.server.wm.Session.relayout:244 android.view.IWindowSession$Stub.onTransact:286 com.android.server.wm.Session.onTransact:168 android.os.Binder.execTransact:813 <bottom of call stack> <bottom of call stack> <bottom of call stack> <bottom of call stack> <bottom of call stack> <bottom of call stack> <bottom of call stack> <bottom of call stack> <bottom of call stack> <bottom of call stack> <bottom of call stack> 
06-05 15:14:54.538  1248  7879 I WindowManager: getOrientation appwindow = AppWindowToken{5c147d1 token=Token{e471b86 ActivityRecord{c9f8461 u0 com.smartisanos.launcher/.Launcher t5163}}} : isInClose = false , isVis = true , isInOpen = false, istop = true, sendToBottom = false, finishing = false, orient = 1
06-05 15:14:54.538  1248  7879 V WindowManager: App is requesting an orientation, return 1
06-05 15:14:54.538  1248  1602 I WindowManager: launchHomeFromHotKey  startDockOrHome
06-05 15:14:54.539  1248  1602 I WindowManager: startDockOrHome , will be home,  finally launch:Intent { act=android.intent.action.MAIN cat=[android.intent.category.HOME] flg=0x10200000 (has extras) }
06-05 15:14:54.545  1248  1602 I ActivityManager: START u0 {act=android.intent.action.MAIN cat=[android.intent.category.HOME] flg=0x10200000 cmp=com.smartisanos.launcher/.Launcher (has extras)} from uid 1000
06-05 15:14:54.546  1721  1721 D Tile.MobileDataTile: refreshState
06-05 15:14:54.546  1721  1721 D Tile.PowerSaveTile: refreshState
06-05 15:14:54.548  1721  2342 D Tile.MobileDataTile: handleRefreshState label: 蜂窝移动数据
06-05 15:14:54.549  1721  2342 D Tile.MobileDataTile: handleMessage for: handleRefreshState
06-05 15:14:54.549  1721  2342 D Tile.PowerSaveTile: handleRefreshState label: 省电模式
06-05 15:14:54.549  1721  2342 D Tile.PowerSaveTile: handleMessage for: handleRefreshState
06-05 15:14:54.734  1734  1734 I KeyguardUpdateMonitor: CheckFingerprintTimeout and updateFingerprintListeningState
06-05 15:14:54.734  1734  1734 I KeyguardUpdateMonitor: shouldListenForFingerprint result false screenOff:false, kv:false, su:false, fr:false, fie:true, pda:false, isps:false,isa:false,obc:false,pmu:false,rfp:false,lbcf:false,ksul:true
06-05 15:14:54.830  1248  1581 V WindowManager: Eval win Window{5baada4 u0 com.smartisanos.launcher/com.smartisanos.launcher.Launcher}: isDrawn=true, isAnimationSet=false
06-05 15:14:54.830  1248  1581 V WindowManager: tokenMayBeDrawn: AppWindowToken{5c147d1 token=Token{e471b86 ActivityRecord{c9f8461 u0 com.smartisanos.launcher/.Launcher t5163}}} w=Window{5baada4 u0 com.smartisanos.launcher/com.smartisanos.launcher.Launcher} numInteresting=1 freezingScreen=false mAppFreezing=false
06-05 15:14:54.830  1248  1581 V WindowManager: tokenMayBeDrawnExcludingSaved: AppWindowToken{5c147d1 token=Token{e471b86 ActivityRecord{c9f8461 u0 com.smartisanos.launcher/.Launcher t5163}}} w=Window{5baada4 u0 com.smartisanos.launcher/com.smartisanos.launcher.Launcher} numInteresting=1 freezingScreen=false mAppFreezing=false
06-05 15:14:54.882  1248  1310 W ActivityManager: Activity pause timeout for ActivityRecord{34f1590 u0 com.hcz017.hellojni/.MainActivity t5270}
06-05 15:14:54.883  1248  1310 V WindowManager: Clear freezing of Token{bb7fabc ActivityRecord{34f1590 u0 com.hcz017.hellojni/.MainActivity t5270}}: hidden=true freezing=false
06-05 15:14:54.883  2229  2250 D AMapControlService: onActivityPauseBackground com.hcz017.hellojni act:ComponentInfo{com.hcz017.hellojni/com.hcz017.hellojni.MainActivity}
06-05 15:14:54.884  1248  1310 I WindowManager: continueLayout without performSurfacePlacement called, skip calling performSurfacePlacement()
06-05 15:14:55.015 22932 22932 D MainActivity: step 1 run time: 1.1810907386805247s
06-05 15:14:55.997   837 21834 D AudioFlinger: getActiveClientsByStreamType(), stream type 3, active clients 
06-05 15:14:56.015 22932 22932 D MainActivity: step 2 run time: 2.4233383032426414s
06-05 15:14:57.017  1734  1907 I zygote64: Explicit concurrent copying GC freed 4892(434KB) AllocSpace objects, 0(0B) LOS objects, 53% free, 1355KB/2MB, paused 97us total 23.443ms
06-05 15:14:57.020 22932 22932 D MainActivity: step 3 run time: 3.0417470428523474s
06-05 15:14:58.026 22932 22932 D MainActivity: step 4 run time: 4.364102617436791s
06-05 15:14:58.310  1248  7879 I ActivityManager: START u0 {act=android.intent.action.MAIN cat=[android.intent.category.LAUNCHER] flg=0x10200000 cmp=com.hcz017.hellojni/.MainActivity (has extras)} from uid 10023
06-05 15:14:58.325  1248  1581 I WindowManager: createSurface WindowStateAnimator{6055ff4 SnapshotStartingWindow for taskId=5270}: mDrawState=DRAW_PENDING
06-05 15:14:58.326   719   719 D         : SurfaceMonitor closed!
06-05 15:14:58.326  2229  2250 D AMapControlService: onActivityPauseBackground com.smartisanos.launcher act:ComponentInfo{com.smartisanos.launcher/com.smartisanos.launcher.Launcher}
06-05 15:14:58.327  1248  1581 I WindowManager: updateOrientation = com.android.server.wm.WindowManagerService.relayoutWindow:2574 com.android.server.wm.Session.relayout:244 com.android.server.wm.TaskSnapshotSurface.create:223 com.android.server.wm.TaskSnapshotController.createStartingSurface:221 com.android.server.wm.SnapshotStartingData.createStartingSurface:39 com.android.server.wm.AppWindowContainerController.lambda$-com_android_server_wm_AppWindowContainerController_5170:158 com.android.server.wm.-$Lambda$Gcx1KjSpk6tDGVL8gS5xoExwbWM.$m$2:4 com.android.server.wm.-$Lambda$Gcx1KjSpk6tDGVL8gS5xoExwbWM.run:19 android.os.Handler.handleCallback:790 android.os.Handler.dispatchMessage:99 android.os.Looper.loop:164 android.os.HandlerThread.run:65 com.android.server.ServiceThread.run:46 <bottom of call stack> <bottom of call stack> <bottom of call stack> 
06-05 15:14:58.328  1248  1581 I WindowManager: getOrientation appwindow = AppWindowToken{7cbdbe4 token=Token{bb7fabc ActivityRecord{34f1590 u0 com.hcz017.hellojni/.MainActivity t5270}}} : isInClose = false , isVis = false , isInOpen = false, istop = true, sendToBottom = false, finishing = false, orient = -1
06-05 15:14:58.328  1248  1581 V WindowManager: App is requesting an orientation, return -1
06-05 15:14:58.328  1248  1581 V WindowManager: Selected orientation -1, got rotation 0 which has compatible metrics
06-05 15:14:58.329  1248  1581 V WindowManager: Eval win Window{a69915d u0 com.hcz017.hellojni/com.hcz017.hellojni.MainActivity}: isDrawn=true, isAnimationSet=false
06-05 15:14:58.329  1248  1581 V WindowManager: tokenMayBeDrawn: AppWindowToken{7cbdbe4 token=Token{bb7fabc ActivityRecord{34f1590 u0 com.hcz017.hellojni/.MainActivity t5270}}} w=Window{a69915d u0 com.hcz017.hellojni/com.hcz017.hellojni.MainActivity} numInteresting=1 freezingScreen=false mAppFreezing=false
06-05 15:14:58.329  1248  1581 V WindowManager: tokenMayBeDrawnExcludingSaved: AppWindowToken{7cbdbe4 token=Token{bb7fabc ActivityRecord{34f1590 u0 com.hcz017.hellojni/.MainActivity t5270}}} w=Window{a69915d u0 com.hcz017.hellojni/com.hcz017.hellojni.MainActivity} numInteresting=1 freezingScreen=false mAppFreezing=false
06-05 15:14:58.336  1248 11004 V WindowManager: Clear freezing of Token{e471b86 ActivityRecord{c9f8461 u0 com.smartisanos.launcher/.Launcher t5163}}: hidden=false freezing=false
06-05 15:14:58.336  1248  1581 V WindowManager: finishDrawingLocked: mDrawState=COMMIT_DRAW_PENDING Window{e3e631d u0 SnapshotStartingWindow for taskId=5270} in Surface(name=SnapshotStartingWindow for taskId=5270)
06-05 15:14:58.338  1248 11004 V WindowManager: setAppVisibility(Token{bb7fabc ActivityRecord{34f1590 u0 com.hcz017.hellojni/.MainActivity t5270}}, visible=true): mNextAppTransition=TRANSIT_APPLICATION_OPEN hidden=true hiddenRequested=true Callers=com.android.server.am.ActivityRecord.setVisibility:1729 com.android.server.am.ActivityStack.resumeTopActivityInnerLocked:2956 com.android.server.am.ActivityStack.resumeTopActivityUncheckedLocked:2480 com.android.server.am.ActivityStackSupervisor.resumeFocusedStackTopActivityLocked:2262 com.android.server.am.ActivityStack.completePauseLocked:1647 com.android.server.am.ActivityStack.activityPausedLocked:1569 
06-05 15:14:58.348  1248 11004 I WindowManager: updateOrientation = com.android.server.wm.WindowManagerService.updateOrientationFromAppTokensLocked:2975 com.android.server.wm.WindowManagerService.updateOrientationFromAppTokens:2958 com.android.server.am.ActivityStack.resumeTopActivityInnerLocked:2992 com.android.server.am.ActivityStack.resumeTopActivityUncheckedLocked:2480 com.android.server.am.ActivityStackSupervisor.resumeFocusedStackTopActivityLocked:2262 com.android.server.am.ActivityStack.completePauseLocked:1647 com.android.server.am.ActivityStack.activityPausedLocked:1569 com.android.server.am.ActivityManagerService.activityPaused:9229 android.app.IActivityManager$Stub.onTransact:317 com.android.server.am.ActivityManagerService.onTransact:3776 android.os.Binder.execTransact:813 <bottom of call stack> <bottom of call stack> <bottom of call stack> <bottom of call stack> <bottom of call stack> 
06-05 15:14:58.348  1248 11004 I WindowManager: getOrientation appwindow = AppWindowToken{7cbdbe4 token=Token{bb7fabc ActivityRecord{34f1590 u0 com.hcz017.hellojni/.MainActivity t5270}}} : isInClose = false , isVis = false , isInOpen = true, istop = true, sendToBottom = false, finishing = false, orient = -1
06-05 15:14:58.348  1248 11004 V WindowManager: App is requesting an orientation, return -1
