06-05 15:16:09.776  1248  1581 V WindowManager: tokenMayBeDrawnExcludingSaved: AppWindowToken{5c147d1 token=Token{e471b86 ActivityRecord{c9f8461 u0 com.smartisanos.launcher/.Launcher t5163}}} w=Window{5baada4 u0 com.smartisanos.launcher/com.smartisanos.launcher.Launcher} numInteresting=1 freezingScreen=false mAppFreezing=false
06-05 15:16:09.776  1248  1581 V WindowManager: Resize reasons for w=Window{318e51e u0 com.android.systemui.ImageWallpaper}:  contentInsetsChanged=false [0,0][0,0] visibleInsetsChanged=true [0,0][0,0] stableInsetsChanged=false [0,60][0,0] outsetsChanged=false [0,0][0,0] surfaceResized=false configChanged=false dragResizingChanged=false resizedWhileNotDragResizingReported=true reportOrientationChanged=false
06-05 15:16:09.776  1248  1581 V WindowManager: Resizing window Window{318e51e u0 com.android.systemui.ImageWallpaper}
06-05 15:16:09.777  1248  1581 V WindowManager: Reporting new frame to Window{318e51e u0 com.android.systemui.ImageWallpaper}: Rect(0, 0 - 1080, 2160)
06-05 15:16:09.778  1248  1581 I WindowManager: updateOrientation = com.android.server.wm.DisplayContent.applySurfaceChangesTransaction:3085 com.android.server.wm.RootWindowContainer.applySurfaceChangesTransaction:1038 com.android.server.wm.RootWindowContainer.performSurfacePlacement:752 com.android.server.wm.WindowSurfacePlacer.performSurfacePlacementLoop:215 com.android.server.wm.WindowSurfacePlacer.performSurfacePlacement:164 com.android.server.wm.WindowSurfacePlacer.performSurfacePlacement:151 com.android.server.wm.WindowSurfacePlacer.lambda$-com_android_server_wm_WindowSurfacePlacer_5742:118 com.android.server.wm.-$Lambda$Gcx1KjSpk6tDGVL8gS5xoExwbWM.$m$10:4 com.android.server.wm.-$Lambda$Gcx1KjSpk6tDGVL8gS5xoExwbWM.run:51 android.os.Handler.handleCallback:790 android.os.Handler.dispatchMessage:99 android.os.Looper.loop:164 android.os.HandlerThread.run:65 com.android.server.ServiceThread.run:46 <bottom of call stack> <bottom of call stack> 
06-05 15:16:09.778  1248  1581 I WindowManager: getOrientation appwindow = AppWindowToken{5c147d1 token=Token{e471b86 ActivityRecord{c9f8461 u0 com.smartisanos.launcher/.Launcher t5163}}} : isInClose = false , isVis = true , isInOpen = false, istop = true, sendToBottom = false, finishing = false, orient = 1
06-05 15:16:09.778  1248  1581 V WindowManager: App is requesting an orientation, return 1
06-05 15:16:09.781  1248 11011 I WindowManager: updateOrientation = com.android.server.wm.WindowManagerService.relayoutWindow:2574 com.android.server.wm.Session.relayout:244 android.view.IWindowSession$Stub.onTransact:286 com.android.server.wm.Session.onTransact:168 android.os.Binder.execTransact:813 <bottom of call stack> <bottom of call stack> <bottom of call stack> <bottom of call stack> <bottom of call stack> <bottom of call stack> <bottom of call stack> <bottom of call stack> <bottom of call stack> <bottom of call stack> <bottom of call stack> 
06-05 15:16:09.781  1248 11011 I WindowManager: getOrientation appwindow = AppWindowToken{5c147d1 token=Token{e471b86 ActivityRecord{c9f8461 u0 com.smartisanos.launcher/.Launcher t5163}}} : isInClose = false , isVis = true , isInOpen = false, istop = true, sendToBottom = false, finishing = false, orient = 1
06-05 15:16:09.782  1248 11011 V WindowManager: App is requesting an orientation, return 1
06-05 15:16:09.792  1248  7868 I WindowManager: updateOrientation = com.android.server.wm.WindowManagerService.relayoutWindow:2574 com.android.server.wm.Session.relayout:244 android.view.IWindowSession$Stub.onTransact:286 com.android.server.wm.Session.onTransact:168 android.os.Binder.execTransact:813 <bottom of call stack> <bottom of call stack> <bottom of call stack> <bottom of call stack> <bottom of call stack> <bottom of call stack> <bottom of call stack> <bottom of call stack> <bottom of call stack> <bottom of call stack> <bottom of call stack> 
06-05 15:16:09.792  1248  7868 I WindowManager: getOrientation appwindow = AppWindowToken{5c147d1 token=Token{e471b86 ActivityRecord{c9f8461 u0 com.smartisanos.launcher/.Launcher t5163}}} : isInClose = false , isVis = true , isInOpen = false, istop = true, sendToBottom = false, finishing = false, orient = 1
06-05 15:16:09.792  1248  7868 V WindowManager: App is requesting an orientation, return 1
06-05 15:16:10.069  1248  1581 V WindowManager: Eval win Window{5baada4 u0 com.smartisanos.launcher/com.smartisanos.launcher.Launcher}: isDrawn=true, isAnimationSet=false
06-05 15:16:10.069  1248  1581 V WindowManager: tokenMayBeDrawn: AppWindowToken{5c147d1 token=Token{e471b86 ActivityRecord{c9f8461 u0 com.smartisanos.launcher/.Launcher t5163}}} w=Window{5baada4 u0 com.smartisanos.launcher/com.smartisanos.launcher.Launcher} numInteresting=1 freezingScreen=false mAppFreezing=false
06-05 15:16:10.069  1248  1581 V WindowManager: tokenMayBeDrawnExcludingSaved: AppWindowToken{5c147d1 token=Token{e471b86 ActivityRecord{c9f8461 u0 com.smartisanos.launcher/.Launcher t5163}}} w=Window{5baada4 u0 com.smartisanos.launcher/com.smartisanos.launcher.Launcher} numInteresting=1 freezingScreen=false mAppFreezing=false
06-05 15:16:10.300  1248 11011 I ActivityManager: START u0 {act=android.intent.action.MAIN cat=[android.intent.category.LAUNCHER] flg=0x10200000 cmp=com.hcz017.hellojni/.MainActivity (has extras)} from uid 10023
06-05 15:16:10.313  1248  1581 I WindowManager: createSurface WindowStateAnimator{a8ff935 SnapshotStartingWindow for taskId=5270}: mDrawState=DRAW_PENDING
06-05 15:16:09.736  1721  2203 W Adreno-GSL: <ioctl_ion_cacheoperation:3605>: ioctl fd 64 code 0xc0104906 failed: errno 22 Invalid argument
06-05 15:16:10.314   719   719 D         : SurfaceMonitor closed!
06-05 15:16:10.315  1248  1581 I WindowManager: updateOrientation = com.android.server.wm.WindowManagerService.relayoutWindow:2574 com.android.server.wm.Session.relayout:244 com.android.server.wm.TaskSnapshotSurface.create:223 com.android.server.wm.TaskSnapshotController.createStartingSurface:221 com.android.server.wm.SnapshotStartingData.createStartingSurface:39 com.android.server.wm.AppWindowContainerController.lambda$-com_android_server_wm_AppWindowContainerController_5170:158 com.android.server.wm.-$Lambda$Gcx1KjSpk6tDGVL8gS5xoExwbWM.$m$2:4 com.android.server.wm.-$Lambda$Gcx1KjSpk6tDGVL8gS5xoExwbWM.run:19 android.os.Handler.handleCallback:790 android.os.Handler.dispatchMessage:99 android.os.Looper.loop:164 android.os.HandlerThread.run:65 com.android.server.ServiceThread.run:46 <bottom of call stack> <bottom of call stack> <bottom of call stack> 
06-05 15:16:10.316  1248  1581 I WindowManager: getOrientation appwindow = AppWindowToken{7cbdbe4 token=Token{bb7fabc ActivityRecord{34f1590 u0 com.hcz017.hellojni/.MainActivity t5270}}} : isInClose = false , isVis = false , isInOpen = false, istop = true, sendToBottom = false, finishing = false, orient = -1
06-05 15:16:10.316  1248  1581 V WindowManager: App is requesting an orientation, return -1
06-05 15:16:10.316  1248  1581 V WindowManager: Selected orientation -1, got rotation 0 which has compatible metrics
06-05 15:16:10.317  1248  1581 V WindowManager: Eval win Window{a69915d u0 com.hcz017.hellojni/com.hcz017.hellojni.MainActivity}: isDrawn=false, isAnimationSet=false
06-05 15:16:10.317  1248  1581 V WindowManager: Not displayed: s=null pv=true mDrawState=NO_SURFACE ph=false th=true a=true
06-05 15:16:10.320  1248 11011 I WindowManager: continueLayout without performSurfacePlacement called, skip calling performSurfacePlacement()
06-05 15:16:10.321  1248  1581 V WindowManager: finishDrawingLocked: mDrawState=COMMIT_DRAW_PENDING Window{13971ca u0 SnapshotStartingWindow for taskId=5270} in Surface(name=SnapshotStartingWindow for taskId=5270)
06-05 15:16:10.321  1248 11004 V WindowManager: Clear freezing of Token{e471b86 ActivityRecord{c9f8461 u0 com.smartisanos.launcher/.Launcher t5163}}: hidden=false freezing=false
06-05 15:16:10.321  2229  2250 D AMapControlService: onActivityPauseBackground com.smartisanos.launcher act:ComponentInfo{com.smartisanos.launcher/com.smartisanos.launcher.Launcher}
06-05 15:16:10.323  1248 11004 V WindowManager: setAppVisibility(Token{bb7fabc ActivityRecord{34f1590 u0 com.hcz017.hellojni/.MainActivity t5270}}, visible=true): mNextAppTransition=TRANSIT_APPLICATION_OPEN hidden=true hiddenRequested=true Callers=com.android.server.am.ActivityRecord.setVisibility:1729 com.android.server.am.ActivityStack.resumeTopActivityInnerLocked:2956 com.android.server.am.ActivityStack.resumeTopActivityUncheckedLocked:2480 com.android.server.am.ActivityStackSupervisor.resumeFocusedStackTopActivityLocked:2262 com.android.server.am.ActivityStack.completePauseLocked:1647 com.android.server.am.ActivityStack.activityPausedLocked:1569 
06-05 15:16:10.326  1248 11004 I WindowManager: updateOrientation = com.android.server.wm.WindowManagerService.updateOrientationFromAppTokensLocked:2975 com.android.server.wm.WindowManagerService.updateOrientationFromAppTokens:2958 com.android.server.am.ActivityStack.resumeTopActivityInnerLocked:2992 com.android.server.am.ActivityStack.resumeTopActivityUncheckedLocked:2480 com.android.server.am.ActivityStackSupervisor.resumeFocusedStackTopActivityLocked:2262 com.android.server.am.ActivityStack.completePauseLocked:1647 com.android.server.am.ActivityStack.activityPausedLocked:1569 com.android.server.am.ActivityManagerService.activityPaused:9229 android.app.IActivityManager$Stub.onTransact:317 com.android.server.am.ActivityManagerService.onTransact:3776 android.os.Binder.execTransact:813 <bottom of call stack> <bottom of call stack> <bottom of call stack> <bottom of call stack> <bottom of call stack> 
06-05 15:16:10.327  1248 11004 I WindowManager: getOrientation appwindow = AppWindowToken{7cbdbe4 token=Token{bb7fabc ActivityRecord{34f1590 u0 com.hcz017.hellojni/.MainActivity t5270}}} : isInClose = false , isVis = false , isInOpen = true, istop = true, sendToBottom = false, finishing = false, orient = -1
06-05 15:16:10.327  1248 11004 V WindowManager: App is requesting an orientation, return -1
06-05 15:16:10.328  1248 11004 V WindowManager: setAppVisibility(Token{e471b86 ActivityRecord{c9f8461 u0 com.smartisanos.launcher/.Launcher t5163}}, visible=false): mNextAppTransition=TRANSIT_APPLICATION_OPEN hidden=false hiddenRequested=false Callers=com.android.server.am.ActivityRecord.setVisibility:1729 com.android.server.am.ActivityRecord.setVisible:1748 com.android.server.am.ActivityStack.makeInvisible:2319 com.android.server.am.ActivityStack.ensureActivitiesVisibleLocked:2111 com.android.server.am.ActivityStackSupervisor.ensureActivitiesVisibleLocked:3712 com.android.server.am.ActivityManagerService.ensureConfigAndVisibilityAfterUpdate:23371 
06-05 15:16:10.328  1248 11004 V WindowManager: setAppVisibility(Token{bb7fabc ActivityRecord{34f1590 u0 com.hcz017.hellojni/.MainActivity t5270}}, visible=true): mNextAppTransition=TRANSIT_APPLICATION_OPEN hidden=true hiddenRequested=false Callers=com.android.server.am.ActivityRecord.setVisibility:1729 com.android.server.am.ActivityRecord.setVisible:1748 com.android.server.am.ActivityRecord.completeResumeLocked:1858 com.android.server.am.ActivityStack.resumeTopActivityInnerLocked:3092 com.android.server.am.ActivityStack.resumeTopActivityUncheckedLocked:2480 com.android.server.am.ActivityStackSupervisor.resumeFocusedStackTopActivityLocked:2262 
06-05 15:16:10.332  1248 11004 V WindowManager: Eval win Window{13971ca u0 SnapshotStartingWindow for taskId=5270}: isDrawn=true, isAnimationSet=true
06-05 15:16:10.332  1248 11004 V WindowManager: Resize reasons for w=Window{13971ca u0 SnapshotStartingWindow for taskId=5270}:  contentInsetsChanged=false [0,60][0,0] visibleInsetsChanged=false [0,60][0,0] stableInsetsChanged=false [0,60][0,0] outsetsChanged=false [0,0][0,0] surfaceResized=false configChanged=false dragResizingChanged=false resizedWhileNotDragResizingReported=false reportOrientationChanged=false
06-05 15:16:10.333  1248 11004 V WindowManager: Resizing window Window{13971ca u0 SnapshotStartingWindow for taskId=5270}
06-05 15:16:10.333  1248 11004 V WindowManager: Eval win Window{a69915d u0 com.hcz017.hellojni/com.hcz017.hellojni.MainActivity}: isDrawn=false, isAnimationSet=true
06-05 15:16:10.333  1248 11004 V WindowManager: Not displayed: s=null pv=true mDrawState=NO_SURFACE ph=false th=false a=true
06-05 15:16:10.333  1248 11004 V WindowManager: Resize reasons for w=Window{318e51e u0 com.android.systemui.ImageWallpaper}:  contentInsetsChanged=false [0,0][0,0] visibleInsetsChanged=true [0,60][0,0] stableInsetsChanged=false [0,60][0,0] outsetsChanged=false [0,0][0,0] surfaceResized=false configChanged=false dragResizingChanged=false resizedWhileNotDragResizingReported=true reportOrientationChanged=false
06-05 15:16:10.333  1248 11004 V WindowManager: Resizing window Window{318e51e u0 com.android.systemui.ImageWallpaper}
06-05 15:16:10.338  1248 11004 V WindowManager: Reporting new frame to Window{318e51e u0 com.android.systemui.ImageWallpaper}: Rect(0, 0 - 1080, 2160)
06-05 15:16:10.338  1248 11004 V WindowManager: Reporting new frame to Window{13971ca u0 SnapshotStartingWindow for taskId=5270}: Rect(0, 0 - 1080, 2160)
06-05 15:16:10.340  1248 11004 I WindowManager: updateOrientation = com.android.server.wm.DisplayContent.applySurfaceChangesTransaction:3085 com.android.server.wm.RootWindowContainer.applySurfaceChangesTransaction:1038 com.android.server.wm.RootWindowContainer.performSurfacePlacement:752 com.android.server.wm.WindowSurfacePlacer.performSurfacePlacementLoop:215 com.android.server.wm.WindowSurfacePlacer.performSurfacePlacement:164 com.android.server.wm.WindowSurfacePlacer.performSurfacePlacement:151 com.android.server.wm.WindowSurfacePlacer.continueLayout:142 com.android.server.wm.WindowManagerService.continueSurfaceLayout:3488 com.android.server.am.ActivityStack.activityPausedLocked:1571 com.android.server.am.ActivityManagerService.activityPaused:9229 android.app.IActivityManager$Stub.onTransact:317 com.android.server.am.ActivityManagerService.onTransact:3776 android.os.Binder.execTransact:813 <bottom of call stack> <bottom of call stack> <bottom of call stack> 
06-05 15:16:10.340  1248 11004 I WindowManager: getOrientation appwindow = AppWindowToken{7cbdbe4 token=Token{bb7fabc ActivityRecord{34f1590 u0 com.hcz017.hellojni/.MainActivity t5270}}} : isInClose = false , isVis = true , isInOpen = false, istop = true, sendToBottom = false, finishing = false, orient = -1
06-05 15:16:10.340  1248 11004 V WindowManager: App is requesting an orientation, return -1
06-05 15:16:10.341  1248 11004 V WindowManager: Eval win Window{13971ca u0 SnapshotStartingWindow for taskId=5270}: isDrawn=true, isAnimationSet=true
06-05 15:16:10.342  1248 11004 V WindowManager: Eval win Window{a69915d u0 com.hcz017.hellojni/com.hcz017.hellojni.MainActivity}: isDrawn=false, isAnimationSet=true
06-05 15:16:10.342  1248 11004 V WindowManager: Not displayed: s=null pv=true mDrawState=NO_SURFACE ph=false th=false a=false
06-05 15:16:10.344  1248  7868 I WindowManager: updateOrientation = com.android.server.wm.WindowManagerService.relayoutWindow:2574 com.android.server.wm.Session.relayout:244 android.view.IWindowSession$Stub.onTransact:286 com.android.server.wm.Session.onTransact:168 android.os.Binder.execTransact:813 <bottom of call stack> <bottom of call stack> <bottom of call stack> <bottom of call stack> <bottom of call stack> <bottom of call stack> <bottom of call stack> <bottom of call stack> <bottom of call stack> <bottom of call stack> <bottom of call stack> 
06-05 15:16:10.344  1248  7868 I WindowManager: getOrientation appwindow = AppWindowToken{7cbdbe4 token=Token{bb7fabc ActivityRecord{34f1590 u0 com.hcz017.hellojni/.MainActivity t5270}}} : isInClose = false , isVis = true , isInOpen = false, istop = true, sendToBottom = false, finishing = false, orient = -1
06-05 15:16:10.344  1248  7868 V WindowManager: App is requesting an orientation, return -1
06-05 15:16:10.346  1248  7868 V WindowManager: Eval win Window{13971ca u0 SnapshotStartingWindow for taskId=5270}: isDrawn=true, isAnimationSet=true
06-05 15:16:10.346  1248  7868 V WindowManager: Eval win Window{a69915d u0 com.hcz017.hellojni/com.hcz017.hellojni.MainActivity}: isDrawn=false, isAnimationSet=true
06-05 15:16:10.346  1248  7868 V WindowManager: Not displayed: s=null pv=true mDrawState=NO_SURFACE ph=false th=false a=false
06-05 15:16:10.346  2229  2250 D AMapControlService: onActivitiesForeground com.hcz017.hellojni/com.hcz017.hellojni.MainActivity
06-05 15:16:10.346  2229  2276 D AMapControlService: workerCallBack , not use infinity :false
06-05 15:16:10.347  1797  1797 I Sidebar : SideView :  onActivitiesForeground activity= com.hcz017.hellojni/com.hcz017.hellojni.MainActivity uid= 10257 prvPkgName= com.smartisanos.launcher
06-05 15:16:10.350  1248 13881 I WindowManager: updateOrientation = com.android.server.wm.WindowManagerService.relayoutWindow:2574 com.android.server.wm.Session.relayout:244 android.view.IWindowSession$Stub.onTransact:286 com.android.server.wm.Session.onTransact:168 android.os.Binder.execTransact:813 <bottom of call stack> <bottom of call stack> <bottom of call stack> <bottom of call stack> <bottom of call stack> <bottom of call stack> <bottom of call stack> <bottom of call stack> <bottom of call stack> <bottom of call stack> <bottom of call stack> 
06-05 15:16:10.350  1248 13881 I WindowManager: getOrientation appwindow = AppWindowToken{7cbdbe4 token=Token{bb7fabc ActivityRecord{34f1590 u0 com.hcz017.hellojni/.MainActivity t5270}}} : isInClose = false , isVis = true , isInOpen = false, istop = true, sendToBottom = false, finishing = false, orient = -1
06-05 15:16:10.350  1248 13881 V WindowManager: App is requesting an orientation, return -1
06-05 15:16:10.351  1248 13881 V WindowManager: Eval win Window{13971ca u0 SnapshotStartingWindow for taskId=5270}: isDrawn=true, isAnimationSet=true
06-05 15:16:10.351  1248 13881 V WindowManager: Eval win Window{a69915d u0 com.hcz017.hellojni/com.hcz017.hellojni.MainActivity}: isDrawn=false, isAnimationSet=true
06-05 15:16:10.351  1248 13881 V WindowManager: Not displayed: s=null pv=true mDrawState=NO_SURFACE ph=false th=false a=false
06-05 15:16:10.358  1248  1581 V WindowManager: Eval win Window{13971ca u0 SnapshotStartingWindow for taskId=5270}: isDrawn=true, isAnimationSet=true
06-05 15:16:10.358  1248  1581 V WindowManager: Eval win Window{a69915d u0 com.hcz017.hellojni/com.hcz017.hellojni.MainActivity}: isDrawn=false, isAnimationSet=true
06-05 15:16:10.358  1248  1581 V WindowManager: Not displayed: s=null pv=true mDrawState=NO_SURFACE ph=false th=false a=false
06-05 15:16:10.361  1248  1581 V WindowManager: Eval win Window{13971ca u0 SnapshotStartingWindow for taskId=5270}: isDrawn=true, isAnimationSet=true
06-05 15:16:10.362  1248  1581 V WindowManager: Eval win Window{a69915d u0 com.hcz017.hellojni/com.hcz017.hellojni.MainActivity}: isDrawn=false, isAnimationSet=true
06-05 15:16:10.362  1248  1581 V WindowManager: Not displayed: s=null pv=true mDrawState=NO_SURFACE ph=false th=false a=false
06-05 15:16:10.362 22932 22932 D MainActivity: onResume: cpu name: AArch64 Processor rev 12 (aarch64)
06-05 15:16:10.363 22932 22932 D MainActivity: getCpuInfo: processor	: 0
06-05 15:16:10.364 22932 22932 D MainActivity: onResume: getCpu info[AArch64 Processor rev 12 (aarch64) , :]
06-05 15:16:10.364 22932 22932 D build   : BOARD:sdm710
06-05 15:16:10.364 22932 22932 D build   : BOOTLOADER:unknown
06-05 15:16:10.365 22932 22932 D build   : BRAND:SMARTISAN
06-05 15:16:10.365 22932 22932 D build   : CPU_ABI:armeabi-v7a
06-05 15:16:10.365 22932 22932 D build   : CPU_ABI2:armeabi
06-05 15:16:10.365 22932 22932 D build   : DEVICE:ocean
06-05 15:16:10.365 22932 22932 D build   : DISPLAY:OPM1.171019.026 dev-keys
06-05 15:16:10.365 22932 22932 D build   : FINGERPRINT:SMARTISAN/oxford/oxford:8.1.0/OPM1.171019.026/1554864163:user/dev-keys
06-05 15:16:10.365 22932 22932 D build   : HARDWARE:qcom
06-05 15:16:10.365 22932 22932 D build   : HOST:build12
06-05 15:16:10.365 22932 22932 D build   : ID:OPM1.171019.026
06-05 15:16:10.365 22932 22932 D build   : MANUFACTURER:smartisan
06-05 15:16:10.365 22932 22932 D build   : MODEL:OE106
06-05 15:16:10.365 22932 22932 D build   : PRODUCT:ocean
06-05 15:16:10.365 22932 22932 D build   : RADIO:unknown
06-05 15:16:10.365 22932 22932 D build   : TAGS:dev-keys
06-05 15:16:10.365 22932 22932 D build   : TIME:1554864163000
06-05 15:16:10.365 22932 22932 D build   : TYPE:user
06-05 15:16:10.365 22932 22932 D build   : UNKNOWN:unknown
06-05 15:16:10.365 22932 22932 D build   : USER:smartcm
06-05 15:16:10.365 22932 22932 D build   : VERSION.CODENAME:REL
06-05 15:16:10.365 22932 22932 D build   : VERSION.INCREMENTAL:1
06-05 15:16:10.365 22932 22932 D build   : VERSION.RELEASE:8.1.0
06-05 15:16:10.365 22932 22932 D build   : VERSION.SDK:27
06-05 15:16:10.365 22932 22932 D build   : VERSION.SDK_INT:27
06-05 15:16:10.366 22932 22932 D MainActivity: step 0 run time: 0.5885829654632735s
06-05 15:16:10.370   719  2049 E SurfaceFlinger: Failed to find layer (Background for - SurfaceView - com.smartisanos.launcher/com.smartisanos.launcher.Launcher#0) in layer parent (no-parent).
06-05 15:16:10.373  1248  7868 I WindowManager: updateOrientation = com.android.server.wm.WindowManagerService.relayoutWindow:2574 com.android.server.wm.Session.relayout:244 android.view.IWindowSession$Stub.onTransact:286 com.android.server.wm.Session.onTransact:168 android.os.Binder.execTransact:813 <bottom of call stack> <bottom of call stack> <bottom of call stack> <bottom of call stack> <bottom of call stack> <bottom of call stack> <bottom of call stack> <bottom of call stack> <bottom of call stack> <bottom of call stack> <bottom of call stack> 
06-05 15:16:10.373  1248  7868 I WindowManager: getOrientation appwindow = AppWindowToken{7cbdbe4 token=Token{bb7fabc ActivityRecord{34f1590 u0 com.hcz017.hellojni/.MainActivity t5270}}} : isInClose = false , isVis = true , isInOpen = false, istop = true, sendToBottom = false, finishing = false, orient = -1
06-05 15:16:10.373  1248  7868 V WindowManager: App is requesting an orientation, return -1
06-05 15:16:10.375   719  2388 E SurfaceFlinger: Failed to find layer (SurfaceView - com.smartisanos.launcher/com.smartisanos.launcher.Launcher#0) in layer parent (no-parent).
06-05 15:16:10.375  1248  7868 V WindowManager: Eval win Window{13971ca u0 SnapshotStartingWindow for taskId=5270}: isDrawn=true, isAnimationSet=true
06-05 15:16:10.375  1248  7868 V WindowManager: Eval win Window{a69915d u0 com.hcz017.hellojni/com.hcz017.hellojni.MainActivity}: isDrawn=false, isAnimationSet=true
06-05 15:16:10.375  1248  7868 V WindowManager: Not displayed: s=null pv=true mDrawState=NO_SURFACE ph=false th=false a=false
06-05 15:16:10.643  1248  1581 V WindowManager: Eval win Window{13971ca u0 SnapshotStartingWindow for taskId=5270}: isDrawn=true, isAnimationSet=false
06-05 15:16:10.643  1248  1581 V WindowManager: Eval win Window{a69915d u0 com.hcz017.hellojni/com.hcz017.hellojni.MainActivity}: isDrawn=false, isAnimationSet=false
06-05 15:16:10.643  1248  1581 V WindowManager: Not displayed: s=null pv=true mDrawState=NO_SURFACE ph=false th=false a=false
06-05 15:16:10.647  1248  1581 V WindowManager: Eval win Window{13971ca u0 SnapshotStartingWindow for taskId=5270}: isDrawn=true, isAnimationSet=false
06-05 15:16:10.647  1248  1581 V WindowManager: Eval win Window{a69915d u0 com.hcz017.hellojni/com.hcz017.hellojni.MainActivity}: isDrawn=false, isAnimationSet=false
06-05 15:16:10.647  1248  1581 V WindowManager: Not displayed: s=null pv=true mDrawState=NO_SURFACE ph=false th=false a=false
06-05 15:16:11.366 22932 22932 D MainActivity: step 1 run time: 1.2807362058355733s
06-05 15:16:11.456   837 21834 D AudioFlinger: getActiveClientsByStreamType(), stream type 3, active clients 
06-05 15:16:12.370 22932 22932 D MainActivity: step 2 run time: 2.462800596456664s
06-05 15:16:13.372 22932 22932 D MainActivity: step 3 run time: 3.626601620381913s
06-05 15:16:14.374 22932 22932 D MainActivity: step 4 run time: 4.2052146058323085s
06-05 15:16:15.376 22932 22932 D MainActivity: step 5 run time: 5.753498652158568s
06-05 15:16:15.813  1248  2876 V LocSvc_HIDL_Subscription_jni: battery_level_update
06-05 15:16:15.813  1248  2876 V LocSvc_HIDL_Subscription_jni: [battery_level_update][941] [HC] =>> [HS]
06-05 15:16:15.814   698   698 V LocSvc_HIDL_IzatSubscription: [batteryLevelUpdate][772] [HS] <<<<= [HC]
06-05 15:16:15.814  1248  2876 V LocSvc_HIDL_Subscription_jni: Exit Result 0
06-05 15:16:15.821   698  1902 V LocSvc_HIDL_IzatProvider: [onLocationChanged][70] [HS] =>>>> [HC]
06-05 15:16:15.821  1248  2887 V LocSvc_HIDL_IzatProvider_jni: [onLocationChanged][206] [HC] <<= [HS]
06-05 15:16:16.381 22932 22932 D MainActivity: step 6 run time: 6.761131212702926s
06-05 15:16:17.395 22932 22932 I Choreographer: Skipped 421 frames!  The application may be doing too much work on its main thread.
06-05 15:16:17.407  1248 13881 I WindowManager: createSurface WindowStateAnimator{42b6ad2 com.hcz017.hellojni/com.hcz017.hellojni.MainActivity}: mDrawState=DRAW_PENDING
06-05 15:16:17.411   719   719 D         : SurfaceMonitor closed!
06-05 15:16:17.416  1248 13881 I WindowManager: updateOrientation = com.android.server.wm.WindowManagerService.relayoutWindow:2574 com.android.server.wm.Session.relayout:244 android.view.IWindowSession$Stub.onTransact:286 com.android.server.wm.Session.onTransact:168 android.os.Binder.execTransact:813 <bottom of call stack> <bottom of call stack> <bottom of call stack> <bottom of call stack> <bottom of call stack> <bottom of call stack> <bottom of call stack> <bottom of call stack> <bottom of call stack> <bottom of call stack> <bottom of call stack> 
06-05 15:16:17.416  1248 13881 I WindowManager: getOrientation appwindow = AppWindowToken{7cbdbe4 token=Token{bb7fabc ActivityRecord{34f1590 u0 com.hcz017.hellojni/.MainActivity t5270}}} : isInClose = false , isVis = true , isInOpen = false, istop = true, sendToBottom = false, finishing = false, orient = -1
06-05 15:16:17.417  1248 13881 V WindowManager: App is requesting an orientation, return -1
06-05 15:16:17.420  1248 13881 V WindowManager: Eval win Window{13971ca u0 SnapshotStartingWindow for taskId=5270}: isDrawn=true, isAnimationSet=false
06-05 15:16:17.420  1248 13881 V WindowManager: Eval win Window{a69915d u0 com.hcz017.hellojni/com.hcz017.hellojni.MainActivity}: isDrawn=false, isAnimationSet=false
06-05 15:16:17.420  1248 13881 V WindowManager: Not displayed: s=Surface(name=com.hcz017.hellojni/com.hcz017.hellojni.MainActivity) pv=true mDrawState=DRAW_PENDING ph=false th=false a=false
06-05 15:16:17.442  1248  1581 V WindowManager: Eval win Window{13971ca u0 SnapshotStartingWindow for taskId=5270}: isDrawn=true, isAnimationSet=false
06-05 15:16:17.442  1248  1581 V WindowManager: Eval win Window{a69915d u0 com.hcz017.hellojni/com.hcz017.hellojni.MainActivity}: isDrawn=false, isAnimationSet=false
06-05 15:16:17.442  1248  1581 V WindowManager: Not displayed: s=Surface(name=com.hcz017.hellojni/com.hcz017.hellojni.MainActivity) pv=true mDrawState=DRAW_PENDING ph=false th=false a=false
06-05 15:16:17.475  1248 13881 V WindowManager: finishDrawingLocked: mDrawState=COMMIT_DRAW_PENDING Window{a69915d u0 com.hcz017.hellojni/com.hcz017.hellojni.MainActivity} in Surface(name=com.hcz017.hellojni/com.hcz017.hellojni.MainActivity)
06-05 15:16:17.477  1248  1581 V WindowManager: Eval win Window{13971ca u0 SnapshotStartingWindow for taskId=5270}: isDrawn=true, isAnimationSet=false
06-05 15:16:17.477  1248  1581 V WindowManager: Eval win Window{a69915d u0 com.hcz017.hellojni/com.hcz017.hellojni.MainActivity}: isDrawn=true, isAnimationSet=false
06-05 15:16:17.477  1248  1581 V WindowManager: tokenMayBeDrawn: AppWindowToken{7cbdbe4 token=Token{bb7fabc ActivityRecord{34f1590 u0 com.hcz017.hellojni/.MainActivity t5270}}} w=Window{a69915d u0 com.hcz017.hellojni/com.hcz017.hellojni.MainActivity} numInteresting=1 freezingScreen=false mAppFreezing=false
06-05 15:16:17.477  1248  1581 V WindowManager: tokenMayBeDrawnExcludingSaved: AppWindowToken{7cbdbe4 token=Token{bb7fabc ActivityRecord{34f1590 u0 com.hcz017.hellojni/.MainActivity t5270}}} w=Window{a69915d u0 com.hcz017.hellojni/com.hcz017.hellojni.MainActivity} numInteresting=1 freezingScreen=false mAppFreezing=false
06-05 15:16:17.487  1248  1363 D SmartisanLaunch: hot launch: package:com.hcz017.hellojni    activity:com.hcz017.hellojni/.MainActivity   start_time:18382869   end_time:18390051    duration:7182ms
06-05 15:16:17.659  1248  1581 I SmtPCUtils#WindowManager: removeImmediately: Window{13971ca u0 SnapshotStartingWindow for taskId=5270}
06-05 15:16:17.659  1248  1581 I SmtPCUtils#WindowManager: removeWindowLw: Window{13971ca u0 SnapshotStartingWindow for taskId=5270}
06-05 15:16:24.453  1248  1603 D WindowManager: interceptKeyTq keycode=290 down=true interactive=true keyguardActive=false policyFlags=22000000
06-05 15:16:24.454  1248  1603 D WindowManager: interceptKeyBeforeQueueing isWakeKey=false isInjected= false result= 1
06-05 15:16:24.454  1248  1603 D VibratorService: Turning vibrator off.
06-05 15:16:24.455   695   695 I VibSvcHIDL: turn vibrator off
06-05 15:16:24.456   695   695 I VibSvcHIDL: effect: 19, strength:1, feedback: 2002
06-05 15:16:24.457  1248  1603 D WindowManager: interceptKeyBeforeQueueing keycode=290 result: 0
06-05 15:16:24.458  1248  1603 D WindowManager: interceptKeyTq keycode=290 down=false interactive=true keyguardActive=false policyFlags=22000000
06-05 15:16:24.458  1248  1603 D WindowManager: interceptKeyBeforeQueueing isWakeKey=false isInjected= false result= 1
06-05 15:16:24.458  1248  1603 D WindowManager: interceptKeyBeforeQueueing keycode=290 result: 0
06-05 15:16:24.478  1248  1248 E VibratorService: Vibration finished, cleaning up
06-05 15:16:24.478  1248  1248 D VibratorService: Turning vibrator off.
06-05 15:16:24.479   695   695 I VibSvcHIDL: turn vibrator off
06-05 15:16:24.506  1248  1603 D WindowManager: interceptKeyTq keycode=3 down=true interactive=true keyguardActive=false policyFlags=22000000
06-05 15:16:24.506  1248  1603 D WindowManager: interceptKeyBeforeQueueing isWakeKey=false isInjected= false result= 1
06-05 15:16:24.507  1248  1603 D WindowManager: mSqueezeSideDownAction=side_bar mSqueezeSideUpAction=torch mPowerKeyTriggered=false mHomeKeyTriggered=true mMenuKeyTriggered=false mBackKeyTriggered=false mVolumeUpKeyTriggered=false mVolumeDownKeyTriggered=false mBrightnessUpKeyTriggered=false mBrightnessDownKeyTriggered=false mSmartKeyTriggered=false
06-05 15:16:24.507  1248  1603 D WindowManager: null is detected
06-05 15:16:24.507  1248  1603 D WindowManager: interceptKeyBeforeQueueing home key passToUser: true
06-05 15:16:24.507  1248  1603 D WindowManager: interceptKeyBeforeQueueing keycode=3 result: 1
06-05 15:16:24.507  1248  1603 D WindowManager: interceptKeyTq keycode=3 down=false interactive=true keyguardActive=false policyFlags=22000000
06-05 15:16:24.507  1248  1603 D WindowManager: interceptKeyBeforeQueueing isWakeKey=false isInjected= false result= 1
06-05 15:16:24.507  1248  1603 D WindowManager: cancelLongPressOnHome, wake lock isHeld: false
06-05 15:16:24.507  1248  1603 D WindowManager: interceptKeyBeforeQueueing home key passToUser: true
06-05 15:16:24.507  1248  1603 D WindowManager: interceptKeyBeforeQueueing keycode=3 result: 1
06-05 15:16:24.508  1248  1311 I WindowManager: sendVoiceKeyUpActionCheckedInUiThread  :false
06-05 15:16:24.508  1248  1602 D WindowManager: interceptKeyTi keyCode=3 down=true repeatCount=0 keyguardOn=false canceled=false deviceId:6 interactive:true lunched:screenshot
06-05 15:16:24.508  1248  1602 D WindowManager: Before dispatch: keyCode=3 keyTime=18397177 Down=true alreadyUp=true consumed=false now=18397080 timeout=18397577 win=Window{a69915d u0 com.hcz017.hellojni/com.hcz017.hellojni.MainActivity}
06-05 15:16:24.509  1248  1602 D WindowManager: interceptKeyTi keyCode=3 down=false repeatCount=0 keyguardOn=false canceled=false deviceId:6 interactive:true lunched:screenshot
06-05 15:16:24.509  1248  1602 D WindowManager: Before dispatch: keyCode=3 keyTime=18397177 Down=false alreadyUp=true consumed=false now=18397081 timeout=18397577 win=Window{a69915d u0 com.hcz017.hellojni/com.hcz017.hellojni.MainActivity}
06-05 15:16:24.515  1248  1602 I WindowManager: launchHomeFromHotKey  startDockOrHome
06-05 15:16:24.519  1248  1602 I WindowManager: startDockOrHome , will be home,  finally launch:Intent { act=android.intent.action.MAIN cat=[android.intent.category.HOME] flg=0x10200000 (has extras) }
06-05 15:16:24.521  1721  1721 D Tile.MobileDataTile: refreshState
06-05 15:16:24.521  1721  1721 D Tile.PowerSaveTile: refreshState
06-05 15:16:24.523  1721  2342 D Tile.MobileDataTile: handleRefreshState label: 蜂窝移动数据
06-05 15:16:24.523  1721  2342 D Tile.MobileDataTile: handleMessage for: handleRefreshState
06-05 15:16:24.523  1721  2342 D Tile.PowerSaveTile: handleRefreshState label: 省电模式
06-05 15:16:24.523  1721  2342 D Tile.PowerSaveTile: handleMessage for: handleRefreshState
06-05 15:16:24.529  1248  1602 I ActivityManager: START u0 {act=android.intent.action.MAIN cat=[android.intent.category.HOME] flg=0x10200000 cmp=com.smartisanos.launcher/.Launcher (has extras)} from uid 1000
06-05 15:16:24.540  1248  1602 D         : SurfaceMonitor closed!
06-05 15:16:24.549  1248  1602 V WindowManager: setAppVisibility(Token{e471b86 ActivityRecord{c9f8461 u0 com.smartisanos.launcher/.Launcher t5163}}, visible=true): mNextAppTransition=TRANSIT_APPLICATION_OPEN hidden=true hiddenRequested=true Callers=com.android.server.am.ActivityRecord.setVisibility:1729 com.android.server.am.ActivityStack.resumeTopActivityInnerLocked:2956 com.android.server.am.ActivityStack.resumeTopActivityUncheckedLocked:2480 com.android.server.am.ActivityStackSupervisor.resumeFocusedStackTopActivityLocked:2274 com.android.server.am.ActivityStackSupervisor.resumeFocusedStackTopActivityLocked:2251 com.android.server.am.ActivityStack.moveTaskToFrontInternalLocked:5145 
06-05 15:16:24.551  1248  1602 I WindowManager: updateOrientation = com.android.server.wm.WindowManagerService.updateOrientationFromAppTokensLocked:2975 com.android.server.wm.WindowManagerService.updateOrientationFromAppTokens:2958 com.android.server.am.ActivityStack.resumeTopActivityInnerLocked:2992 com.android.server.am.ActivityStack.resumeTopActivityUncheckedLocked:2480 com.android.server.am.ActivityStackSupervisor.resumeFocusedStackTopActivityLocked:2274 com.android.server.am.ActivityStackSupervisor.resumeFocusedStackTopActivityLocked:2251 com.android.server.am.ActivityStack.moveTaskToFrontInternalLocked:5145 com.android.server.am.ActivityStack.moveTaskToFrontLocked:5048 com.android.server.am.ActivityStarter.setTargetStackAndMoveToFrontIfNeeded:2020 com.android.server.am.ActivityStarter.startActivityUnchecked:1408 com.android.server.am.ActivityStarter.startActivity:1219 com.android.server.am.ActivityStarter.startActivity:724 com.android.server.am.ActivityStarter.startActivityLocked:398 com.android.server.am.ActivityStarter.startActivityMayWait:1041 com.android.server.am.ActivityManagerService.startActivityAsUser:5682 android.app.ContextImpl.startActivityAsUser:905 
06-05 15:16:24.551  1248  1602 I WindowManager: getOrientation appwindow = AppWindowToken{5c147d1 token=Token{e471b86 ActivityRecord{c9f8461 u0 com.smartisanos.launcher/.Launcher t5163}}} : isInClose = false , isVis = false , isInOpen = true, istop = true, sendToBottom = false, finishing = false, orient = 1
06-05 15:16:24.551  1248  1602 V WindowManager: App is requesting an orientation, return 1
06-05 15:16:24.551  1248  1602 V WindowManager: Selected orientation 1, got rotation 0 which has compatible metrics
06-05 15:16:24.552  1248  1602 V WindowManager: setAppVisibility(Token{bb7fabc ActivityRecord{34f1590 u0 com.hcz017.hellojni/.MainActivity t5270}}, visible=false): mNextAppTransition=TRANSIT_APPLICATION_OPEN hidden=false hiddenRequested=false Callers=com.android.server.am.ActivityRecord.setVisibility:1729 com.android.server.am.ActivityRecord.setVisible:1748 com.android.server.am.ActivityStack.makeInvisible:2319 com.android.server.am.ActivityStack.ensureActivitiesVisibleLocked:2111 com.android.server.am.ActivityStackSupervisor.ensureActivitiesVisibleLocked:3712 com.android.server.am.ActivityManagerService.ensureConfigAndVisibilityAfterUpdate:23371 
06-05 15:16:24.553  1248  1602 V WindowManager: setAppVisibility(Token{e471b86 ActivityRecord{c9f8461 u0 com.smartisanos.launcher/.Launcher t5163}}, visible=true): mNextAppTransition=TRANSIT_APPLICATION_OPEN hidden=true hiddenRequested=false Callers=com.android.server.am.ActivityRecord.setVisibility:1729 com.android.server.am.ActivityRecord.setVisible:1748 com.android.server.am.ActivityRecord.completeResumeLocked:1858 com.android.server.am.ActivityStack.resumeTopActivityInnerLocked:3092 com.android.server.am.ActivityStack.resumeTopActivityUncheckedLocked:2480 com.android.server.am.ActivityStackSupervisor.resumeFocusedStackTopActivityLocked:2274 
06-05 15:16:24.556  1248  1602 V WindowManager: Eval win Window{5baada4 u0 com.smartisanos.launcher/com.smartisanos.launcher.Launcher}: isDrawn=false, isAnimationSet=true
06-05 15:16:24.556  1248  1602 V WindowManager: Not displayed: s=null pv=true mDrawState=NO_SURFACE ph=false th=false a=false
06-05 15:16:24.560  1248 11004 I WindowManager: updateOrientation = com.android.server.wm.WindowManagerService.relayoutWindow:2574 com.android.server.wm.Session.relayout:244 android.view.IWindowSession$Stub.onTransact:286 com.android.server.wm.Session.onTransact:168 android.os.Binder.execTransact:813 <bottom of call stack> <bottom of call stack> <bottom of call stack> <bottom of call stack> <bottom of call stack> <bottom of call stack> <bottom of call stack> <bottom of call stack> <bottom of call stack> <bottom of call stack> <bottom of call stack> 
06-05 15:16:24.560  1248 11004 I WindowManager: getOrientation appwindow = AppWindowToken{5c147d1 token=Token{e471b86 ActivityRecord{c9f8461 u0 com.smartisanos.launcher/.Launcher t5163}}} : isInClose = false , isVis = false , isInOpen = true, istop = true, sendToBottom = false, finishing = false, orient = 1
06-05 15:16:24.560  1248 11004 V WindowManager: App is requesting an orientation, return 1
06-05 15:16:24.560  2229  2250 D AMapControlService: onActivityPauseBackground com.hcz017.hellojni act:ComponentInfo{com.hcz017.hellojni/com.hcz017.hellojni.MainActivity}
06-05 15:16:24.564  1248 11004 V WindowManager: Eval win Window{5baada4 u0 com.smartisanos.launcher/com.smartisanos.launcher.Launcher}: isDrawn=false, isAnimationSet=true
06-05 15:16:24.564  1248 11004 V WindowManager: Not displayed: s=null pv=true mDrawState=NO_SURFACE ph=false th=false a=false
06-05 15:16:24.570  1248  7868 V WindowManager: Clear freezing of Token{bb7fabc ActivityRecord{34f1590 u0 com.hcz017.hellojni/.MainActivity t5270}}: hidden=false freezing=false
06-05 15:16:24.575  1248  7868 V WindowManager: Eval win Window{5baada4 u0 com.smartisanos.launcher/com.smartisanos.launcher.Launcher}: isDrawn=false, isAnimationSet=true
06-05 15:16:24.575  1248  7868 V WindowManager: Not displayed: s=null pv=true mDrawState=NO_SURFACE ph=false th=false a=false
06-05 15:16:24.587  1248 11011 I WindowManager: createSurface WindowStateAnimator{aa4bd0e com.smartisanos.launcher/com.smartisanos.launcher.Launcher}: mDrawState=DRAW_PENDING
06-05 15:16:24.588  2229  2250 D AMapControlService: onActivitiesForeground com.smartisanos.launcher/com.smartisanos.launcher.Launcher
06-05 15:16:24.588  1797  1797 I Sidebar : SideView :  onActivitiesForeground activity= com.smartisanos.launcher/com.smartisanos.launcher.Launcher uid= 10023 prvPkgName= com.hcz017.hellojni
06-05 15:16:24.588   719   719 D         : SurfaceMonitor closed!
06-05 15:16:24.588  2229  2276 D AMapControlService: workerCallBack , not use infinity :false
06-05 15:16:24.594  1248 11011 I WindowManager: updateOrientation = com.android.server.wm.WindowManagerService.relayoutWindow:2574 com.android.server.wm.Session.relayout:244 android.view.IWindowSession$Stub.onTransact:286 com.android.server.wm.Session.onTransact:168 android.os.Binder.execTransact:813 <bottom of call stack> <bottom of call stack> <bottom of call stack> <bottom of call stack> <bottom of call stack> <bottom of call stack> <bottom of call stack> <bottom of call stack> <bottom of call stack> <bottom of call stack> <bottom of call stack> 
06-05 15:16:24.594  1248 11011 I WindowManager: getOrientation appwindow = AppWindowToken{5c147d1 token=Token{e471b86 ActivityRecord{c9f8461 u0 com.smartisanos.launcher/.Launcher t5163}}} : isInClose = false , isVis = false , isInOpen = true, istop = true, sendToBottom = false, finishing = false, orient = 1
06-05 15:16:24.595  1248 11011 V WindowManager: App is requesting an orientation, return 1
06-05 15:16:24.598  1248 11011 V WindowManager: Eval win Window{5baada4 u0 com.smartisanos.launcher/com.smartisanos.launcher.Launcher}: isDrawn=false, isAnimationSet=true
06-05 15:16:24.598  1248 11011 V WindowManager: Not displayed: s=Surface(name=com.smartisanos.launcher/com.smartisanos.launcher.Launcher) pv=true mDrawState=DRAW_PENDING ph=false th=false a=false
06-05 15:16:24.605  1248  7868 I WindowManager: updateOrientation = com.android.server.wm.WindowManagerService.relayoutWindow:2574 com.android.server.wm.Session.relayout:244 android.view.IWindowSession$Stub.onTransact:286 com.android.server.wm.Session.onTransact:168 android.os.Binder.execTransact:813 <bottom of call stack> <bottom of call stack> <bottom of call stack> <bottom of call stack> <bottom of call stack> <bottom of call stack> <bottom of call stack> <bottom of call stack> <bottom of call stack> <bottom of call stack> <bottom of call stack> 
06-05 15:16:24.605  1248  7868 I WindowManager: getOrientation appwindow = AppWindowToken{5c147d1 token=Token{e471b86 ActivityRecord{c9f8461 u0 com.smartisanos.launcher/.Launcher t5163}}} : isInClose = false , isVis = false , isInOpen = true, istop = true, sendToBottom = false, finishing = false, orient = 1
06-05 15:16:24.606  1248  7868 V WindowManager: App is requesting an orientation, return 1
06-05 15:16:24.606   719   719 D         : SurfaceMonitor closed!
06-05 15:16:24.608  1248  7868 V WindowManager: Eval win Window{5baada4 u0 com.smartisanos.launcher/com.smartisanos.launcher.Launcher}: isDrawn=false, isAnimationSet=true
06-05 15:16:24.608  1248  7868 V WindowManager: Not displayed: s=Surface(name=com.smartisanos.launcher/com.smartisanos.launcher.Launcher) pv=true mDrawState=DRAW_PENDING ph=false th=false a=false
06-05 15:16:24.608   719   719 D         : SurfaceMonitor closed!
06-05 15:16:24.634  1721  2203 W Adreno-GSL: <ioctl_ion_cacheoperation:3605>: ioctl fd 64 code 0xc0104906 failed: errno 22 Invalid argument
06-05 15:16:24.688  1248  7868 V WindowManager: finishDrawingLocked: mDrawState=COMMIT_DRAW_PENDING Window{5baada4 u0 com.smartisanos.launcher/com.smartisanos.launcher.Launcher} in Surface(name=com.smartisanos.launcher/com.smartisanos.launcher.Launcher)
06-05 15:16:24.690  1248  1581 V WindowManager: Eval win Window{5baada4 u0 com.smartisanos.launcher/com.smartisanos.launcher.Launcher}: isDrawn=true, isAnimationSet=true
06-05 15:16:24.690  1248  1581 V WindowManager: tokenMayBeDrawn: AppWindowToken{5c147d1 token=Token{e471b86 ActivityRecord{c9f8461 u0 com.smartisanos.launcher/.Launcher t5163}}} w=Window{5baada4 u0 com.smartisanos.launcher/com.smartisanos.launcher.Launcher} numInteresting=1 freezingScreen=false mAppFreezing=false
06-05 15:16:24.690  1248  1581 V WindowManager: tokenMayBeDrawnExcludingSaved: AppWindowToken{5c147d1 token=Token{e471b86 ActivityRecord{c9f8461 u0 com.smartisanos.launcher/.Launcher t5163}}} w=Window{5baada4 u0 com.smartisanos.launcher/com.smartisanos.launcher.Launcher} numInteresting=1 freezingScreen=false mAppFreezing=false
06-05 15:16:24.690  1248  1581 V WindowManager: Resize reasons for w=Window{318e51e u0 com.android.systemui.ImageWallpaper}:  contentInsetsChanged=false [0,0][0,0] visibleInsetsChanged=true [0,0][0,0] stableInsetsChanged=false [0,60][0,0] outsetsChanged=false [0,0][0,0] surfaceResized=false configChanged=false dragResizingChanged=false resizedWhileNotDragResizingReported=true reportOrientationChanged=false
06-05 15:16:24.690  1248  1581 V WindowManager: Resizing window Window{318e51e u0 com.android.systemui.ImageWallpaper}
06-05 15:16:24.691  1248  1581 V WindowManager: Reporting new frame to Window{318e51e u0 com.android.systemui.ImageWallpaper}: Rect(0, 0 - 1080, 2160)
06-05 15:16:24.692  1248  1581 I WindowManager: updateOrientation = com.android.server.wm.DisplayContent.applySurfaceChangesTransaction:3085 com.android.server.wm.RootWindowContainer.applySurfaceChangesTransaction:1038 com.android.server.wm.RootWindowContainer.performSurfacePlacement:752 com.android.server.wm.WindowSurfacePlacer.performSurfacePlacementLoop:215 com.android.server.wm.WindowSurfacePlacer.performSurfacePlacement:164 com.android.server.wm.WindowSurfacePlacer.performSurfacePlacement:151 com.android.server.wm.WindowSurfacePlacer.lambda$-com_android_server_wm_WindowSurfacePlacer_5742:118 com.android.server.wm.-$Lambda$Gcx1KjSpk6tDGVL8gS5xoExwbWM.$m$10:4 com.android.server.wm.-$Lambda$Gcx1KjSpk6tDGVL8gS5xoExwbWM.run:51 android.os.Handler.handleCallback:790 android.os.Handler.dispatchMessage:99 android.os.Looper.loop:164 android.os.HandlerThread.run:65 com.android.server.ServiceThread.run:46 <bottom of call stack> <bottom of call stack> 
06-05 15:16:24.692  1248  1581 I WindowManager: getOrientation appwindow = AppWindowToken{5c147d1 token=Token{e471b86 ActivityRecord{c9f8461 u0 com.smartisanos.launcher/.Launcher t5163}}} : isInClose = false , isVis = true , isInOpen = false, istop = true, sendToBottom = false, finishing = false, orient = 1
06-05 15:16:24.692  1248  1581 V WindowManager: App is requesting an orientation, return 1
06-05 15:16:24.695  1248 11004 I WindowManager: updateOrientation = com.android.server.wm.WindowManagerService.relayoutWindow:2574 com.android.server.wm.Session.relayout:244 android.view.IWindowSession$Stub.onTransact:286 com.android.server.wm.Session.onTransact:168 android.os.Binder.execTransact:813 <bottom of call stack> <bottom of call stack> <bottom of call stack> <bottom of call stack> <bottom of call stack> <bottom of call stack> <bottom of call stack> <bottom of call stack> <bottom of call stack> <bottom of call stack> <bottom of call stack> 
06-05 15:16:24.696  1248 11004 I WindowManager: getOrientation appwindow = AppWindowToken{5c147d1 token=Token{e471b86 ActivityRecord{c9f8461 u0 com.smartisanos.launcher/.Launcher t5163}}} : isInClose = false , isVis = true , isInOpen = false, istop = true, sendToBottom = false, finishing = false, orient = 1
06-05 15:16:24.696  1248 11004 V WindowManager: App is requesting an orientation, return 1
06-05 15:16:24.700  1248  7868 I WindowManager: updateOrientation = com.android.server.wm.WindowManagerService.relayoutWindow:2574 com.android.server.wm.Session.relayout:244 android.view.IWindowSession$Stub.onTransact:286 com.android.server.wm.Session.onTransact:168 android.os.Binder.execTransact:813 <bottom of call stack> <bottom of call stack> <bottom of call stack> <bottom of call stack> <bottom of call stack> <bottom of call stack> <bottom of call stack> <bottom of call stack> <bottom of call stack> <bottom of call stack> <bottom of call stack> 
06-05 15:16:24.700  1248  7868 I WindowManager: getOrientation appwindow = AppWindowToken{5c147d1 token=Token{e471b86 ActivityRecord{c9f8461 u0 com.smartisanos.launcher/.Launcher t5163}}} : isInClose = false , isVis = true , isInOpen = false, istop = true, sendToBottom = false, finishing = false, orient = 1
06-05 15:16:24.700  1248  7868 V WindowManager: App is requesting an orientation, return 1
06-05 15:16:24.984  1248  1581 V WindowManager: Eval win Window{5baada4 u0 com.smartisanos.launcher/com.smartisanos.launcher.Launcher}: isDrawn=true, isAnimationSet=false
06-05 15:16:24.984  1248  1581 V WindowManager: tokenMayBeDrawn: AppWindowToken{5c147d1 token=Token{e471b86 ActivityRecord{c9f8461 u0 com.smartisanos.launcher/.Launcher t5163}}} w=Window{5baada4 u0 com.smartisanos.launcher/com.smartisanos.launcher.Launcher} numInteresting=1 freezingScreen=false mAppFreezing=false
06-05 15:16:24.984  1248  1581 V WindowManager: tokenMayBeDrawnExcludingSaved: AppWindowToken{5c147d1 token=Token{e471b86 ActivityRecord{c9f8461 u0 com.smartisanos.launcher/.Launcher t5163}}} w=Window{5baada4 u0 com.smartisanos.launcher/com.smartisanos.launcher.Launcher} numInteresting=1 freezingScreen=false mAppFreezing=false
06-05 15:16:25.152  1248 11011 I ActivityManager: START u0 {act=android.intent.action.MAIN cat=[android.intent.category.LAUNCHER] flg=0x10200000 cmp=com.hcz017.hellojni/.MainActivity (has extras)} from uid 10023
06-05 15:16:25.164  1248  1581 I WindowManager: createSurface WindowStateAnimator{4b5bb9c SnapshotStartingWindow for taskId=5270}: mDrawState=DRAW_PENDING
06-05 15:16:24.636  1721  2203 W Adreno-GSL: <ioctl_ion_cacheoperation:3605>: ioctl fd 64 code 0xc0104906 failed: errno 22 Invalid argument
06-05 15:16:25.164   719   719 D         : SurfaceMonitor closed!
06-05 15:16:25.164  2229  2250 D AMapControlService: onActivityPauseBackground com.smartisanos.launcher act:ComponentInfo{com.smartisanos.launcher/com.smartisanos.launcher.Launcher}
